Component: ARM Compiler 5.05 update 1 (build 106) Tool: armlink [4d0efa]

==============================================================================

Section Cross References

    startup_fm33le0xx.o(STACK) refers (Special) to heapauxi.o(.text) for __use_two_region_memory
    startup_fm33le0xx.o(HEAP) refers (Special) to heapauxi.o(.text) for __use_two_region_memory
    startup_fm33le0xx.o(RESET) refers (Special) to heapauxi.o(.text) for __use_two_region_memory
    startup_fm33le0xx.o(RESET) refers to startup_fm33le0xx.o(STACK) for __initial_sp
    startup_fm33le0xx.o(RESET) refers to startup_fm33le0xx.o(.text) for Reset_Handler
    startup_fm33le0xx.o(RESET) refers to debug.o(i.UART1_IRQHandler) for UART1_IRQHandler
    startup_fm33le0xx.o(RESET) refers to timer.o(i.GPTIM0_IRQHandler) for GPTIM0_IRQHandler
    startup_fm33le0xx.o(RESET) refers to timer.o(i.GPTIM1_IRQHandler) for GPTIM1_IRQHandler
    startup_fm33le0xx.o(.text) refers (Special) to heapauxi.o(.text) for __use_two_region_memory
    startup_fm33le0xx.o(.text) refers to system_fm33le0xx.o(i.SystemInit) for SystemInit
    startup_fm33le0xx.o(.text) refers to __main.o(!!!main) for __main
    startup_fm33le0xx.o(.text) refers to startup_fm33le0xx.o(HEAP) for Heap_Mem
    startup_fm33le0xx.o(.text) refers to startup_fm33le0xx.o(STACK) for Stack_Mem
    mf_config.o(i.MF_Button_Init) refers to fm33le0xx_fl_gpio.o(i.FL_GPIO_Init) for FL_GPIO_Init
    mf_config.o(i.MF_Config_Init) refers to mf_config.o(i.MF_Control_Init) for MF_Control_Init
    mf_config.o(i.MF_Config_Init) refers to mf_config.o(i.MF_Spi_Init) for MF_Spi_Init
    mf_config.o(i.MF_Config_Init) refers to mf_config.o(i.MF_Led_Init) for MF_Led_Init
    mf_config.o(i.MF_Config_Init) refers to mf_config.o(i.MF_Debug_Init) for MF_Debug_Init
    mf_config.o(i.MF_Config_Init) refers to mf_config.o(i.MF_Production_Init) for MF_Production_Init
    mf_config.o(i.MF_Config_Init) refers to mf_config.o(i.MF_Button_Init) for MF_Button_Init
    mf_config.o(i.MF_Config_Init) refers to mf_config.o(i.MF_I2C_Init) for MF_I2C_Init
    mf_config.o(i.MF_Config_Init) refers to mf_config.o(i.MF_GPTIM0_TimerBase_Init) for MF_GPTIM0_TimerBase_Init
    mf_config.o(i.MF_Config_Init) refers to mf_config.o(i.MF_GPTIM1_TimerBase_Init) for MF_GPTIM1_TimerBase_Init
    mf_config.o(i.MF_Config_Init) refers to mf_config.o(i.MF_NVIC_Init) for MF_NVIC_Init
    mf_config.o(i.MF_Config_Init) refers to timer.o(i.GPTIM_Start) for GPTIM_Start
    mf_config.o(i.MF_Control_Init) refers to fm33le0xx_fl_gpio.o(i.FL_GPIO_Init) for FL_GPIO_Init
    mf_config.o(i.MF_Debug_Init) refers to mf_config.o(i.MF_UART1_Init) for MF_UART1_Init
    mf_config.o(i.MF_FOUT0_Init) refers to fm33le0xx_fl_gpio.o(i.FL_GPIO_Init) for FL_GPIO_Init
    mf_config.o(i.MF_GPTIM0_TimerBase_Init) refers to fm33le0xx_fl_gptim.o(i.FL_GPTIM_Init) for FL_GPTIM_Init
    mf_config.o(i.MF_GPTIM1_TimerBase_Init) refers to fm33le0xx_fl_gptim.o(i.FL_GPTIM_Init) for FL_GPTIM_Init
    mf_config.o(i.MF_I2C_Init) refers to fm33le0xx_fl_gpio.o(i.FL_GPIO_Init) for FL_GPIO_Init
    mf_config.o(i.MF_I2C_Init) refers to fm33le0xx_fl_i2c.o(i.FL_I2C_MasterMode_Init) for FL_I2C_MasterMode_Init
    mf_config.o(i.MF_Led_Init) refers to fm33le0xx_fl_gpio.o(i.FL_GPIO_Init) for FL_GPIO_Init
    mf_config.o(i.MF_NVIC_Init) refers to fm33le0xx_fl.o(i.FL_NVIC_Init) for FL_NVIC_Init
    mf_config.o(i.MF_Production_Init) refers to fm33le0xx_fl_gpio.o(i.FL_GPIO_Init) for FL_GPIO_Init
    mf_config.o(i.MF_Spi_Init) refers to fm33le0xx_fl_gpio.o(i.FL_GPIO_Init) for FL_GPIO_Init
    mf_config.o(i.MF_Spi_Init) refers to fm33le0xx_fl_spi.o(i.FL_SPI_Init) for FL_SPI_Init
    mf_config.o(i.MF_SystemClock_Config) refers to mf_config.o(i.SelXTHFToPLL) for SelXTHFToPLL
    mf_config.o(i.MF_UART1_Init) refers to fm33le0xx_fl_gpio.o(i.FL_GPIO_Init) for FL_GPIO_Init
    mf_config.o(i.MF_UART1_Init) refers to fm33le0xx_fl_uart.o(i.FL_UART_Init) for FL_UART_Init
    mf_config.o(i.SelXTHFToPLL) refers to mf_config.o(i.XTHFInit) for XTHFInit
    mf_config.o(i.SelXTHFToPLL) refers to mf_config.o(i.RCC_PLL_ConfigDomain_SYS) for RCC_PLL_ConfigDomain_SYS
    mf_config.o(i.SelXTHFToPLL) refers to system_fm33le0xx.o(i.SystemCoreClockUpdate) for SystemCoreClockUpdate
    mf_config.o(i.XTHFInit) refers to fm33le0xx_fl_gpio.o(i.FL_GPIO_Init) for FL_GPIO_Init
    main.o(i.Debug_dispaly_init) refers to debug.o(i.dbg_array_buffer) for dbg_array_buffer
    main.o(i.Debug_dispaly_init) refers to debug.o(i.dbg_printf) for dbg_printf
    main.o(i.Debug_dispaly_init) refers to debug.o(.data) for uoc_loglevel
    main.o(i.Debug_dispaly_init) refers to main.o(.constdata) for .constdata
    main.o(i.Display_init) refers to i2c.o(i.I2C_Display) for I2C_Display
    main.o(i.Display_init) refers to main.o(.data) for .data
    main.o(i.Spi_data_init) refers to spi.o(i.SPI_Mode_init) for SPI_Mode_init
    main.o(i.Spi_data_init) refers to spi.o(i.SPI_Check) for SPI_Check
[...]
    PendSV_Handler                           0x00000283   Thumb Code     2  startup_fm33le0xx.o(.text)
    SysTick_Handler                          0x00000285   Thumb Code     2  startup_fm33le0xx.o(.text)
    ADC_IRQHandler                           0x00000287   Thumb Code     0  startup_fm33le0xx.o(.text)
    AES_IRQHandler                           0x00000287   Thumb Code     0  startup_fm33le0xx.o(.text)
    ATIM_IRQHandler                          0x00000287   Thumb Code     0  startup_fm33le0xx.o(.text)
    BSTIM_IRQHandler                         0x00000287   Thumb Code     0  startup_fm33le0xx.o(.text)
    COMPx_IRQHandler                         0x00000287   Thumb Code     0  startup_fm33le0xx.o(.text)
    DMA_IRQHandler                           0x00000287   Thumb Code     0  startup_fm33le0xx.o(.text)
    FLASH_IRQHandler                         0x00000287   Thumb Code     0  startup_fm33le0xx.o(.text)
    GPIO_IRQHandler                          0x00000287   Thumb Code     0  startup_fm33le0xx.o(.text)
    HFDET_IRQHandler                         0x00000287   Thumb Code     0  startup_fm33le0xx.o(.text)
    I2CSMB_IRQHandler                        0x00000287   Thumb Code     0  startup_fm33le0xx.o(.text)
    I2C_IRQHandler                           0x00000287   Thumb Code     0  startup_fm33le0xx.o(.text)
    IWDT_IRQHandler                          0x00000287   Thumb Code     0  startup_fm33le0xx.o(.text)
    LCD_IRQHandler                           0x00000287   Thumb Code     0  startup_fm33le0xx.o(.text)
    LFDET_IRQHandler                         0x00000287   Thumb Code     0  startup_fm33le0xx.o(.text)
    LPTIM_IRQHandler                         0x00000287   Thumb Code     0  startup_fm33le0xx.o(.text)
    LPUART0_IRQHandler                       0x00000287   Thumb Code     0  startup_fm33le0xx.o(.text)
    LPUART1_IRQHandler                       0x00000287   Thumb Code     0  startup_fm33le0xx.o(.text)
    RTC_IRQHandler                           0x00000287   Thumb Code     0  startup_fm33le0xx.o(.text)
    SPI1_IRQHandler                          0x00000287   Thumb Code     0  startup_fm33le0xx.o(.text)
    SPI2_IRQHandler                          0x00000287   Thumb Code     0  startup_fm33le0xx.o(.text)
    SVD_IRQHandler                           0x00000287   Thumb Code     0  startup_fm33le0xx.o(.text)
    U7816_IRQHandler                         0x00000287   Thumb Code     0  startup_fm33le0xx.o(.text)
    UART0_IRQHandler                         0x00000287   Thumb Code     0  startup_fm33le0xx.o(.text)
    UART2_IRQHandler                         0x00000287   Thumb Code     0  startup_fm33le0xx.o(.text)
    UART4_IRQHandler                         0x00000287   Thumb Code     0  startup_fm33le0xx.o(.text)
    UART5_IRQHandler                         0x00000287   Thumb Code     0  startup_fm33le0xx.o(.text)
    VREF_IRQHandler                          0x00000287   Thumb Code     0  startup_fm33le0xx.o(.text)
    WKUP_IRQHandler                          0x00000287   Thumb Code     0  startup_fm33le0xx.o(.text)
    WWDT_IRQHandler                          0x00000287   Thumb Code     0  startup_fm33le0xx.o(.text)
    __user_initial_stackheap                 0x00000289   Thumb Code     0  startup_fm33le0xx.o(.text)
    _vsnprintf                               0x000002ad   Thumb Code    50  _vsnprintf.o(.text)
    memcmp                                   0x000002e5   Thumb Code    90  memcmp.o(.text)
    __aeabi_memcpy                           0x0000033f   Thumb Code   130  rt_memcpy.o(.text)
    __rt_memcpy                              0x0000033f   Thumb Code     0  rt_memcpy.o(.text)
    _memset_w                                0x000003c1   Thumb Code    26  rt_memclr.o(.text)
    _memset                                  0x000003db   Thumb Code    30  rt_memclr.o(.text)
    __aeabi_memclr                           0x000003f9   Thumb Code     4  rt_memclr.o(.text)
    __rt_memclr                              0x000003f9   Thumb Code     0  rt_memclr.o(.text)
    __aeabi_memclr4                          0x000003fd   Thumb Code     0  rt_memclr.o(.text)
    __aeabi_memclr8                          0x000003fd   Thumb Code     0  rt_memclr.o(.text)
    __rt_memclr_w                            0x000003fd   Thumb Code     4  rt_memclr.o(.text)
    __aeabi_uidiv                            0x00000401   Thumb Code     0  aeabi_sdiv.o(.text)
    __aeabi_uidivmod                         0x00000401   Thumb Code    20  aeabi_sdiv.o(.text)
    __aeabi_idiv                             0x00000415   Thumb Code     0  aeabi_sdiv.o(.text)
    __aeabi_idivmod                          0x00000415   Thumb Code   326  aeabi_sdiv.o(.text)
    __use_two_region_memory                  0x0000055b   Thumb Code     2  heapauxi.o(.text)
    __rt_heap_escrow$2region                 0x0000055d   Thumb Code     2  heapauxi.o(.text)
    __rt_heap_expand$2region                 0x0000055f   Thumb Code     2  heapauxi.o(.text)
    __aeabi_d2f                              0x00000561   Thumb Code     0  d2f.o(.text)
    _d2f                                     0x00000561   Thumb Code   120  d2f.o(.text)
    __aeabi_dadd                             0x000008d5   Thumb Code     0  daddsub.o(.text)
    _dadd                                    0x000008d5   Thumb Code    26  daddsub.o(.text)
    __aeabi_dsub                             0x000008ef   Thumb Code     0  daddsub.o(.text)
    _dsub                                    0x000008ef   Thumb Code    22  daddsub.o(.text)
    __aeabi_drsub                            0x00000905   Thumb Code     0  daddsub.o(.text)
    _drsb                                    0x00000905   Thumb Code    28  daddsub.o(.text)
    __aeabi_ddiv                             0x00000935   Thumb Code     0  ddiv.o(.text)
    _ddiv                                    0x00000935   Thumb Code  1072  ddiv.o(.text)
    _drdiv                                   0x00000d65   Thumb Code    20  ddiv.o(.text)
    __aeabi_d2iz                             0x00000d7d   Thumb Code     0  dfixi.o(.text)
    _dfix                                    0x00000d7d   Thumb Code    98  dfixi.o(.text)
    __aeabi_d2uiz                            0x00000de9   Thumb Code     0  dfixui.o(.text)
    _dfixu                                   0x00000de9   Thumb Code    68  dfixui.o(.text)
    __aeabi_i2d_normalise                    0x00000e31   Thumb Code    66  dflti.o(.text)
    __aeabi_i2d                              0x00000e73   Thumb Code    16  dflti.o(.text)
    _dflt                                    0x00000e73   Thumb Code     0  dflti.o(.text)
    __aeabi_ui2d                             0x00000e83   Thumb Code     6  dflti.o(.text)
    _dfltu                                   0x00000e83   Thumb Code     0  dflti.o(.text)
    __aeabi_dmul                             0x00000e89   Thumb Code     0  dmul.o(.text)
    _dmul                                    0x00000e89   Thumb Code   558  dmul.o(.text)
    __ARM_scalbn                             0x000010d1   Thumb Code    84  dscalbn.o(.text)
    __aeabi_f2d                              0x00001131   Thumb Code     0  f2d.o(.text)
    _f2d                                     0x00001131   Thumb Code    80  f2d.o(.text)
    __aeabi_f2iz                             0x00001185   Thumb Code     0  ffixi.o(.text)
    _ffix                                    0x00001185   Thumb Code    76  ffixi.o(.text)
    __aeabi_i2f_normalise                    0x000011d1   Thumb Code    72  fflti.o(.text)
    __aeabi_i2f                              0x00001219   Thumb Code    16  fflti.o(.text)
    _fflt                                    0x00001219   Thumb Code     0  fflti.o(.text)
    __aeabi_ui2f                             0x00001229   Thumb Code     6  fflti.o(.text)
    _ffltu                                   0x00001229   Thumb Code     0  fflti.o(.text)
    _printf_pre_padding                      0x0000122f   Thumb Code    44  _printf_pad.o(.text)
    _printf_post_padding                     0x0000125b   Thumb Code    34  _printf_pad.o(.text)
    _printf_truncate_signed                  0x0000127d   Thumb Code    18  _printf_truncate.o(.text)
    _printf_truncate_unsigned                0x0000128f   Thumb Code    18  _printf_truncate.o(.text)
    _printf_str                              0x000012a1   Thumb Code    82  _printf_str.o(.text)
    _printf_int_dec                          0x000012f5   Thumb Code    90  _printf_dec.o(.text)
    _printf_charcount                        0x00001361   Thumb Code    38  _printf_charcount.o(.text)
    _printf_char_common                      0x00001393   Thumb Code    32  _printf_char_common.o(.text)
    _sputc                                   0x000013b9   Thumb Code    10  _sputc.o(.text)
    _snputc                                  0x000013c3   Thumb Code    16  _snputc.o(.text)
    _printf_wctomb                           0x000013d5   Thumb Code   182  _printf_wctomb.o(.text)
    _printf_longlong_dec                     0x00001491   Thumb Code    94  _printf_longlong_dec.o(.text)
    _printf_longlong_oct                     0x00001501   Thumb Code    68  _printf_oct_int_ll.o(.text)
    _printf_int_oct                          0x00001545   Thumb Code    24  _printf_oct_int_ll.o(.text)
    _printf_ll_oct                           0x0000155d   Thumb Code    10  _printf_oct_int_ll.o(.text)
    _printf_longlong_hex                     0x00001571   Thumb Code    88  _printf_hex_int_ll_ptr.o(.text)
    _printf_int_hex                          0x000015c9   Thumb Code    28  _printf_hex_int_ll_ptr.o(.text)
    _printf_ll_hex                           0x000015e5   Thumb Code    10  _printf_hex_int_ll_ptr.o(.text)
    _printf_hex_ptr                          0x000015ef   Thumb Code    22  _printf_hex_int_ll_ptr.o(.text)
    __printf                                 0x00001609   Thumb Code   386  __printf_flags_ss_wp.o(.text)
    __fpl_dcmp_InfNaN                        0x00001791   Thumb Code   140  dcmpin.o(.text)
    __fpl_fcmp_InfNaN                        0x00001821   Thumb Code    96  fcmpin.o(.text)
    _ll_udiv10                               0x00001885   Thumb Code   122  lludiv10.o(.text)
    _printf_int_common                       0x000018ff   Thumb Code   176  _printf_intcommon.o(.text)
    _printf_cs_common                        0x000019af   Thumb Code    22  _printf_char.o(.text)
    _printf_char                             0x000019c5   Thumb Code    16  _printf_char.o(.text)
    _printf_string                           0x000019d5   Thumb Code     8  _printf_char.o(.text)
    _printf_lcs_common                       0x000019dd   Thumb Code    22  _printf_wchar.o(.text)
    _printf_wchar                            0x000019f3   Thumb Code    16  _printf_wchar.o(.text)
    _printf_wstring                          0x00001a03   Thumb Code     8  _printf_wchar.o(.text)
    _wcrtomb                                 0x00001a0b   Thumb Code    64  _wcrtomb.o(.text)
    __rt_udiv10                              0x00001a4b   Thumb Code    40  rtudiv10.o(.text)
    __fpl_cmpreturn                          0x00001a75   Thumb Code    44  cmpret.o(.text)
    __fpl_dcheck_NaN2                        0x00001aa5   Thumb Code    14  dnan2.o(.text)
    __fpl_fcheck_NaN2                        0x00001ab9   Thumb Code    10  fnan2.o(.text)
    __user_setup_stackheap                   0x00001ac9   Thumb Code    62  sys_stackheap_outer.o(.text)
    __rt_ctype_table                         0x00001b09   Thumb Code    16  rt_ctype_table.o(.text)
    exit                                     0x00001b19   Thumb Code    12  exit.o(.text)
    __fpl_return_NaN                         0x00001b25   Thumb Code    94  retnan.o(.text)
    __user_libspace                          0x00001b85   Thumb Code     8  libspace.o(.text)
    __user_perproc_libspace                  0x00001b85   Thumb Code     0  libspace.o(.text)
    __user_perthread_libspace                0x00001b85   Thumb Code     0  libspace.o(.text)
    __rt_locale                              0x00001b8d   Thumb Code     8  rt_locale_intlibspace.o(.text)
    _sys_exit                                0x00001b95   Thumb Code     8  sys_exit.o(.text)
    strcmp                                   0x00001ba1   Thumb Code   132  strcmp.o(.text)
    __I$use$semihosting                      0x00001c29   Thumb Code     0  use_no_semi.o(.text)
    __use_no_semihosting_swi                 0x00001c29   Thumb Code     2  use_no_semi.o(.text)
    __decompress                             0x00001c2b   Thumb Code     0  __dczerorl2.o(.text)
    __decompress1                            0x00001c2b   Thumb Code    86  __dczerorl2.o(.text)
    __semihosting_library_function           0x00001c2b   Thumb Code     0  indicate_semi.o(.text)
    Control_DI7_DI14_Function                0x00001c81   Thumb Code  1340  system_control.o(i.Control_DI7_DI14_Function)
    Control_High_Speed_Fan                   0x000021c9   Thumb Code   260  system_control.o(i.Control_High_Speed_Fan)
    Control_Ordinary_Fan                     0x000022dd   Thumb Code   268  system_control.o(i.Control_Ordinary_Fan)
    Control_R03R04R05R06_Function            0x000023f9   Thumb Code   148  system_control.o(i.Control_R03R04R05R06_Function)
    Debug_Display                            0x00002491   Thumb Code   316  debug.o(i.Debug_Display)
    Debug_dispaly_init                       0x00002745   Thumb Code    76  main.o(i.Debug_dispaly_init)
    Delay1Ms                                 0x000027c9   Thumb Code    14  timer.o(i.Delay1Ms)
    Display_init                             0x000027dd   Thumb Code    56  main.o(i.Display_init)
    FL_DMA_Init                              0x00002835   Thumb Code   374  fm33le0xx_fl_dma.o(i.FL_DMA_Init)
    FL_DelayInit                             0x000029fd   Thumb Code    20  fm33le0xx_fl.o(i.FL_DelayInit)
    FL_FLASH_PageErase                       0x00002a39   Thumb Code   196  fm33le0xx_fl_flash.o(i.FL_FLASH_PageErase)
    FL_FLASH_Read_Dma                        0x00002b15   Thumb Code   160  fm33le0xx_fl_flash.o(i.FL_FLASH_Read_Dma)
    FL_FLASH_Write_Dma                       0x00002bc5   Thumb Code   246  fm33le0xx_fl_flash.o(i.FL_FLASH_Write_Dma)
    FL_GPIO_Init                             0x00002d0d   Thumb Code   274  fm33le0xx_fl_gpio.o(i.FL_GPIO_Init)
    FL_GPTIM_Init                            0x00002e41   Thumb Code   222  fm33le0xx_fl_gptim.o(i.FL_GPTIM_Init)
    FL_I2C_MasterMode_Init                   0x00002f29   Thumb Code   214  fm33le0xx_fl_i2c.o(i.FL_I2C_MasterMode_Init)
    FL_Init                                  0x00003015   Thumb Code    26  fm33le0xx_fl.o(i.FL_Init)
    FL_NVIC_Init                             0x00003035   Thumb Code   106  fm33le0xx_fl.o(i.FL_NVIC_Init)
    FL_RCC_GetAHBClockFreq                   0x0000310d   Thumb Code    92  fm33le0xx_fl_rcc.o(i.FL_RCC_GetAHBClockFreq)
    FL_RCC_GetAPB1ClockFreq                  0x0000316d   Thumb Code    92  fm33le0xx_fl_rcc.o(i.FL_RCC_GetAPB1ClockFreq)
    FL_RCC_GetAPB2ClockFreq                  0x000031cd   Thumb Code    92  fm33le0xx_fl_rcc.o(i.FL_RCC_GetAPB2ClockFreq)
    FL_RCC_GetPLLClockFreq                   0x0000322d   Thumb Code   112  fm33le0xx_fl_rcc.o(i.FL_RCC_GetPLLClockFreq)
    FL_RCC_GetRCHFClockFreq                  0x000032a5   Thumb Code    36  fm33le0xx_fl_rcc.o(i.FL_RCC_GetRCHFClockFreq)
    FL_RCC_GetRCMFClockFreq                  0x000032d9   Thumb Code    44  fm33le0xx_fl_rcc.o(i.FL_RCC_GetRCMFClockFreq)
    FL_RCC_GetSystemClockFreq                0x00003315   Thumb Code    68  fm33le0xx_fl_rcc.o(i.FL_RCC_GetSystemClockFreq)
    FL_SPI_Init                              0x00003365   Thumb Code   278  fm33le0xx_fl_spi.o(i.FL_SPI_Init)
    FL_UART_Init                             0x00003495   Thumb Code   584  fm33le0xx_fl_uart.o(i.FL_UART_Init)
    GPTIM0_IRQHandler                        0x000036f5   Thumb Code    36  timer.o(i.GPTIM0_IRQHandler)
    GPTIM1_IRQHandler                        0x00003721   Thumb Code   134  timer.o(i.GPTIM1_IRQHandler)
    GPTIM_Start                              0x000037b9   Thumb Code    20  timer.o(i.GPTIM_Start)
    I2C_Display                              0x000037d5   Thumb Code    48  i2c.o(i.I2C_Display)
    I2C_Display_Err                          0x00003809   Thumb Code   134  i2c.o(i.I2C_Display_Err)
    I2C_Send_Bit                             0x00003895   Thumb Code   102  i2c.o(i.I2C_Send_Bit)
    I2C_Send_Byte                            0x00003905   Thumb Code    48  i2c.o(i.I2C_Send_Byte)
    I2C_Write_Display                        0x00003939   Thumb Code    96  i2c.o(i.I2C_Write_Display)
    Input_Detection                          0x00003999   Thumb Code    40  system_control.o(i.Input_Detection)
    Input_Function_Cycle                     0x000039c5   Thumb Code    62  system_control.o(i.Input_Function_Cycle)
    Join_Production_Test                     0x00003a09   Thumb Code   102  production_test.o(i.Join_Production_Test)
    Key_press                                0x00003a79   Thumb Code   260  button_function.o(i.Key_press)
    Key_release                              0x00003b85   Thumb Code   248  button_function.o(i.Key_release)
    Key_timemout_deal                        0x00003c85   Thumb Code    36  button_function.o(i.Key_timemout_deal)
    MF_Button_Init                           0x00003cad   Thumb Code    34  mf_config.o(i.MF_Button_Init)
    MF_Clock_Init                            0x00003cd5   Thumb Code    30  mf_config.o(i.MF_Clock_Init)
    MF_Config_Init                           0x00003cfd   Thumb Code    62  mf_config.o(i.MF_Config_Init)
    MF_Control_Init                          0x00003d41   Thumb Code   188  mf_config.o(i.MF_Control_Init)
    MF_Debug_Init                            0x00003e0d   Thumb Code     8  mf_config.o(i.MF_Debug_Init)
    MF_GPTIM0_TimerBase_Init                 0x00003e15   Thumb Code    46  mf_config.o(i.MF_GPTIM0_TimerBase_Init)
    MF_GPTIM1_TimerBase_Init                 0x00003e49   Thumb Code    44  mf_config.o(i.MF_GPTIM1_TimerBase_Init)
    MF_I2C_Init                              0x00003e7d   Thumb Code    72  mf_config.o(i.MF_I2C_Init)
    MF_Led_Init                              0x00003ed1   Thumb Code    58  mf_config.o(i.MF_Led_Init)
    MF_NVIC_Init                             0x00003f11   Thumb Code    38  mf_config.o(i.MF_NVIC_Init)
    MF_Production_Init                       0x00003f39   Thumb Code    34  mf_config.o(i.MF_Production_Init)
    MF_Spi_Init                              0x00003f61   Thumb Code    68  mf_config.o(i.MF_Spi_Init)
    MF_SysTemRest                            0x00003fad   Thumb Code    18  mf_config.o(i.MF_SysTemRest)
    MF_SystemClock_Config                    0x00003fc9   Thumb Code    10  mf_config.o(i.MF_SystemClock_Config)
    MF_UART1_Init                            0x00003fd5   Thumb Code    86  mf_config.o(i.MF_UART1_Init)
    MemCmp                                   0x00004035   Thumb Code    30  debug.o(i.MemCmp)
    MemCpy                                   0x00004053   Thumb Code    22  debug.o(i.MemCpy)
    MemSet                                   0x00004069   Thumb Code    20  debug.o(i.MemSet)
    Output_Control                           0x0000407d   Thumb Code    44  system_control.o(i.Output_Control)
    Production_Test_Key_press                0x000040ad   Thumb Code   258  production_test.o(i.Production_Test_Key_press)
    Production_Test_Key_release              0x000041bd   Thumb Code   248  production_test.o(i.Production_Test_Key_release)
    Production_Test_Key_timemout_deal        0x000042bd   Thumb Code    36  production_test.o(i.Production_Test_Key_timemout_deal)
    RCC_PLL_ConfigDomain_SYS                 0x000042e5   Thumb Code    24  mf_config.o(i.RCC_PLL_ConfigDomain_SYS)
    SPI_Check                                0x00004305   Thumb Code   182  spi.o(i.SPI_Check)
    SPI_Mode_init                            0x00004429   Thumb Code    36  spi.o(i.SPI_Mode_init)
    SPI_ReadWrite                            0x0000445d   Thumb Code    52  spi.o(i.SPI_ReadWrite)
    SPI_Read_Cmd                             0x00004495   Thumb Code    42  spi.o(i.SPI_Read_Cmd)
    SPI_Read_data                            0x000044c5   Thumb Code    18  spi.o(i.SPI_Read_data)
    SelXTHFToPLL                             0x000044d9   Thumb Code   154  mf_config.o(i.SelXTHFToPLL)
    SendBuf                                  0x0000457d   Thumb Code    28  debug.o(i.SendBuf)
    SendOneByte                              0x00004599   Thumb Code    30  debug.o(i.SendOneByte)
    Sendaddr_Display                         0x000045b7   Thumb Code    36  i2c.o(i.Sendaddr_Display)
    Show_Param_info                          0x000045dd   Thumb Code  1506  debug.o(i.Show_Param_info)
    Smoke_Check_Function_Cycle               0x00004ccd   Thumb Code   242  system_control.o(i.Smoke_Check_Function_Cycle)
    Spi_data_init                            0x00004dd1   Thumb Code    44  main.o(i.Spi_data_init)
    SystemCoreClockUpdate                    0x00004e1d   Thumb Code   136  system_fm33le0xx.o(i.SystemCoreClockUpdate)
    SystemInit                               0x00004ec9   Thumb Code   194  system_fm33le0xx.o(i.SystemInit)
    System_Funtion                           0x0000503d   Thumb Code    24  button_function.o(i.System_Funtion)
    TEST_UOC_DI0_FUNC                        0x00005055   Thumb Code   100  production_test.o(i.TEST_UOC_DI0_FUNC)
    TEST_UOC_DI10_FUNC                       0x000050c5   Thumb Code   100  production_test.o(i.TEST_UOC_DI10_FUNC)
    TEST_UOC_DI11_FUNC                       0x00005135   Thumb Code   100  production_test.o(i.TEST_UOC_DI11_FUNC)
    TEST_UOC_DI12_FUNC                       0x000051a5   Thumb Code   100  production_test.o(i.TEST_UOC_DI12_FUNC)
    TEST_UOC_DI13_FUNC                       0x00005215   Thumb Code   104  production_test.o(i.TEST_UOC_DI13_FUNC)
    TEST_UOC_DI14_FUNC                       0x00005289   Thumb Code   100  production_test.o(i.TEST_UOC_DI14_FUNC)
    TEST_UOC_DI1_FUNC                        0x000052f9   Thumb Code   100  production_test.o(i.TEST_UOC_DI1_FUNC)
    TEST_UOC_DI2_FUNC                        0x00005369   Thumb Code   104  production_test.o(i.TEST_UOC_DI2_FUNC)
    TEST_UOC_DI3_FUNC                        0x000053dd   Thumb Code   104  production_test.o(i.TEST_UOC_DI3_FUNC)
    TEST_UOC_DI4_FUNC                        0x00005451   Thumb Code   104  production_test.o(i.TEST_UOC_DI4_FUNC)
    TEST_UOC_DI5_FUNC                        0x000054c5   Thumb Code   100  production_test.o(i.TEST_UOC_DI5_FUNC)
    TEST_UOC_DI6_FUNC                        0x00005535   Thumb Code   100  production_test.o(i.TEST_UOC_DI6_FUNC)
    TEST_UOC_DI7_FUNC                        0x000055a5   Thumb Code   100  production_test.o(i.TEST_UOC_DI7_FUNC)
    TEST_UOC_DI8_FUNC                        0x00005615   Thumb Code   100  production_test.o(i.TEST_UOC_DI8_FUNC)
    TEST_UOC_DI9_FUNC                        0x00005685   Thumb Code   100  production_test.o(i.TEST_UOC_DI9_FUNC)
    UART1_IRQHandler                         0x000056f5   Thumb Code   110  debug.o(i.UART1_IRQHandler)
    UART_RxFlag                              0x00005771   Thumb Code   204  debug.o(i.UART_RxFlag)
    UART_RxGet                               0x00005845   Thumb Code   216  debug.o(i.UART_RxGet)
    UOC_DI0_FUNC                             0x00005921   Thumb Code   184  system_control.o(i.UOC_DI0_FUNC)
    UOC_DI10_FUNC                            0x00005a15   Thumb Code   274  system_control.o(i.UOC_DI10_FUNC)
    UOC_DI11_FUNC                            0x00005b39   Thumb Code   274  system_control.o(i.UOC_DI11_FUNC)
    UOC_DI12_FUNC                            0x00005c5d   Thumb Code   274  system_control.o(i.UOC_DI12_FUNC)
    UOC_DI13_FUNC                            0x00005d81   Thumb Code   280  system_control.o(i.UOC_DI13_FUNC)
    UOC_DI14_FUNC                            0x00005ea9   Thumb Code   282  system_control.o(i.UOC_DI14_FUNC)
    UOC_DI1_FUNC                             0x00005fd5   Thumb Code   210  system_control.o(i.UOC_DI1_FUNC)
    UOC_DI2_FUNC                             0x000060e5   Thumb Code   178  system_control.o(i.UOC_DI2_FUNC)
    UOC_DI3_FUNC                             0x000061ed   Thumb Code   226  system_control.o(i.UOC_DI3_FUNC)
    UOC_DI4_FUNC                             0x00006335   Thumb Code   314  system_control.o(i.UOC_DI4_FUNC)
    UOC_DI5_FUNC                             0x000064e5   Thumb Code   168  system_control.o(i.UOC_DI5_FUNC)
    UOC_DI6_FUNC                             0x000065cd   Thumb Code   138  system_control.o(i.UOC_DI6_FUNC)
    UOC_DI7_FUNC                             0x0000666d   Thumb Code   276  system_control.o(i.UOC_DI7_FUNC)
    UOC_DI8_FUNC                             0x0000678d   Thumb Code   274  system_control.o(i.UOC_DI8_FUNC)
    UOC_DI9_FUNC                             0x000068b1   Thumb Code   274  system_control.o(i.UOC_DI9_FUNC)
    UOC_DI_timemout_deal                     0x000069d5   Thumb Code   440  system_control.o(i.UOC_DI_timemout_deal)
    UOC_FN_Exit_Menu                         0x00006c19   Thumb Code    98  button_function.o(i.UOC_FN_Exit_Menu)
    UOC_FN_Menu                              0x00006c81   Thumb Code   172  button_function.o(i.UOC_FN_Menu)
    UOC_FanType_control                      0x00006d35   Thumb Code    22  button_function.o(i.UOC_FanType_control)
    UOC_Fan_Static_Clean                     0x00006d55   Thumb Code    32  main.o(i.UOC_Fan_Static_Clean)
    UOC_Input_Res                            0x00006d79   Thumb Code    54  main.o(i.UOC_Input_Res)
    UOC_Parameter_Offset_Display             0x00006db5   Thumb Code    66  button_function.o(i.UOC_Parameter_Offset_Display)
    UOC_Parameter_State                      0x00006df9   Thumb Code   102  button_function.o(i.UOC_Parameter_State)
    UOC_Parameter_func                       0x00006e6d   Thumb Code  1470  button_function.o(i.UOC_Parameter_func)
    UOC_Spi_Check_Para                       0x00007431   Thumb Code    16  spi.o(i.UOC_Spi_Check_Para)
    UOC_Spi_Display_Para                     0x00007441   Thumb Code   842  spi.o(i.UOC_Spi_Display_Para)
    UOC_Spi_Error_E00                        0x0000779d   Thumb Code   208  spi.o(i.UOC_Spi_Error_E00)
    UOC_Spi_Error_E01                        0x00007889   Thumb Code   206  spi.o(i.UOC_Spi_Error_E01)
    UOC_Spi_Error_E02                        0x00007975   Thumb Code   520  spi.o(i.UOC_Spi_Error_E02)
    UOC_Spi_Error_E03                        0x00007c9d   Thumb Code   352  spi.o(i.UOC_Spi_Error_E03)
    UOC_Spi_Error_E04                        0x00007e5d   Thumb Code   222  spi.o(i.UOC_Spi_Error_E04)
    UOC_Spi_Error_E05                        0x00007f5d   Thumb Code   152  spi.o(i.UOC_Spi_Error_E05)
    UOC_Spi_Error_E06                        0x0000800d   Thumb Code   182  spi.o(i.UOC_Spi_Error_E06)
    UOC_Spi_Error_E07                        0x000080dd   Thumb Code     2  spi.o(i.UOC_Spi_Error_E07)
    UOC_Spi_Error_E08                        0x000080df   Thumb Code     2  spi.o(i.UOC_Spi_Error_E08)
    UOC_Spi_Error_E09                        0x000080e1   Thumb Code   204  spi.o(i.UOC_Spi_Error_E09)
    UOC_Spi_Error_E10                        0x000081d5   Thumb Code   106  spi.o(i.UOC_Spi_Error_E10)
    UOC_Spi_Error_E11                        0x00008255   Thumb Code     2  spi.o(i.UOC_Spi_Error_E11)
    UOC_Spi_Error_E12                        0x00008257   Thumb Code     2  spi.o(i.UOC_Spi_Error_E12)
    UOC_Spi_Error_Para                       0x00008259   Thumb Code    84  spi.o(i.UOC_Spi_Error_Para)
    UOC_Spi_Read_Para                        0x000082b5   Thumb Code   684  spi.o(i.UOC_Spi_Read_Para)
    UOC_Status_Output                        0x00008591   Thumb Code    96  system_control.o(i.UOC_Status_Output)
    UOC_Sys_Param_init                       0x000085f9   Thumb Code   118  main.o(i.UOC_Sys_Param_init)
    UOC_Trip_Fan                             0x000086d1   Thumb Code    90  system_control.o(i.UOC_Trip_Fan)
    UOC_Vol_check                            0x00008731   Thumb Code    62  spi.o(i.UOC_Vol_check)
    UOC_paremeter_Display                    0x00008779   Thumb Code   114  button_function.o(i.UOC_paremeter_Display)
    UOC_paremeter_ERR_FUNC                   0x000087f1   Thumb Code   438  button_function.o(i.UOC_paremeter_ERR_FUNC)
    UOC_paremeter_F00_FUNC                   0x000089bd   Thumb Code    82  button_function.o(i.UOC_paremeter_F00_FUNC)
    UOC_paremeter_F01_FUNC                   0x00008a19   Thumb Code   146  button_function.o(i.UOC_paremeter_F01_FUNC)
    UOC_paremeter_F02_FUNC                   0x00008ab5   Thumb Code   146  button_function.o(i.UOC_paremeter_F02_FUNC)
    UOC_paremeter_F03_FUNC                   0x00008b51   Thumb Code   194  button_function.o(i.UOC_paremeter_F03_FUNC)
    UOC_paremeter_F04_FUNC                   0x00008c21   Thumb Code   148  button_function.o(i.UOC_paremeter_F04_FUNC)
    UOC_paremeter_F05_FUNC                   0x00008cbd   Thumb Code   126  button_function.o(i.UOC_paremeter_F05_FUNC)
    UOC_paremeter_F06_FUNC                   0x00008d45   Thumb Code   136  button_function.o(i.UOC_paremeter_F06_FUNC)
    UOC_paremeter_F07_FUNC                   0x00008dd5   Thumb Code    82  button_function.o(i.UOC_paremeter_F07_FUNC)
    UOC_paremeter_F08_FUNC                   0x00008e31   Thumb Code    82  button_function.o(i.UOC_paremeter_F08_FUNC)
    UOC_paremeter_F09_FUNC                   0x00008e8d   Thumb Code   146  button_function.o(i.UOC_paremeter_F09_FUNC)
    UOC_paremeter_F10_FUNC                   0x00008f29   Thumb Code   146  button_function.o(i.UOC_paremeter_F10_FUNC)
    UOC_paremeter_F11_FUNC                   0x00008fc5   Thumb Code   104  button_function.o(i.UOC_paremeter_F11_FUNC)
    UOC_paremeter_F12_FUNC                   0x00009035   Thumb Code    98  button_function.o(i.UOC_paremeter_F12_FUNC)
    UOC_paremeter_F13_FUNC                   0x000090a5   Thumb Code    96  button_function.o(i.UOC_paremeter_F13_FUNC)
    UOC_paremeter_F14_FUNC                   0x0000910d   Thumb Code    92  button_function.o(i.UOC_paremeter_F14_FUNC)
    UOC_paremeter_F15_FUNC                   0x00009171   Thumb Code   126  button_function.o(i.UOC_paremeter_F15_FUNC)
    UOC_paremeter_F16_FUNC                   0x000091f9   Thumb Code    82  button_function.o(i.UOC_paremeter_F16_FUNC)
    UOC_paremeter_F17_FUNC                   0x00009255   Thumb Code   126  button_function.o(i.UOC_paremeter_F17_FUNC)
    UOC_paremeter_F18_FUNC                   0x000092dd   Thumb Code    82  button_function.o(i.UOC_paremeter_F18_FUNC)
    UOC_paremeter_F19_FUNC                   0x00009339   Thumb Code   126  button_function.o(i.UOC_paremeter_F19_FUNC)
    UOC_paremeter_F20_FUNC                   0x000093c1   Thumb Code    82  button_function.o(i.UOC_paremeter_F20_FUNC)
    UOC_paremeter_F21_FUNC                   0x0000941d   Thumb Code   104  button_function.o(i.UOC_paremeter_F21_FUNC)
    UOC_paremeter_F22_FUNC                   0x0000948d   Thumb Code   148  button_function.o(i.UOC_paremeter_F22_FUNC)
    UOC_paremeter_F23_FUNC                   0x00009529   Thumb Code   126  button_function.o(i.UOC_paremeter_F23_FUNC)
    UOC_paremeter_F24_FUNC                   0x000095b1   Thumb Code   126  button_function.o(i.UOC_paremeter_F24_FUNC)
    UOC_paremeter_F25_FUNC                   0x00009639   Thumb Code   126  button_function.o(i.UOC_paremeter_F25_FUNC)
    UOC_paremeter_F26_FUNC                   0x000096c1   Thumb Code    82  button_function.o(i.UOC_paremeter_F26_FUNC)
    UOC_paremeter_F27_FUNC                   0x0000971d   Thumb Code   126  button_function.o(i.UOC_paremeter_F27_FUNC)
    UOC_paremeter_F28_FUNC                   0x000097a5   Thumb Code   126  button_function.o(i.UOC_paremeter_F28_FUNC)
    UOC_paremeter_F29_FUNC                   0x0000982d   Thumb Code    82  button_function.o(i.UOC_paremeter_F29_FUNC)
    UOC_paremeter_F30_FUNC                   0x00009889   Thumb Code   126  button_function.o(i.UOC_paremeter_F30_FUNC)
    UOC_paremeter_F31_FUNC                   0x00009911   Thumb Code   126  button_function.o(i.UOC_paremeter_F31_FUNC)
    UOC_paremeter_F32_FUNC                   0x00009999   Thumb Code    92  button_function.o(i.UOC_paremeter_F32_FUNC)
    UOC_paremeter_F33_FUNC                   0x000099fd   Thumb Code   126  button_function.o(i.UOC_paremeter_F33_FUNC)
    UOC_paremeter_F34_FUNC                   0x00009a85   Thumb Code   126  button_function.o(i.UOC_paremeter_F34_FUNC)
    UOC_paremeter_F35_FUNC                   0x00009b0d   Thumb Code   148  button_function.o(i.UOC_paremeter_F35_FUNC)
    UOC_paremeter_F36_FUNC                   0x00009ba9   Thumb Code   148  button_function.o(i.UOC_paremeter_F36_FUNC)
    UOC_paremeter_F37_FUNC                   0x00009c45   Thumb Code   148  button_function.o(i.UOC_paremeter_F37_FUNC)
    UOC_paremeter_F38_FUNC                   0x00009ce1   Thumb Code   148  button_function.o(i.UOC_paremeter_F38_FUNC)
    UOC_paremeter_F39_FUNC                   0x00009d7d   Thumb Code   148  button_function.o(i.UOC_paremeter_F39_FUNC)
    UOC_paremeter_F40_FUNC                   0x00009e19   Thumb Code   148  button_function.o(i.UOC_paremeter_F40_FUNC)
    UOC_paremeter_F41_FUNC                   0x00009eb5   Thumb Code   148  button_function.o(i.UOC_paremeter_F41_FUNC)
    UOC_paremeter_F42_FUNC                   0x00009f51   Thumb Code   148  button_function.o(i.UOC_paremeter_F42_FUNC)
    UOC_paremeter_F43_FUNC                   0x00009fed   Thumb Code   148  button_function.o(i.UOC_paremeter_F43_FUNC)
    UOC_paremeter_F44_FUNC                   0x0000a089   Thumb Code   148  button_function.o(i.UOC_paremeter_F44_FUNC)
    UOC_paremeter_F45_FUNC                   0x0000a125   Thumb Code   146  button_function.o(i.UOC_paremeter_F45_FUNC)
    UOC_paremeter_F46_FUNC                   0x0000a1c1   Thumb Code   146  button_function.o(i.UOC_paremeter_F46_FUNC)
    UOC_paremeter_F47_FUNC                   0x0000a25d   Thumb Code    14  button_function.o(i.UOC_paremeter_F47_FUNC)
    UOC_paremeter_F48_FUNC                   0x0000a271   Thumb Code    14  button_function.o(i.UOC_paremeter_F48_FUNC)
    UOC_paremeter_F49_FUNC                   0x0000a285   Thumb Code    14  button_function.o(i.UOC_paremeter_F49_FUNC)
    UOC_paremeter_F50_FUNC                   0x0000a299   Thumb Code   154  button_function.o(i.UOC_paremeter_F50_FUNC)
    UOC_paremeter_F51_FUNC                   0x0000a341   Thumb Code   154  button_function.o(i.UOC_paremeter_F51_FUNC)
    UOC_paremeter_F52_FUNC                   0x0000a3e9   Thumb Code   154  button_function.o(i.UOC_paremeter_F52_FUNC)
    UOC_paremeter_F53_FUNC                   0x0000a491   Thumb Code   154  button_function.o(i.UOC_paremeter_F53_FUNC)
    UOC_paremeter_F54_FUNC                   0x0000a539   Thumb Code   154  button_function.o(i.UOC_paremeter_F54_FUNC)
    UOC_paremeter_F55_FUNC                   0x0000a5e1   Thumb Code   154  button_function.o(i.UOC_paremeter_F55_FUNC)
    UOC_paremeter_F56_FUNC                   0x0000a689   Thumb Code   154  button_function.o(i.UOC_paremeter_F56_FUNC)
    UOC_paremeter_F57_FUNC                   0x0000a731   Thumb Code   154  button_function.o(i.UOC_paremeter_F57_FUNC)
    UOC_paremeter_F58_FUNC                   0x0000a7d9   Thumb Code    14  button_function.o(i.UOC_paremeter_F58_FUNC)
    UOC_paremeter_F59_FUNC                   0x0000a7ed   Thumb Code    14  button_function.o(i.UOC_paremeter_F59_FUNC)
    UOC_paremeter_FREE_FUNC                  0x0000a801   Thumb Code    68  button_function.o(i.UOC_paremeter_FREE_FUNC)
    UOC_spi_read_data_cycle                  0x0000a851   Thumb Code    60  spi.o(i.UOC_spi_read_data_cycle)
    UOC_sys_data_init                        0x0000a899   Thumb Code    24  main.o(i.UOC_sys_data_init)
    Wait_for_end                             0x0000a8b1   Thumb Code    50  i2c.o(i.Wait_for_end)
    XTHFInit                                 0x0000a8e9   Thumb Code    64  mf_config.o(i.XTHFInit)
    __ARM_common_switch8                     0x0000a935   Thumb Code    26  spi.o(i.__ARM_common_switch8)
    _is_digit                                0x0000a94f   Thumb Code    14  __printf_wp.o(i._is_digit)
    dbg_array_buffer                         0x0000a95d   Thumb Code    44  debug.o(i.dbg_array_buffer)
    dbg_printf                               0x0000a9a9   Thumb Code    54  debug.o(i.dbg_printf)
    flase_read                               0x0000a9e9   Thumb Code    38  flash_api.o(i.flase_read)
    flash_write                              0x0000aa15   Thumb Code    50  flash_api.o(i.flash_write)
    key_func_cyc                             0x0000aa4d   Thumb Code    16  production_test.o(i.key_func_cyc)
    led_display                              0x0000aa5d   Thumb Code    44  led.o(i.led_display)
    main                                     0x0000aa8d   Thumb Code    94  main.o(i.main)
    production_test_flag_close               0x0000ab01   Thumb Code   196  production_test.o(i.production_test_flag_close)
    production_test_main                     0x0000abc5   Thumb Code    38  production_test.o(i.production_test_main)
    production_test_model                    0x0000ac11   Thumb Code   164  production_test.o(i.production_test_model)
    production_test_model1                   0x0000acbd   Thumb Code    58  production_test.o(i.production_test_model1)
    production_test_model2                   0x0000ad05   Thumb Code   232  production_test.o(i.production_test_model2)
    production_test_model3                   0x0000adf5   Thumb Code   334  production_test.o(i.production_test_model3)
    production_test_model4                   0x0000af51   Thumb Code   112  production_test.o(i.production_test_model4)
    sys_control_init                         0x0000afcd   Thumb Code   116  main.o(i.sys_control_init)
    uoc_ERR_Flag_clean                       0x0000b04d   Thumb Code    26  button_function.o(i.uoc_ERR_Flag_clean)
    _get_lc_ctype                            0x0000b06d   Thumb Code    44  lc_ctype_c.o(locale$$code)
    __aeabi_cdrcmple                         0x0000b099   Thumb Code     0  drlef.o(x$fpl$drleqf)
    _drcmple                                 0x0000b099   Thumb Code   100  drlef.o(x$fpl$drleqf)
    __aeabi_cfcmple                          0x0000b101   Thumb Code     0  flef.o(x$fpl$fleqf)
    _fcmple                                  0x0000b101   Thumb Code    78  flef.o(x$fpl$fleqf)
    __aeabi_fmul                             0x0000b155   Thumb Code     0  fmul.o(x$fpl$fmul)
    _fmul                                    0x0000b155   Thumb Code   172  fmul.o(x$fpl$fmul)
    __aeabi_cfrcmple                         0x0000b205   Thumb Code     0  frlef.o(x$fpl$frleqf)
    _frcmple                                 0x0000b205   Thumb Code    84  frlef.o(x$fpl$frleqf)
    __I$use$fp                               0x0000b25c   Number         0  usenofp.o(x$fpl$usenofp)
    Region$$Table$$Base                      0x0000b400   Number         0  anon$$obj.o(Region$$Table)
    Region$$Table$$Limit                     0x0000b420   Number         0  anon$$obj.o(Region$$Table)
    __ctype                                  0x0000b42d   Data           0  lc_ctype_c.o(locale$$data)
    g_u32SysTickCount                        0x20000000   Data           4  main.o(.data)
    UOC_VER                                  0x20000004   Data           4  main.o(.data)
    uoc_cyc_para                             0x2000000c   Data          64  spi.o(.data)
    UOC_SPI_Error_FUN                        0x2000004c   Data         104  spi.o(.data)
    XTLFClock                                0x200000b4   Data           4  system_fm33le0xx.o(.data)
    XTHFClock                                0x200000b8   Data           4  system_fm33le0xx.o(.data)
    SystemCoreClock                          0x200000bc   Data           4  system_fm33le0xx.o(.data)
    UOCLed                                   0x200000c0   Data         132  led.o(.data)
    g_uoc_init_param                         0x20000144   Data          74  parameter.o(.data)
    key_state                                0x20000190   Data           1  button_function.o(.data)
    uoc_key                                  0x20000198   Data           8  button_function.o(.data)
    UOCPara                                  0x200001a0   Data          20  button_function.o(.data)
    uoc_loglevel                             0x200003a4   Data           1  debug.o(.data)
    g_Uart                                   0x200003a8   Data          28  debug.o(.data)
    g_Uart1                                  0x200003c4   Data          52  debug.o(.data)
    UOC_ERR_PARA                             0x20000428   Data         104  i2c.o(.data)
    uoc_control                              0x200004a0   Data         192  system_control.o(.data)
    uoc_DI_Funtion                           0x20000560   Data         120  system_control.o(.data)
    pro_test_func                            0x200005e0   Data          40  production_test.o(.data)
    pro_test_DI_func                         0x20000608   Data         120  production_test.o(.data)
    g_tmpRxBuf                               0x20000680   Data         256  main.o(.bss)
    UOC_Check_Para                           0x20000780   Data          44  parameter.o(.bss)
    g_uoc_param                              0x200007ac   Data          74  parameter.o(.bss)
    g_Uart1RxBuf                             0x200007f6   Data         514  debug.o(.bss)
    dbg_buf                                  0x200009f8   Data         256  debug.o(.bss)
    g_Uart1TxBuf                             0x20000af8   Data         512  debug.o(.bss)
    UOC_Input_State                          0x20000cf8   Data          20  system_control.o(.bss)
    __libspace_start                         0x20000d1c   Data          96  libspace.o(.bss)
    __temporary_stack_top$libspace           0x20000d7c   Data           0  libspace.o(.bss)



==============================================================================

Memory Map of the image

  Image Entry point : 0x000000c1

  Load Region LR_IROM1 (Base: 0x00000000, Size: 0x0000bbb0, Max: 0x00010000, ABSOLUTE, COMPRESSED[0x0000b8e0])

    Execution Region ER_IROM1 (Base: 0x00000000, Size: 0x0000b530, Max: 0x00010000, ABSOLUTE)

    Base Addr    Size         Type   Attr      Idx    E Section Name        Object

    0x00000000   0x000000c0   Data   RO            3    RESET               startup_fm33le0xx.o
    0x000000c0   0x00000008   Code   RO         3449  * !!!main             c_p.l(__main.o)
    0x000000c8   0x0000003c   Code   RO         3788    !!!scatter          c_p.l(__scatter.o)
    0x00000104   0x0000001c   Code   RO         3790    !!handler_zi        c_p.l(__scatter_zi.o)
    0x00000120   0x00000002   Code   RO         3575    .ARM.Collect$$_printf_percent$$00000000  c_p.l(_printf_percent.o)
    0x00000122   0x0000000a   Code   RO         3564    .ARM.Collect$$_printf_percent$$00000001  c_p.l(_printf_n.o)
    0x0000012c   0x0000000a   Code   RO         3566    .ARM.Collect$$_printf_percent$$00000002  c_p.l(_printf_p.o)
    0x00000136   0x0000000a   Code   RO         3571    .ARM.Collect$$_printf_percent$$00000003  c_p.l(_printf_f.o)
    0x00000140   0x0000000a   Code   RO         3572    .ARM.Collect$$_printf_percent$$00000004  c_p.l(_printf_e.o)
    0x0000014a   0x0000000a   Code   RO         3573    .ARM.Collect$$_printf_percent$$00000005  c_p.l(_printf_g.o)
    0x00000154   0x0000000a   Code   RO         3574    .ARM.Collect$$_printf_percent$$00000006  c_p.l(_printf_a.o)
    0x0000015e   0x0000000a   Code   RO         3579    .ARM.Collect$$_printf_percent$$00000007  c_p.l(_printf_ll.o)
    0x00000168   0x0000000a   Code   RO         3568    .ARM.Collect$$_printf_percent$$00000008  c_p.l(_printf_i.o)
    0x00000172   0x0000000a   Code   RO         3569    .ARM.Collect$$_printf_percent$$00000009  c_p.l(_printf_d.o)
    0x0000017c   0x0000000a   Code   RO         3570    .ARM.Collect$$_printf_percent$$0000000A  c_p.l(_printf_u.o)
    0x00000186   0x0000000a   Code   RO         3567    .ARM.Collect$$_printf_percent$$0000000B  c_p.l(_printf_o.o)
    0x00000190   0x0000000a   Code   RO         3565    .ARM.Collect$$_printf_percent$$0000000C  c_p.l(_printf_x.o)
    0x0000019a   0x0000000a   Code   RO         3576    .ARM.Collect$$_printf_percent$$0000000D  c_p.l(_printf_lli.o)
    0x000001a4   0x0000000a   Code   RO         3577    .ARM.Collect$$_printf_percent$$0000000E  c_p.l(_printf_lld.o)
    0x000001ae   0x0000000a   Code   RO         3578    .ARM.Collect$$_printf_percent$$0000000F  c_p.l(_printf_llu.o)
    0x000001b8   0x0000000a   Code   RO         3583    .ARM.Collect$$_printf_percent$$00000010  c_p.l(_printf_llo.o)
    0x000001c2   0x0000000a   Code   RO         3584    .ARM.Collect$$_printf_percent$$00000011  c_p.l(_printf_llx.o)
    0x000001cc   0x0000000a   Code   RO         3580    .ARM.Collect$$_printf_percent$$00000012  c_p.l(_printf_l.o)
    0x000001d6   0x0000000a   Code   RO         3562    .ARM.Collect$$_printf_percent$$00000013  c_p.l(_printf_c.o)
    0x000001e0   0x0000000a   Code   RO         3563    .ARM.Collect$$_printf_percent$$00000014  c_p.l(_printf_s.o)
    0x000001ea   0x0000000a   Code   RO         3581    .ARM.Collect$$_printf_percent$$00000015  c_p.l(_printf_lc.o)
    0x000001f4   0x0000000a   Code   RO         3582    .ARM.Collect$$_printf_percent$$00000016  c_p.l(_printf_ls.o)
    0x000001fe   0x00000004   Code   RO         3617    .ARM.Collect$$_printf_percent$$00000017  c_p.l(_printf_percent_end.o)
    0x00000202   0x00000002   Code   RO         3644    .ARM.Collect$$libinit$$00000000  c_p.l(libinit.o)
    0x00000204   0x00000000   Code   RO         3668    .ARM.Collect$$libinit$$00000002  c_p.l(libinit2.o)
    0x00000204   0x00000000   Code   RO         3670    .ARM.Collect$$libinit$$00000004  c_p.l(libinit2.o)
    0x00000204   0x00000000   Code   RO         3673    .ARM.Collect$$libinit$$0000000A  c_p.l(libinit2.o)
    0x00000204   0x00000000   Code   RO         3675    .ARM.Collect$$libinit$$0000000C  c_p.l(libinit2.o)
    0x00000204   0x00000000   Code   RO         3677    .ARM.Collect$$libinit$$0000000E  c_p.l(libinit2.o)
    0x00000204   0x00000006   Code   RO         3678    .ARM.Collect$$libinit$$0000000F  c_p.l(libinit2.o)
    0x0000020a   0x00000000   Code   RO         3680    .ARM.Collect$$libinit$$00000011  c_p.l(libinit2.o)
    0x0000020a   0x0000000c   Code   RO         3681    .ARM.Collect$$libinit$$00000012  c_p.l(libinit2.o)
    0x00000216   0x00000000   Code   RO         3682    .ARM.Collect$$libinit$$00000013  c_p.l(libinit2.o)
    0x00000216   0x00000000   Code   RO         3684    .ARM.Collect$$libinit$$00000015  c_p.l(libinit2.o)
    0x00000216   0x00000000   Code   RO         3686    .ARM.Collect$$libinit$$00000017  c_p.l(libinit2.o)
    0x00000216   0x00000000   Code   RO         3688    .ARM.Collect$$libinit$$00000019  c_p.l(libinit2.o)
    0x00000216   0x00000000   Code   RO         3690    .ARM.Collect$$libinit$$0000001B  c_p.l(libinit2.o)
    0x00000216   0x00000000   Code   RO         3692    .ARM.Collect$$libinit$$0000001D  c_p.l(libinit2.o)
    0x00000216   0x00000000   Code   RO         3694    .ARM.Collect$$libinit$$0000001F  c_p.l(libinit2.o)
    0x00000216   0x00000000   Code   RO         3696    .ARM.Collect$$libinit$$00000021  c_p.l(libinit2.o)
    0x00000216   0x00000000   Code   RO         3698    .ARM.Collect$$libinit$$00000023  c_p.l(libinit2.o)
    0x00000216   0x00000000   Code   RO         3700    .ARM.Collect$$libinit$$00000025  c_p.l(libinit2.o)
    0x00000216   0x00000000   Code   RO         3704    .ARM.Collect$$libinit$$0000002C  c_p.l(libinit2.o)
    0x00000216   0x00000000   Code   RO         3706    .ARM.Collect$$libinit$$0000002E  c_p.l(libinit2.o)
    0x00000216   0x00000000   Code   RO         3708    .ARM.Collect$$libinit$$00000030  c_p.l(libinit2.o)
    0x00000216   0x00000000   Code   RO         3710    .ARM.Collect$$libinit$$00000032  c_p.l(libinit2.o)
    0x00000216   0x00000002   Code   RO         3711    .ARM.Collect$$libinit$$00000033  c_p.l(libinit2.o)
    0x00000218   0x00000002   Code   RO         3744    .ARM.Collect$$libshutdown$$00000000  c_p.l(libshutdown.o)
    0x0000021a   0x00000000   Code   RO         3771    .ARM.Collect$$libshutdown$$00000003  c_p.l(libshutdown2.o)
    0x0000021a   0x00000000   Code   RO         3774    .ARM.Collect$$libshutdown$$00000006  c_p.l(libshutdown2.o)
    0x0000021a   0x00000000   Code   RO         3777    .ARM.Collect$$libshutdown$$00000009  c_p.l(libshutdown2.o)
    0x0000021a   0x00000000   Code   RO         3779    .ARM.Collect$$libshutdown$$0000000B  c_p.l(libshutdown2.o)
    0x0000021a   0x00000000   Code   RO         3782    .ARM.Collect$$libshutdown$$0000000E  c_p.l(libshutdown2.o)
    0x0000021a   0x00000002   Code   RO         3783    .ARM.Collect$$libshutdown$$0000000F  c_p.l(libshutdown2.o)
    0x0000021c   0x00000000   Code   RO         3487    .ARM.Collect$$rtentry$$00000000  c_p.l(__rtentry.o)
    0x0000021c   0x00000000   Code   RO         3591    .ARM.Collect$$rtentry$$00000002  c_p.l(__rtentry2.o)
    0x0000021c   0x00000006   Code   RO         3603    .ARM.Collect$$rtentry$$00000004  c_p.l(__rtentry4.o)
    0x00000222   0x00000000   Code   RO         3593    .ARM.Collect$$rtentry$$00000009  c_p.l(__rtentry2.o)
    0x00000222   0x00000004   Code   RO         3594    .ARM.Collect$$rtentry$$0000000A  c_p.l(__rtentry2.o)
    0x00000226   0x00000000   Code   RO         3596    .ARM.Collect$$rtentry$$0000000C  c_p.l(__rtentry2.o)
    0x00000226   0x00000008   Code   RO         3597    .ARM.Collect$$rtentry$$0000000D  c_p.l(__rtentry2.o)
    0x0000022e   0x00000002   Code   RO         3651    .ARM.Collect$$rtexit$$00000000  c_p.l(rtexit.o)
    0x00000230   0x00000000   Code   RO         3715    .ARM.Collect$$rtexit$$00000002  c_p.l(rtexit2.o)
    0x00000230   0x00000004   Code   RO         3716    .ARM.Collect$$rtexit$$00000003  c_p.l(rtexit2.o)
    0x00000234   0x00000006   Code   RO         3717    .ARM.Collect$$rtexit$$00000004  c_p.l(rtexit2.o)
    0x0000023a   0x00000002   PAD
    0x0000023c   0x00000038   Code   RO         3437    .emb_text           c_p.l(rt_memcpy.o)
    0x00000274   0x00000038   Code   RO            4    .text               startup_fm33le0xx.o
    0x000002ac   0x00000038   Code   RO         3433    .text               c_p.l(_vsnprintf.o)
    0x000002e4   0x0000005a   Code   RO         3435    .text               c_p.l(memcmp.o)
    0x0000033e   0x00000082   Code   RO         3438    .text               c_p.l(rt_memcpy.o)
    0x000003c0   0x00000040   Code   RO         3441    .text               c_p.l(rt_memclr.o)
    0x00000400   0x0000015a   Code   RO         3443    .text               c_p.l(aeabi_sdiv.o)
    0x0000055a   0x00000006   Code   RO         3447    .text               c_p.l(heapauxi.o)
    0x00000560   0x0000007c   Code   RO         3451    .text               fz_ps.l(d2f.o)
    0x000005dc   0x00000358   Code   RO         3453    .text               fz_ps.l(daddsub.o)
    0x00000934   0x00000448   Code   RO         3455    .text               fz_ps.l(ddiv.o)
    0x00000d7c   0x0000006c   Code   RO         3458    .text               fz_ps.l(dfixi.o)
    0x00000de8   0x00000048   Code   RO         3460    .text               fz_ps.l(dfixui.o)
    0x00000e30   0x00000058   Code   RO         3462    .text               fz_ps.l(dflti.o)
    0x00000e88   0x00000248   Code   RO         3464    .text               fz_ps.l(dmul.o)
    0x000010d0   0x00000060   Code   RO         3468    .text               fz_ps.l(dscalbn.o)
    0x00001130   0x00000054   Code   RO         3470    .text               fz_ps.l(f2d.o)
    0x00001184   0x0000004c   Code   RO         3475    .text               fz_ps.l(ffixi.o)
    0x000011d0   0x0000005e   Code   RO         3477    .text               fz_ps.l(fflti.o)
    0x0000122e   0x0000004e   Code   RO         3494    .text               c_p.l(_printf_pad.o)
    0x0000127c   0x00000024   Code   RO         3496    .text               c_p.l(_printf_truncate.o)
    0x000012a0   0x00000052   Code   RO         3498    .text               c_p.l(_printf_str.o)
    0x000012f2   0x00000002   PAD
    0x000012f4   0x0000006c   Code   RO         3500    .text               c_p.l(_printf_dec.o)
    0x00001360   0x00000026   Code   RO         3502    .text               c_p.l(_printf_charcount.o)
    0x00001386   0x00000002   PAD
    0x00001388   0x00000030   Code   RO         3504    .text               c_p.l(_printf_char_common.o)
    0x000013b8   0x0000000a   Code   RO         3506    .text               c_p.l(_sputc.o)
    0x000013c2   0x00000010   Code   RO         3508    .text               c_p.l(_snputc.o)
    0x000013d2   0x00000002   PAD
    0x000013d4   0x000000bc   Code   RO         3510    .text               c_p.l(_printf_wctomb.o)
    0x00001490   0x00000070   Code   RO         3513    .text               c_p.l(_printf_longlong_dec.o)
    0x00001500   0x00000070   Code   RO         3519    .text               c_p.l(_printf_oct_int_ll.o)
    0x00001570   0x00000098   Code   RO         3539    .text               c_p.l(_printf_hex_int_ll_ptr.o)
    0x00001608   0x00000188   Code   RO         3559    .text               c_p.l(__printf_flags_ss_wp.o)
    0x00001790   0x00000090   Code   RO         3585    .text               fz_ps.l(dcmpin.o)
    0x00001820   0x00000064   Code   RO         3587    .text               fz_ps.l(fcmpin.o)
    0x00001884   0x0000007a   Code   RO         3607    .text               c_p.l(lludiv10.o)
    0x000018fe   0x000000b0   Code   RO         3609    .text               c_p.l(_printf_intcommon.o)
    0x000019ae   0x0000002e   Code   RO         3613    .text               c_p.l(_printf_char.o)
    0x000019dc   0x0000002e   Code   RO         3615    .text               c_p.l(_printf_wchar.o)
    0x00001a0a   0x00000040   Code   RO         3618    .text               c_p.l(_wcrtomb.o)
    0x00001a4a   0x00000028   Code   RO         3620    .text               c_p.l(rtudiv10.o)
    0x00001a72   0x00000002   PAD
    0x00001a74   0x00000030   Code   RO         3622    .text               fz_ps.l(cmpret.o)
    0x00001aa4   0x00000014   Code   RO         3624    .text               fz_ps.l(dnan2.o)
    0x00001ab8   0x00000010   Code   RO         3626    .text               fz_ps.l(fnan2.o)
    0x00001ac8   0x0000003e   Code   RO         3628    .text               c_p.l(sys_stackheap_outer.o)
    0x00001b06   0x00000002   PAD
    0x00001b08   0x00000010   Code   RO         3631    .text               c_p.l(rt_ctype_table.o)
    0x00001b18   0x0000000c   Code   RO         3633    .text               c_p.l(exit.o)
    0x00001b24   0x0000005e   Code   RO         3645    .text               fz_ps.l(retnan.o)
    0x00001b82   0x00000002   PAD
    0x00001b84   0x00000008   Code   RO         3647    .text               c_p.l(libspace.o)
    0x00001b8c   0x00000008   Code   RO         3658    .text               c_p.l(rt_locale_intlibspace.o)
    0x00001b94   0x0000000c   Code   RO         3712    .text               c_p.l(sys_exit.o)
    0x00001ba0   0x00000088   Code   RO         3725    .text               c_p.l(strcmp.o)
    0x00001c28   0x00000002   Code   RO         3733    .text               c_p.l(use_no_semi.o)
    0x00001c2a   0x00000000   Code   RO         3735    .text               c_p.l(indicate_semi.o)
    0x00001c2a   0x00000056   Code   RO         3786    .text               c_p.l(__dczerorl2.o)
    0x00001c80   0x00000548   Code   RO         3064    i.Control_DI7_DI14_Function  system_control.o
    0x000021c8   0x00000114   Code   RO         3065    i.Control_High_Speed_Fan  system_control.o
    0x000022dc   0x0000011c   Code   RO         3066    i.Control_Ordinary_Fan  system_control.o
    0x000023f8   0x00000098   Code   RO         3067    i.Control_R03R04R05R06_Function  system_control.o
    0x00002490   0x000002b4   Code   RO         2888    i.Debug_Display     debug.o
    0x00002744   0x00000084   Code   RO          300    i.Debug_dispaly_init  main.o
    0x000027c8   0x00000014   Code   RO         2357    i.Delay1Ms          timer.o
    0x000027dc   0x0000003c   Code   RO          301    i.Display_init      main.o
    0x00002818   0x0000001a   Code   RO         1266    i.FL_DMA_EnableChannel  fm33le0xx_fl_flash.o
    0x00002832   0x00000002   PAD
    0x00002834   0x00000180   Code   RO         1082    i.FL_DMA_Init       fm33le0xx_fl_dma.o
    0x000029b4   0x00000014   Code   RO         1267    i.FL_DMA_IsActiveFlag_TransferComplete  fm33le0xx_fl_flash.o
    0x000029c8   0x00000014   Code   RO         1268    i.FL_DMA_WriteMemoryAddress  fm33le0xx_fl_flash.o
    0x000029dc   0x0000001e   Code   RO         1269    i.FL_DMA_WriteTransmissionSize  fm33le0xx_fl_flash.o
    0x000029fa   0x00000002   PAD
    0x000029fc   0x00000018   Code   RO          712    i.FL_DelayInit      fm33le0xx_fl.o
    0x00002a14   0x00000012   Code   RO         1270    i.FL_FLASH_EnableErase  fm33le0xx_fl_flash.o
    0x00002a26   0x00000012   Code   RO         1271    i.FL_FLASH_EnableProgram  fm33le0xx_fl_flash.o
    0x00002a38   0x000000dc   Code   RO         1272    i.FL_FLASH_PageErase  fm33le0xx_fl_flash.o
    0x00002b14   0x000000b0   Code   RO         1276    i.FL_FLASH_Read_Dma  fm33le0xx_fl_flash.o
    0x00002bc4   0x00000110   Code   RO         1278    i.FL_FLASH_Write_Dma  fm33le0xx_fl_flash.o
    0x00002cd4   0x00000012   Code   RO         2418    i.FL_GPIO_GetInputPin  button_function.o
    0x00002ce6   0x00000012   Code   RO         3068    i.FL_GPIO_GetInputPin  system_control.o
    0x00002cf8   0x00000012   Code   RO         3248    i.FL_GPIO_GetInputPin  production_test.o
    0x00002d0a   0x00000002   PAD
    0x00002d0c   0x00000120   Code   RO         1386    i.FL_GPIO_Init      fm33le0xx_fl_gpio.o
    0x00002e2c   0x00000014   Code   RO         1387    i.FL_GPIO_SetPinMode  fm33le0xx_fl_gpio.o
    0x00002e40   0x000000e8   Code   RO         1457    i.FL_GPTIM_Init     fm33le0xx_fl_gptim.o
    0x00002f28   0x000000ec   Code   RO         1553    i.FL_I2C_MasterMode_Init  fm33le0xx_fl_i2c.o
    0x00003014   0x00000020   Code   RO          717    i.FL_Init           fm33le0xx_fl.o
    0x00003034   0x00000078   Code   RO          718    i.FL_NVIC_Init      fm33le0xx_fl.o
    0x000030ac   0x00000010   Code   RO         1279    i.FL_RCC_DisableGroup2BusClock  fm33le0xx_fl_flash.o
    0x000030bc   0x00000010   Code   RO         1280    i.FL_RCC_DisableGroup2OperationClock  fm33le0xx_fl_flash.o
    0x000030cc   0x00000010   Code   RO         1281    i.FL_RCC_EnableGroup2BusClock  fm33le0xx_fl_flash.o
    0x000030dc   0x00000010   Code   RO         1282    i.FL_RCC_EnableGroup2OperationClock  fm33le0xx_fl_flash.o
    0x000030ec   0x00000010   Code   RO         2120    i.FL_RCC_EnableGroup3BusClock  fm33le0xx_fl_uart.o
    0x000030fc   0x00000010   Code   RO         1463    i.FL_RCC_EnableGroup4BusClock  fm33le0xx_fl_gptim.o
    0x0000310c   0x00000060   Code   RO         1853    i.FL_RCC_GetAHBClockFreq  fm33le0xx_fl_rcc.o
    0x0000316c   0x00000060   Code   RO         1854    i.FL_RCC_GetAPB1ClockFreq  fm33le0xx_fl_rcc.o
    0x000031cc   0x00000060   Code   RO         1855    i.FL_RCC_GetAPB2ClockFreq  fm33le0xx_fl_rcc.o
    0x0000322c   0x00000078   Code   RO         1856    i.FL_RCC_GetPLLClockFreq  fm33le0xx_fl_rcc.o
    0x000032a4   0x00000034   Code   RO         1857    i.FL_RCC_GetRCHFClockFreq  fm33le0xx_fl_rcc.o
    0x000032d8   0x0000003c   Code   RO         1858    i.FL_RCC_GetRCMFClockFreq  fm33le0xx_fl_rcc.o
    0x00003314   0x00000050   Code   RO         1859    i.FL_RCC_GetSystemClockFreq  fm33le0xx_fl_rcc.o
    0x00003364   0x00000124   Code   RO         2009    i.FL_SPI_Init       fm33le0xx_fl_spi.o
    0x00003488   0x0000000c   Code   RO          438    i.FL_SPI_SetSSNPin  spi.o
    0x00003494   0x00000260   Code   RO         2124    i.FL_UART_Init      fm33le0xx_fl_uart.o
    0x000036f4   0x0000002c   Code   RO         2358    i.GPTIM0_IRQHandler  timer.o
    0x00003720   0x00000098   Code   RO         2359    i.GPTIM1_IRQHandler  timer.o
    0x000037b8   0x0000001c   Code   RO         2360    i.GPTIM_Start       timer.o
    0x000037d4   0x00000034   Code   RO         2998    i.I2C_Display       i2c.o
    0x00003808   0x0000008c   Code   RO         2999    i.I2C_Display_Err   i2c.o
    0x00003894   0x00000070   Code   RO         3000    i.I2C_Send_Bit      i2c.o
    0x00003904   0x00000034   Code   RO         3001    i.I2C_Send_Byte     i2c.o
    0x00003938   0x00000060   Code   RO         3002    i.I2C_Write_Display  i2c.o
    0x00003998   0x0000002c   Code   RO         3069    i.Input_Detection   system_control.o
    0x000039c4   0x00000044   Code   RO         3070    i.Input_Function_Cycle  system_control.o
    0x00003a08   0x00000070   Code   RO         3249    i.Join_Production_Test  production_test.o
    0x00003a78   0x0000010c   Code   RO         2419    i.Key_press         button_function.o
    0x00003b84   0x00000100   Code   RO         2420    i.Key_release       button_function.o
    0x00003c84   0x00000028   Code   RO         2421    i.Key_timemout_deal  button_function.o
    0x00003cac   0x00000028   Code   RO           13    i.MF_Button_Init    mf_config.o
    0x00003cd4   0x00000028   Code   RO           14    i.MF_Clock_Init     mf_config.o
    0x00003cfc   0x00000044   Code   RO           15    i.MF_Config_Init    mf_config.o
    0x00003d40   0x000000cc   Code   RO           16    i.MF_Control_Init   mf_config.o
    0x00003e0c   0x00000008   Code   RO           17    i.MF_Debug_Init     mf_config.o
    0x00003e14   0x00000034   Code   RO           19    i.MF_GPTIM0_TimerBase_Init  mf_config.o
    0x00003e48   0x00000034   Code   RO           20    i.MF_GPTIM1_TimerBase_Init  mf_config.o
    0x00003e7c   0x00000054   Code   RO           21    i.MF_I2C_Init       mf_config.o
    0x00003ed0   0x00000040   Code   RO           22    i.MF_Led_Init       mf_config.o
    0x00003f10   0x00000026   Code   RO           23    i.MF_NVIC_Init      mf_config.o
    0x00003f36   0x00000002   PAD
    0x00003f38   0x00000028   Code   RO           24    i.MF_Production_Init  mf_config.o
    0x00003f60   0x0000004c   Code   RO           25    i.MF_Spi_Init       mf_config.o
    0x00003fac   0x0000001c   Code   RO           26    i.MF_SysTemRest     mf_config.o
    0x00003fc8   0x0000000a   Code   RO           27    i.MF_SystemClock_Config  mf_config.o
    0x00003fd2   0x00000002   PAD
    0x00003fd4   0x00000060   Code   RO           28    i.MF_UART1_Init     mf_config.o
    0x00004034   0x0000001e   Code   RO         2889    i.MemCmp            debug.o
    0x00004052   0x00000016   Code   RO         2890    i.MemCpy            debug.o
    0x00004068   0x00000014   Code   RO         2891    i.MemSet            debug.o
    0x0000407c   0x00000030   Code   RO         3071    i.Output_Control    system_control.o
    0x000040ac   0x00000110   Code   RO         3250    i.Production_Test_Key_press  production_test.o
    0x000041bc   0x00000100   Code   RO         3251    i.Production_Test_Key_release  production_test.o
    0x000042bc   0x00000028   Code   RO         3252    i.Production_Test_Key_timemout_deal  production_test.o
    0x000042e4   0x00000020   Code   RO           29    i.RCC_PLL_ConfigDomain_SYS  mf_config.o
    0x00004304   0x00000124   Code   RO          439    i.SPI_Check         spi.o
    0x00004428   0x00000034   Code   RO          440    i.SPI_Mode_init     spi.o
    0x0000445c   0x00000038   Code   RO          442    i.SPI_ReadWrite     spi.o
    0x00004494   0x00000030   Code   RO          443    i.SPI_Read_Cmd      spi.o
    0x000044c4   0x00000012   Code   RO          444    i.SPI_Read_data     spi.o
    0x000044d6   0x00000002   PAD
    0x000044d8   0x000000a4   Code   RO           30    i.SelXTHFToPLL      mf_config.o
    0x0000457c   0x0000001c   Code   RO         2892    i.SendBuf           debug.o
    0x00004598   0x0000001e   Code   RO         2893    i.SendOneByte       debug.o
    0x000045b6   0x00000024   Code   RO         3003    i.Sendaddr_Display  i2c.o
    0x000045da   0x00000002   PAD
    0x000045dc   0x000006f0   Code   RO         2894    i.Show_Param_info   debug.o
    0x00004ccc   0x00000104   Code   RO         3072    i.Smoke_Check_Function_Cycle  system_control.o
    0x00004dd0   0x0000004c   Code   RO          302    i.Spi_data_init     main.o
    0x00004e1c   0x000000ac   Code   RO          674    i.SystemCoreClockUpdate  system_fm33le0xx.o
    0x00004ec8   0x000000dc   Code   RO          675    i.SystemInit        system_fm33le0xx.o
    0x00004fa4   0x00000098   Code   RO          676    i.SystemPLLClockUpdate  system_fm33le0xx.o
    0x0000503c   0x00000018   Code   RO         2422    i.System_Funtion    button_function.o
    0x00005054   0x00000070   Code   RO         3253    i.TEST_UOC_DI0_FUNC  production_test.o
    0x000050c4   0x00000070   Code   RO         3254    i.TEST_UOC_DI10_FUNC  production_test.o
    0x00005134   0x00000070   Code   RO         3255    i.TEST_UOC_DI11_FUNC  production_test.o
    0x000051a4   0x00000070   Code   RO         3256    i.TEST_UOC_DI12_FUNC  production_test.o
    0x00005214   0x00000074   Code   RO         3257    i.TEST_UOC_DI13_FUNC  production_test.o
    0x00005288   0x00000070   Code   RO         3258    i.TEST_UOC_DI14_FUNC  production_test.o
    0x000052f8   0x00000070   Code   RO         3259    i.TEST_UOC_DI1_FUNC  production_test.o
    0x00005368   0x00000074   Code   RO         3260    i.TEST_UOC_DI2_FUNC  production_test.o
    0x000053dc   0x00000074   Code   RO         3261    i.TEST_UOC_DI3_FUNC  production_test.o
    0x00005450   0x00000074   Code   RO         3262    i.TEST_UOC_DI4_FUNC  production_test.o
    0x000054c4   0x00000070   Code   RO         3263    i.TEST_UOC_DI5_FUNC  production_test.o
    0x00005534   0x00000070   Code   RO         3264    i.TEST_UOC_DI6_FUNC  production_test.o
    0x000055a4   0x00000070   Code   RO         3265    i.TEST_UOC_DI7_FUNC  production_test.o
    0x00005614   0x00000070   Code   RO         3266    i.TEST_UOC_DI8_FUNC  production_test.o
    0x00005684   0x00000070   Code   RO         3267    i.TEST_UOC_DI9_FUNC  production_test.o
    0x000056f4   0x0000007c   Code   RO         2895    i.UART1_IRQHandler  debug.o
    0x00005770   0x000000d4   Code   RO         2896    i.UART_RxFlag       debug.o
    0x00005844   0x000000dc   Code   RO         2897    i.UART_RxGet        debug.o
    0x00005920   0x000000f4   Code   RO         3073    i.UOC_DI0_FUNC      system_control.o
    0x00005a14   0x00000124   Code   RO         3074    i.UOC_DI10_FUNC     system_control.o
    0x00005b38   0x00000124   Code   RO         3075    i.UOC_DI11_FUNC     system_control.o
    0x00005c5c   0x00000124   Code   RO         3076    i.UOC_DI12_FUNC     system_control.o
    0x00005d80   0x00000128   Code   RO         3077    i.UOC_DI13_FUNC     system_control.o
    0x00005ea8   0x0000012c   Code   RO         3078    i.UOC_DI14_FUNC     system_control.o
    0x00005fd4   0x00000110   Code   RO         3079    i.UOC_DI1_FUNC      system_control.o
    0x000060e4   0x00000108   Code   RO         3080    i.UOC_DI2_FUNC      system_control.o
    0x000061ec   0x00000148   Code   RO         3081    i.UOC_DI3_FUNC      system_control.o
    0x00006334   0x000001b0   Code   RO         3082    i.UOC_DI4_FUNC      system_control.o
    0x000064e4   0x000000e8   Code   RO         3083    i.UOC_DI5_FUNC      system_control.o
    0x000065cc   0x000000a0   Code   RO         3084    i.UOC_DI6_FUNC      system_control.o
    0x0000666c   0x00000120   Code   RO         3085    i.UOC_DI7_FUNC      system_control.o
    0x0000678c   0x00000124   Code   RO         3086    i.UOC_DI8_FUNC      system_control.o
    0x000068b0   0x00000124   Code   RO         3087    i.UOC_DI9_FUNC      system_control.o
    0x000069d4   0x00000244   Code   RO         3088    i.UOC_DI_timemout_deal  system_control.o
    0x00006c18   0x00000068   Code   RO         2423    i.UOC_FN_Exit_Menu  button_function.o
    0x00006c80   0x000000b4   Code   RO         2424    i.UOC_FN_Menu       button_function.o
    0x00006d34   0x00000020   Code   RO         2425    i.UOC_FanType_control  button_function.o
    0x00006d54   0x00000024   Code   RO          303    i.UOC_Fan_Static_Clean  main.o
    0x00006d78   0x0000003c   Code   RO          304    i.UOC_Input_Res     main.o
    0x00006db4   0x00000042   Code   RO         2426    i.UOC_Parameter_Offset_Display  button_function.o
    0x00006df6   0x00000002   PAD
    0x00006df8   0x00000074   Code   RO         2427    i.UOC_Parameter_State  button_function.o
    0x00006e6c   0x000005c4   Code   RO         2428    i.UOC_Parameter_func  button_function.o
    0x00007430   0x00000010   Code   RO          447    i.UOC_Spi_Check_Para  spi.o
    0x00007440   0x0000035c   Code   RO          448    i.UOC_Spi_Display_Para  spi.o
    0x0000779c   0x000000ec   Code   RO          449    i.UOC_Spi_Error_E00  spi.o
    0x00007888   0x000000ec   Code   RO          450    i.UOC_Spi_Error_E01  spi.o
    0x00007974   0x00000328   Code   RO          451    i.UOC_Spi_Error_E02  spi.o
    0x00007c9c   0x000001c0   Code   RO          452    i.UOC_Spi_Error_E03  spi.o
    0x00007e5c   0x00000100   Code   RO          453    i.UOC_Spi_Error_E04  spi.o
    0x00007f5c   0x000000b0   Code   RO          454    i.UOC_Spi_Error_E05  spi.o
    0x0000800c   0x000000d0   Code   RO          455    i.UOC_Spi_Error_E06  spi.o
    0x000080dc   0x00000002   Code   RO          456    i.UOC_Spi_Error_E07  spi.o
    0x000080de   0x00000002   Code   RO          457    i.UOC_Spi_Error_E08  spi.o
    0x000080e0   0x000000f4   Code   RO          458    i.UOC_Spi_Error_E09  spi.o
    0x000081d4   0x00000080   Code   RO          459    i.UOC_Spi_Error_E10  spi.o
    0x00008254   0x00000002   Code   RO          460    i.UOC_Spi_Error_E11  spi.o
    0x00008256   0x00000002   Code   RO          461    i.UOC_Spi_Error_E12  spi.o
    0x00008258   0x0000005c   Code   RO          462    i.UOC_Spi_Error_Para  spi.o
    0x000082b4   0x000002dc   Code   RO          463    i.UOC_Spi_Read_Para  spi.o
    0x00008590   0x00000068   Code   RO         3089    i.UOC_Status_Output  system_control.o
    0x000085f8   0x000000d8   Code   RO          305    i.UOC_Sys_Param_init  main.o
    0x000086d0   0x00000060   Code   RO         3090    i.UOC_Trip_Fan      system_control.o
    0x00008730   0x00000048   Code   RO          464    i.UOC_Vol_check     spi.o
    0x00008778   0x00000078   Code   RO         2429    i.UOC_paremeter_Display  button_function.o
    0x000087f0   0x000001cc   Code   RO         2430    i.UOC_paremeter_ERR_FUNC  button_function.o
    0x000089bc   0x0000005c   Code   RO         2431    i.UOC_paremeter_F00_FUNC  button_function.o
    0x00008a18   0x0000009c   Code   RO         2432    i.UOC_paremeter_F01_FUNC  button_function.o
    0x00008ab4   0x0000009c   Code   RO         2433    i.UOC_paremeter_F02_FUNC  button_function.o
    0x00008b50   0x000000d0   Code   RO         2434    i.UOC_paremeter_F03_FUNC  button_function.o
    0x00008c20   0x0000009c   Code   RO         2435    i.UOC_paremeter_F04_FUNC  button_function.o
    0x00008cbc   0x00000088   Code   RO         2436    i.UOC_paremeter_F05_FUNC  button_function.o
    0x00008d44   0x00000090   Code   RO         2437    i.UOC_paremeter_F06_FUNC  button_function.o
    0x00008dd4   0x0000005c   Code   RO         2438    i.UOC_paremeter_F07_FUNC  button_function.o
    0x00008e30   0x0000005c   Code   RO         2439    i.UOC_paremeter_F08_FUNC  button_function.o
    0x00008e8c   0x0000009c   Code   RO         2440    i.UOC_paremeter_F09_FUNC  button_function.o
    0x00008f28   0x0000009c   Code   RO         2441    i.UOC_paremeter_F10_FUNC  button_function.o
    0x00008fc4   0x00000070   Code   RO         2442    i.UOC_paremeter_F11_FUNC  button_function.o
    0x00009034   0x00000070   Code   RO         2443    i.UOC_paremeter_F12_FUNC  button_function.o
    0x000090a4   0x00000068   Code   RO         2444    i.UOC_paremeter_F13_FUNC  button_function.o
    0x0000910c   0x00000064   Code   RO         2445    i.UOC_paremeter_F14_FUNC  button_function.o
    0x00009170   0x00000088   Code   RO         2446    i.UOC_paremeter_F15_FUNC  button_function.o
    0x000091f8   0x0000005c   Code   RO         2447    i.UOC_paremeter_F16_FUNC  button_function.o
    0x00009254   0x00000088   Code   RO         2448    i.UOC_paremeter_F17_FUNC  button_function.o
    0x000092dc   0x0000005c   Code   RO         2449    i.UOC_paremeter_F18_FUNC  button_function.o
    0x00009338   0x00000088   Code   RO         2450    i.UOC_paremeter_F19_FUNC  button_function.o
    0x000093c0   0x0000005c   Code   RO         2451    i.UOC_paremeter_F20_FUNC  button_function.o
    0x0000941c   0x00000070   Code   RO         2452    i.UOC_paremeter_F21_FUNC  button_function.o
    0x0000948c   0x0000009c   Code   RO         2453    i.UOC_paremeter_F22_FUNC  button_function.o
    0x00009528   0x00000088   Code   RO         2454    i.UOC_paremeter_F23_FUNC  button_function.o
    0x000095b0   0x00000088   Code   RO         2455    i.UOC_paremeter_F24_FUNC  button_function.o
    0x00009638   0x00000088   Code   RO         2456    i.UOC_paremeter_F25_FUNC  button_function.o
    0x000096c0   0x0000005c   Code   RO         2457    i.UOC_paremeter_F26_FUNC  button_function.o
    0x0000971c   0x00000088   Code   RO         2458    i.UOC_paremeter_F27_FUNC  button_function.o
    0x000097a4   0x00000088   Code   RO         2459    i.UOC_paremeter_F28_FUNC  button_function.o
    0x0000982c   0x0000005c   Code   RO         2460    i.UOC_paremeter_F29_FUNC  button_function.o
    0x00009888   0x00000088   Code   RO         2461    i.UOC_paremeter_F30_FUNC  button_function.o
    0x00009910   0x00000088   Code   RO         2462    i.UOC_paremeter_F31_FUNC  button_function.o
    0x00009998   0x00000064   Code   RO         2463    i.UOC_paremeter_F32_FUNC  button_function.o
    0x000099fc   0x00000088   Code   RO         2464    i.UOC_paremeter_F33_FUNC  button_function.o
    0x00009a84   0x00000088   Code   RO         2465    i.UOC_paremeter_F34_FUNC  button_function.o
    0x00009b0c   0x0000009c   Code   RO         2466    i.UOC_paremeter_F35_FUNC  button_function.o
    0x00009ba8   0x0000009c   Code   RO         2467    i.UOC_paremeter_F36_FUNC  button_function.o
    0x00009c44   0x0000009c   Code   RO         2468    i.UOC_paremeter_F37_FUNC  button_function.o
    0x00009ce0   0x0000009c   Code   RO         2469    i.UOC_paremeter_F38_FUNC  button_function.o
    0x00009d7c   0x0000009c   Code   RO         2470    i.UOC_paremeter_F39_FUNC  button_function.o
    0x00009e18   0x0000009c   Code   RO         2471    i.UOC_paremeter_F40_FUNC  button_function.o
    0x00009eb4   0x0000009c   Code   RO         2472    i.UOC_paremeter_F41_FUNC  button_function.o
    0x00009f50   0x0000009c   Code   RO         2473    i.UOC_paremeter_F42_FUNC  button_function.o
    0x00009fec   0x0000009c   Code   RO         2474    i.UOC_paremeter_F43_FUNC  button_function.o
    0x0000a088   0x0000009c   Code   RO         2475    i.UOC_paremeter_F44_FUNC  button_function.o
    0x0000a124   0x0000009c   Code   RO         2476    i.UOC_paremeter_F45_FUNC  button_function.o
    0x0000a1c0   0x0000009c   Code   RO         2477    i.UOC_paremeter_F46_FUNC  button_function.o
    0x0000a25c   0x00000014   Code   RO         2478    i.UOC_paremeter_F47_FUNC  button_function.o
    0x0000a270   0x00000014   Code   RO         2479    i.UOC_paremeter_F48_FUNC  button_function.o
    0x0000a284   0x00000014   Code   RO         2480    i.UOC_paremeter_F49_FUNC  button_function.o
    0x0000a298   0x000000a8   Code   RO         2481    i.UOC_paremeter_F50_FUNC  button_function.o
    0x0000a340   0x000000a8   Code   RO         2482    i.UOC_paremeter_F51_FUNC  button_function.o
    0x0000a3e8   0x000000a8   Code   RO         2483    i.UOC_paremeter_F52_FUNC  button_function.o
    0x0000a490   0x000000a8   Code   RO         2484    i.UOC_paremeter_F53_FUNC  button_function.o
    0x0000a538   0x000000a8   Code   RO         2485    i.UOC_paremeter_F54_FUNC  button_function.o
    0x0000a5e0   0x000000a8   Code   RO         2486    i.UOC_paremeter_F55_FUNC  button_function.o
    0x0000a688   0x000000a8   Code   RO         2487    i.UOC_paremeter_F56_FUNC  button_function.o
    0x0000a730   0x000000a8   Code   RO         2488    i.UOC_paremeter_F57_FUNC  button_function.o
    0x0000a7d8   0x00000014   Code   RO         2489    i.UOC_paremeter_F58_FUNC  button_function.o
    0x0000a7ec   0x00000014   Code   RO         2490    i.UOC_paremeter_F59_FUNC  button_function.o
    0x0000a800   0x00000050   Code   RO         2491    i.UOC_paremeter_FREE_FUNC  button_function.o
    0x0000a850   0x00000048   Code   RO          465    i.UOC_spi_read_data_cycle  spi.o
    0x0000a898   0x00000018   Code   RO          306    i.UOC_sys_data_init  main.o
    0x0000a8b0   0x00000038   Code   RO         3004    i.Wait_for_end      i2c.o
    0x0000a8e8   0x0000004c   Code   RO           31    i.XTHFInit          mf_config.o
    0x0000a934   0x0000001a   Code   RO          618    i.__ARM_common_switch8  spi.o
    0x0000a94e   0x0000000e   Code   RO         3552    i._is_digit         c_p.l(__printf_wp.o)
    0x0000a95c   0x0000004c   Code   RO         2898    i.dbg_array_buffer  debug.o
    0x0000a9a8   0x00000040   Code   RO         2899    i.dbg_printf        debug.o
    0x0000a9e8   0x0000002c   Code   RO          643    i.flase_read        flash_api.o
    0x0000aa14   0x00000038   Code   RO          644    i.flash_write       flash_api.o
    0x0000aa4c   0x00000010   Code   RO         3268    i.key_func_cyc      production_test.o
    0x0000aa5c   0x00000030   Code   RO         2331    i.led_display       led.o
    0x0000aa8c   0x00000074   Code   RO          307    i.main              main.o
    0x0000ab00   0x000000c4   Code   RO         3269    i.production_test_flag_close  production_test.o
    0x0000abc4   0x0000004c   Code   RO         3270    i.production_test_main  production_test.o
    0x0000ac10   0x000000ac   Code   RO         3271    i.production_test_model  production_test.o
    0x0000acbc   0x00000048   Code   RO         3272    i.production_test_model1  production_test.o
    0x0000ad04   0x000000f0   Code   RO         3273    i.production_test_model2  production_test.o
    0x0000adf4   0x0000015c   Code   RO         3274    i.production_test_model3  production_test.o
    0x0000af50   0x0000007c   Code   RO         3275    i.production_test_model4  production_test.o
    0x0000afcc   0x00000080   Code   RO          308    i.sys_control_init  main.o
    0x0000b04c   0x00000020   Code   RO         2492    i.uoc_ERR_Flag_clean  button_function.o
    0x0000b06c   0x0000002c   Code   RO         3661    locale$$code        c_p.l(lc_ctype_c.o)
    0x0000b098   0x00000068   Code   RO         3466    x$fpl$drleqf        fz_ps.l(drlef.o)
    0x0000b100   0x00000054   Code   RO         3479    x$fpl$fleqf         fz_ps.l(flef.o)
    0x0000b154   0x000000b0   Code   RO         3481    x$fpl$fmul          fz_ps.l(fmul.o)
    0x0000b204   0x00000058   Code   RO         3483    x$fpl$frleqf        fz_ps.l(frlef.o)
    0x0000b25c   0x00000000   Code   RO         3589    x$fpl$usenofp       fz_ps.l(usenofp.o)
    0x0000b25c   0x00000034   Data   RO          312    .constdata          main.o
    0x0000b290   0x0000002e   Data   RO          466    .constdata          spi.o
    0x0000b2be   0x0000007d   Data   RO         3092    .constdata          system_control.o
    0x0000b33b   0x00000080   Data   RO         3456    .constdata          fz_ps.l(ddiv.o)
    0x0000b3bb   0x00000001   PAD
    0x0000b3bc   0x00000008   Data   RO         3511    .constdata          c_p.l(_printf_wctomb.o)
    0x0000b3c4   0x00000028   Data   RO         3540    .constdata          c_p.l(_printf_hex_int_ll_ptr.o)
    0x0000b3ec   0x00000011   Data   RO         3560    .constdata          c_p.l(__printf_flags_ss_wp.o)
    0x0000b3fd   0x00000003   PAD
    0x0000b400   0x00000020   Data   RO         3784    Region$$Table       anon$$obj.o
    0x0000b420   0x00000110   Data   RO         3660    locale$$data        c_p.l(lc_ctype_c.o)


    Execution Region RW_IRAM1 (Base: 0x20000000, Size: 0x00001d80, Max: 0x00004000, ABSOLUTE, COMPRESSED[0x000003b0])

    Base Addr    Size         Type   Attr      Idx    E Section Name        Object

    0x20000000   0x00000008   Data   RW          313    .data               main.o
    0x20000008   0x000000ac   Data   RW          467    .data               spi.o
    0x200000b4   0x0000000c   Data   RW          677    .data               system_fm33le0xx.o
    0x200000c0   0x00000084   Data   RW         2332    .data               led.o
    0x20000144   0x0000004a   Data   RW         2401    .data               parameter.o
    0x2000018e   0x00000002   PAD
    0x20000190   0x00000214   Data   RW         2493    .data               button_function.o
    0x200003a4   0x00000020   Data   RW         2903    .data               debug.o
    0x200003c4   0x00000034   Data   RW         2904    .data               debug.o
    0x200003f8   0x0000002d   Data   RW         3005    .data               i2c.o
    0x20000425   0x00000003   PAD
    0x20000428   0x00000068   Data   RW         3006    .data               i2c.o
    0x20000490   0x00000148   Data   RW         3093    .data               system_control.o
    0x200005d8   0x000000a8   Data   RW         3276    .data               production_test.o
    0x20000680   0x00000100   Zero   RW          311    .bss                main.o
    0x20000780   0x0000002c   Zero   RW         2399    .bss                parameter.o
    0x200007ac   0x0000004a   Zero   RW         2400    .bss                parameter.o
    0x200007f6   0x00000202   Zero   RW         2900    .bss                debug.o
    0x200009f8   0x00000100   Zero   RW         2901    .bss                debug.o
    0x20000af8   0x00000200   Zero   RW         2902    .bss                debug.o
    0x20000cf8   0x00000021   Zero   RW         3091    .bss                system_control.o
    0x20000d19   0x00000003   PAD
    0x20000d1c   0x00000060   Zero   RW         3648    .bss                c_p.l(libspace.o)
    0x20000d7c   0x00000004   PAD
    0x20000d80   0x00000800   Zero   RW            2    HEAP                startup_fm33le0xx.o
    0x20001580   0x00000800   Zero   RW            1    STACK               startup_fm33le0xx.o


==============================================================================

Image component sizes


      Code (inc. data)   RO Data    RW Data    ZI Data      Debug   Object Name

     11020        800          0        532          0      63083   button_function.o
      3294       1748          0         84       1282      29499   debug.o
       100         12          0          0          0       1507   flash_api.o
       176         24          0          0          0      36812   fm33le0xx_fl.o
       384         10          0          0          0      39290   fm33le0xx_fl_dma.o
       864         90          0          0          0      56590   fm33le0xx_fl_flash.o
       308         14          0          0          0      46287   fm33le0xx_fl_gpio.o
       248         16          0          0          0      58116   fm33le0xx_fl_gptim.o
       236         22          0          0          0      46449   fm33le0xx_fl_i2c.o
       600         84          0          0          0      33526   fm33le0xx_fl_rcc.o
       292         14          0          0          0      42082   fm33le0xx_fl_spi.o
       624         30          0          0          0      48747   fm33le0xx_fl_uart.o
       544         30          0        149          0      22932   i2c.o
        48          4          0        132          0      15971   led.o
       848        234         52          8        256      14931   main.o
      1172        134          0          0          0     164101   mf_config.o
         0          0          0         74        118        306   parameter.o
      3638        310          0        168          0      17066   production_test.o
      5096        828         46        172          0      26633   spi.o
        56         26        192          0       4096        716   startup_fm33le0xx.o
      7558       1100        125        328         33      34734   system_control.o
       544        104          0         12          0       2279   system_fm33le0xx.o
       244         40          0          0          0      25317   timer.o

    ----------------------------------------------------------------------
     37910       5674        447       1664       5788     826974   Object Totals
         0          0         32          0          0          0   (incl. Generated)
        16          0          0          5          3          0   (incl. Padding)

    ----------------------------------------------------------------------

      Code (inc. data)   RO Data    RW Data    ZI Data      Debug   Library Member Name

        86          0          0          0          0          0   __dczerorl2.o
         8          0          0          0          0         68   __main.o
       392          6         17          0          0         76   __printf_flags_ss_wp.o
        14          0          0          0          0         60   __printf_wp.o
         0          0          0          0          0          0   __rtentry.o
        12          0          0          0          0          0   __rtentry2.o
         6          0          0          0          0          0   __rtentry4.o
        60          8          0          0          0          0   __scatter.o
        28          0          0          0          0          0   __scatter_zi.o
        10          0          0          0          0          0   _printf_a.o
        10          0          0          0          0          0   _printf_c.o
        46          0          0          0          0        100   _printf_char.o
        48          6          0          0          0         88   _printf_char_common.o
        38          0          0          0          0         60   _printf_charcount.o
        10          0          0          0          0          0   _printf_d.o
       108         18          0          0          0         76   _printf_dec.o
        10          0          0          0          0          0   _printf_e.o
        10          0          0          0          0          0   _printf_f.o
        10          0          0          0          0          0   _printf_g.o
       152          4         40          0          0        148   _printf_hex_int_ll_ptr.o
        10          0          0          0          0          0   _printf_i.o
       176          0          0          0          0         84   _printf_intcommon.o
        10          0          0          0          0          0   _printf_l.o
        10          0          0          0          0          0   _printf_lc.o
        10          0          0          0          0          0   _printf_ll.o
        10          0          0          0          0          0   _printf_lld.o
        10          0          0          0          0          0   _printf_lli.o
        10          0          0          0          0          0   _printf_llo.o
        10          0          0          0          0          0   _printf_llu.o
        10          0          0          0          0          0   _printf_llx.o
       112         18          0          0          0         76   _printf_longlong_dec.o
        10          0          0          0          0          0   _printf_ls.o
        10          0          0          0          0          0   _printf_n.o
        10          0          0          0          0          0   _printf_o.o
       112         10          0          0          0        112   _printf_oct_int_ll.o
        10          0          0          0          0          0   _printf_p.o
        78          0          0          0          0        100   _printf_pad.o
         2          0          0          0          0          0   _printf_percent.o
         4          0          0          0          0          0   _printf_percent_end.o
        10          0          0          0          0          0   _printf_s.o
        82          0          0          0          0         72   _printf_str.o
        36          0          0          0          0         76   _printf_truncate.o
        10          0          0          0          0          0   _printf_u.o
        46          0          0          0          0        100   _printf_wchar.o
       188          6          8          0          0         80   _printf_wctomb.o
        10          0          0          0          0          0   _printf_x.o
        16          0          0          0          0         60   _snputc.o
        10          0          0          0          0         60   _sputc.o
        56          6          0          0          0         72   _vsnprintf.o
        64          0          0          0          0         72   _wcrtomb.o
       346          0          0          0          0         92   aeabi_sdiv.o
        12          0          0          0          0         64   exit.o
         6          0          0          0          0        136   heapauxi.o
         0          0          0          0          0          0   indicate_semi.o
        44         10        272          0          0         76   lc_ctype_c.o
         2          0          0          0          0          0   libinit.o
        20          0          0          0          0          0   libinit2.o
         2          0          0          0          0          0   libshutdown.o
         2          0          0          0          0          0   libshutdown2.o
         8          4          0          0         96         68   libspace.o
       122          0          0          0          0         72   lludiv10.o
        90          0          0          0          0         68   memcmp.o
        16          4          0          0          0         76   rt_ctype_table.o
         8          4          0          0          0         68   rt_locale_intlibspace.o
        64          0          0          0          0        108   rt_memclr.o
       186          0          0          0          0        144   rt_memcpy.o
         2          0          0          0          0          0   rtexit.o
        10          0          0          0          0          0   rtexit2.o
        40          0          0          0          0         60   rtudiv10.o
       136          4          0          0          0         72   strcmp.o
        12          4          0          0          0         60   sys_exit.o
        62          0          0          0          0         80   sys_stackheap_outer.o
         2          0          0          0          0         68   use_no_semi.o
        48          4          0          0          0         60   cmpret.o
       124          4          0          0          0         72   d2f.o
       856         20          0          0          0        208   daddsub.o
       144          4          0          0          0         76   dcmpin.o
      1096         26        128          0          0        112   ddiv.o
       108         10          0          0          0         72   dfixi.o
        72          4          0          0          0         68   dfixui.o
        88          0          0          0          0         92   dflti.o
       584         26          0          0          0         84   dmul.o
        20          6          0          0          0         68   dnan2.o
       104          4          0          0          0        104   drlef.o
        96         12          0          0          0         72   dscalbn.o
        84          4          0          0          0         60   f2d.o
       100          4          0          0          0         68   fcmpin.o
        76          0          0          0          0         68   ffixi.o
        94          0          0          0          0         92   fflti.o
        84          4          0          0          0         76   flef.o
       176          4          0          0          0         80   fmul.o
        16          6          0          0          0         68   fnan2.o
        88          4          0          0          0         76   frlef.o
        94          0          0          0          0         68   retnan.o
         0          0          0          0          0          0   usenofp.o

    ----------------------------------------------------------------------
      7558        258        469          0        100       4696   Library Totals
        14          0          4          0          4          0   (incl. Padding)

    ----------------------------------------------------------------------

      Code (inc. data)   RO Data    RW Data    ZI Data      Debug   Library Name

      3392        112        337          0         96       2952   c_p.l
      4152        146        128          0          0       1744   fz_ps.l

    ----------------------------------------------------------------------
      7558        258        469          0        100       4696   Library Totals

    ----------------------------------------------------------------------

==============================================================================


      Code (inc. data)   RO Data    RW Data    ZI Data      Debug   

     45468       5932        916       1664       5888     818662   Grand Totals
     45468       5932        916        944       5888     818662   ELF Image Totals (compressed)
     45468       5932        916        944          0          0   ROM Totals

==============================================================================

    Total RO  Size (Code + RO Data)                46384 (  45.30kB)
    Total RW  Size (RW Data + ZI Data)              7552 (   7.38kB)
    Total ROM Size (Code + RO Data + RW Data)      47328 (  46.22kB)

==============================================================================

