Component: ARM Compiler 5.05 update 1 (build 106) Tool: armlink [4d0efa]

==============================================================================

Section Cross References

    startup_fm33le0xx.o(STACK) refers (Special) to heapauxi.o(.text) for __use_two_region_memory
    startup_fm33le0xx.o(HEAP) refers (Special) to heapauxi.o(.text) for __use_two_region_memory
    startup_fm33le0xx.o(RESET) refers (Special) to heapauxi.o(.text) for __use_two_region_memory
    startup_fm33le0xx.o(RESET) refers to startup_fm33le0xx.o(STACK) for __initial_sp
    startup_fm33le0xx.o(RESET) refers to startup_fm33le0xx.o(.text) for Reset_Handler
    startup_fm33le0xx.o(RESET) refers to debug.o(i.UART1_IRQHandler) for UART1_IRQHandler
    startup_fm33le0xx.o(RESET) refers to timer.o(i.GPTIM0_IRQHandler) for GPTIM0_IRQHandler
    startup_fm33le0xx.o(.text) refers (Special) to heapauxi.o(.text) for __use_two_region_memory
    startup_fm33le0xx.o(.text) refers to system_fm33le0xx.o(i.SystemInit) for SystemInit
    startup_fm33le0xx.o(.text) refers to __main.o(!!!main) for __main
    startup_fm33le0xx.o(.text) refers to startup_fm33le0xx.o(HEAP) for Heap_Mem
    startup_fm33le0xx.o(.text) refers to startup_fm33le0xx.o(STACK) for Stack_Mem
    mf_config.o(i.MF_Button_Init) refers to fm33le0xx_fl_gpio.o(i.FL_GPIO_Init) for FL_GPIO_Init
    mf_config.o(i.MF_Config_Init) refers to mf_config.o(i.MF_Spi_Init) for MF_Spi_Init
    mf_config.o(i.MF_Config_Init) refers to mf_config.o(i.MF_Led_Init) for MF_Led_Init
    mf_config.o(i.MF_Config_Init) refers to mf_config.o(i.MF_Debug_Init) for MF_Debug_Init
    mf_config.o(i.MF_Config_Init) refers to mf_config.o(i.MF_Button_Init) for MF_Button_Init
    mf_config.o(i.MF_Config_Init) refers to mf_config.o(i.MF_I2C_Init) for MF_I2C_Init
    mf_config.o(i.MF_Config_Init) refers to mf_config.o(i.MF_Control_Init) for MF_Control_Init
    mf_config.o(i.MF_Config_Init) refers to mf_config.o(i.MF_GPTIM0_TimerBase_Init) for MF_GPTIM0_TimerBase_Init
    mf_config.o(i.MF_Config_Init) refers to mf_config.o(i.MF_NVIC_Init) for MF_NVIC_Init
    mf_config.o(i.MF_Config_Init) refers to timer.o(i.GPTIM_Start) for GPTIM_Start
    mf_config.o(i.MF_Control_Init) refers to fm33le0xx_fl_gpio.o(i.FL_GPIO_Init) for FL_GPIO_Init
    mf_config.o(i.MF_Debug_Init) refers to mf_config.o(i.MF_UART1_Init) for MF_UART1_Init
    mf_config.o(i.MF_GPTIM0_TimerBase_Init) refers to fm33le0xx_fl_gptim.o(i.FL_GPTIM_Init) for FL_GPTIM_Init
    mf_config.o(i.MF_I2C_Init) refers to fm33le0xx_fl_gpio.o(i.FL_GPIO_Init) for FL_GPIO_Init
    mf_config.o(i.MF_I2C_Init) refers to fm33le0xx_fl_i2c.o(i.FL_I2C_MasterMode_Init) for FL_I2C_MasterMode_Init
    mf_config.o(i.MF_Led_Init) refers to fm33le0xx_fl_gpio.o(i.FL_GPIO_Init) for FL_GPIO_Init
    mf_config.o(i.MF_NVIC_Init) refers to fm33le0xx_fl.o(i.FL_NVIC_Init) for FL_NVIC_Init
    mf_config.o(i.MF_Spi_Init) refers to fm33le0xx_fl_gpio.o(i.FL_GPIO_Init) for FL_GPIO_Init
    mf_config.o(i.MF_Spi_Init) refers to fm33le0xx_fl_spi.o(i.FL_SPI_Init) for FL_SPI_Init
    mf_config.o(i.MF_UART1_Init) refers to fm33le0xx_fl_gpio.o(i.FL_GPIO_Init) for FL_GPIO_Init
    mf_config.o(i.MF_UART1_Init) refers to fm33le0xx_fl_uart.o(i.FL_UART_Init) for FL_UART_Init
    main.o(i.Debug_dispaly_init) refers to debug.o(i.dbg_array_buffer) for dbg_array_buffer
    main.o(i.Debug_dispaly_init) refers to debug.o(i.dbg_printf) for dbg_printf
    main.o(i.Debug_dispaly_init) refers to main.o(.constdata) for __func__
    main.o(i.Display_init) refers to led.o(i.led_display) for led_display
    main.o(i.Display_init) refers to i2c.o(i.I2C_Display) for I2C_Display
    main.o(i.Display_init) refers to led.o(.data) for UOCLed
    main.o(i.Spi_data_init) refers to spi.o(i.SPI_Check_init) for SPI_Check_init
    main.o(i.Spi_data_init) refers to debug.o(i.dbg_printf) for dbg_printf
    main.o(i.Spi_data_init) refers to main.o(.constdata) for __func__
    main.o(i.UOC_spi_read_data_cycle) refers to led.o(i.led_display) for led_display
    main.o(i.UOC_spi_read_data_cycle) refers to spi.o(i.SPI_Read_data) for SPI_Read_data
    main.o(i.UOC_spi_read_data_cycle) refers to debug.o(i.dbg_printf) for dbg_printf
    main.o(i.UOC_spi_read_data_cycle) refers to i2c.o(i.I2C_Display) for I2C_Display
    main.o(i.UOC_spi_read_data_cycle) refers to aeabi_sdiv.o(.text) for __aeabi_uidivmod
    main.o(i.UOC_spi_read_data_cycle) refers to button_function.o(.data) for UOCPara
    main.o(i.UOC_spi_read_data_cycle) refers to main.o(.data) for time_num
    main.o(i.UOC_spi_read_data_cycle) refers to main.o(.constdata) for __func__
    main.o(i.UOC_sys_data_init) refers to main.o(i.Debug_dispaly_init) for Debug_dispaly_init
    main.o(i.UOC_sys_data_init) refers to main.o(i.Display_init) for Display_init
    main.o(i.UOC_sys_data_init) refers to main.o(i.Spi_data_init) for Spi_data_init
    main.o(i.main) refers to mf_config.o(i.MF_Clock_Init) for MF_Clock_Init
[...]
    i.UOC_paremeter_F16_FUNC                 0x00004e0c   Section        0  button_function.o(i.UOC_paremeter_F16_FUNC)
    i.UOC_paremeter_F17_FUNC                 0x00004e44   Section        0  button_function.o(i.UOC_paremeter_F17_FUNC)
    i.UOC_paremeter_F18_FUNC                 0x00004e7c   Section        0  button_function.o(i.UOC_paremeter_F18_FUNC)
    i.UOC_paremeter_F19_FUNC                 0x00004eb4   Section        0  button_function.o(i.UOC_paremeter_F19_FUNC)
    i.UOC_paremeter_F20_FUNC                 0x00004eec   Section        0  button_function.o(i.UOC_paremeter_F20_FUNC)
    i.UOC_paremeter_F21_FUNC                 0x00004f24   Section        0  button_function.o(i.UOC_paremeter_F21_FUNC)
    i.UOC_paremeter_F22_FUNC                 0x00004f5c   Section        0  button_function.o(i.UOC_paremeter_F22_FUNC)
    i.UOC_paremeter_F23_FUNC                 0x00004f94   Section        0  button_function.o(i.UOC_paremeter_F23_FUNC)
    i.UOC_paremeter_F24_FUNC                 0x00004fcc   Section        0  button_function.o(i.UOC_paremeter_F24_FUNC)
    i.UOC_paremeter_F25_FUNC                 0x00005004   Section        0  button_function.o(i.UOC_paremeter_F25_FUNC)
    i.UOC_paremeter_F26_FUNC                 0x0000503c   Section        0  button_function.o(i.UOC_paremeter_F26_FUNC)
    i.UOC_paremeter_F27_FUNC                 0x00005074   Section        0  button_function.o(i.UOC_paremeter_F27_FUNC)
    i.UOC_paremeter_F28_FUNC                 0x000050ac   Section        0  button_function.o(i.UOC_paremeter_F28_FUNC)
    i.UOC_paremeter_F29_FUNC                 0x000050e4   Section        0  button_function.o(i.UOC_paremeter_F29_FUNC)
    i.UOC_paremeter_F30_FUNC                 0x0000511c   Section        0  button_function.o(i.UOC_paremeter_F30_FUNC)
    i.UOC_paremeter_F31_FUNC                 0x00005154   Section        0  button_function.o(i.UOC_paremeter_F31_FUNC)
    i.UOC_paremeter_F32_FUNC                 0x0000518c   Section        0  button_function.o(i.UOC_paremeter_F32_FUNC)
    i.UOC_paremeter_F33_FUNC                 0x000051c4   Section        0  button_function.o(i.UOC_paremeter_F33_FUNC)
    i.UOC_paremeter_F34_FUNC                 0x000051fc   Section        0  button_function.o(i.UOC_paremeter_F34_FUNC)
    i.UOC_paremeter_F35_FUNC                 0x00005234   Section        0  button_function.o(i.UOC_paremeter_F35_FUNC)
    i.UOC_paremeter_F36_FUNC                 0x0000526c   Section        0  button_function.o(i.UOC_paremeter_F36_FUNC)
    i.UOC_paremeter_F37_FUNC                 0x000052a4   Section        0  button_function.o(i.UOC_paremeter_F37_FUNC)
    i.UOC_paremeter_F38_FUNC                 0x000052dc   Section        0  button_function.o(i.UOC_paremeter_F38_FUNC)
    i.UOC_paremeter_F39_FUNC                 0x00005314   Section        0  button_function.o(i.UOC_paremeter_F39_FUNC)
    i.UOC_paremeter_F40_FUNC                 0x0000534c   Section        0  button_function.o(i.UOC_paremeter_F40_FUNC)
    i.UOC_paremeter_F41_FUNC                 0x00005384   Section        0  button_function.o(i.UOC_paremeter_F41_FUNC)
    i.UOC_paremeter_F42_FUNC                 0x000053bc   Section        0  button_function.o(i.UOC_paremeter_F42_FUNC)
    i.UOC_paremeter_F43_FUNC                 0x000053f4   Section        0  button_function.o(i.UOC_paremeter_F43_FUNC)
    i.UOC_paremeter_F44_FUNC                 0x0000542c   Section        0  button_function.o(i.UOC_paremeter_F44_FUNC)
    i.UOC_paremeter_F45_FUNC                 0x00005464   Section        0  button_function.o(i.UOC_paremeter_F45_FUNC)
    i.UOC_paremeter_F46_FUNC                 0x0000549c   Section        0  button_function.o(i.UOC_paremeter_F46_FUNC)
    i.UOC_paremeter_F47_FUNC                 0x000054d4   Section        0  button_function.o(i.UOC_paremeter_F47_FUNC)
    i.UOC_paremeter_F48_FUNC                 0x0000550c   Section        0  button_function.o(i.UOC_paremeter_F48_FUNC)
    i.UOC_paremeter_F49_FUNC                 0x00005544   Section        0  button_function.o(i.UOC_paremeter_F49_FUNC)
    i.UOC_paremeter_F50_FUNC                 0x0000557c   Section        0  button_function.o(i.UOC_paremeter_F50_FUNC)
    i.UOC_paremeter_F51_FUNC                 0x000055b4   Section        0  button_function.o(i.UOC_paremeter_F51_FUNC)
    i.UOC_paremeter_F52_FUNC                 0x000055ec   Section        0  button_function.o(i.UOC_paremeter_F52_FUNC)
    i.UOC_paremeter_F53_FUNC                 0x00005624   Section        0  button_function.o(i.UOC_paremeter_F53_FUNC)
    i.UOC_paremeter_F54_FUNC                 0x0000565c   Section        0  button_function.o(i.UOC_paremeter_F54_FUNC)
    i.UOC_paremeter_F55_FUNC                 0x00005694   Section        0  button_function.o(i.UOC_paremeter_F55_FUNC)
    i.UOC_paremeter_F56_FUNC                 0x000056cc   Section        0  button_function.o(i.UOC_paremeter_F56_FUNC)
    i.UOC_paremeter_F57_FUNC                 0x00005704   Section        0  button_function.o(i.UOC_paremeter_F57_FUNC)
    i.UOC_paremeter_F58_FUNC                 0x0000573c   Section        0  button_function.o(i.UOC_paremeter_F58_FUNC)
    i.UOC_paremeter_F59_FUNC                 0x00005774   Section        0  button_function.o(i.UOC_paremeter_F59_FUNC)
    i.UOC_paremeter_F60_FUNC                 0x000057ac   Section        0  button_function.o(i.UOC_paremeter_F60_FUNC)
    i.UOC_paremeter_F61_FUNC                 0x000057e4   Section        0  button_function.o(i.UOC_paremeter_F61_FUNC)
    i.UOC_paremeter_F62_FUNC                 0x0000581c   Section        0  button_function.o(i.UOC_paremeter_F62_FUNC)
    i.UOC_paremeter_F63_FUNC                 0x00005854   Section        0  button_function.o(i.UOC_paremeter_F63_FUNC)
    i.UOC_paremeter_F64_FUNC                 0x0000588c   Section        0  button_function.o(i.UOC_paremeter_F64_FUNC)
    i.UOC_paremeter_F65_FUNC                 0x000058c4   Section        0  button_function.o(i.UOC_paremeter_F65_FUNC)
    i.UOC_paremeter_F66_FUNC                 0x000058fc   Section        0  button_function.o(i.UOC_paremeter_F66_FUNC)
    i.UOC_paremeter_F67_FUNC                 0x00005934   Section        0  button_function.o(i.UOC_paremeter_F67_FUNC)
    i.UOC_paremeter_F68_FUNC                 0x000059f0   Section        0  button_function.o(i.UOC_paremeter_F68_FUNC)
    i.UOC_paremeter_F69_FUNC                 0x00005a28   Section        0  button_function.o(i.UOC_paremeter_F69_FUNC)
    i.UOC_paremeter_FREE_FUNC                0x00005a80   Section        0  button_function.o(i.UOC_paremeter_FREE_FUNC)
    i.UOC_spi_read_data_cycle                0x00005ac0   Section        0  main.o(i.UOC_spi_read_data_cycle)
    i.UOC_sys_data_init                      0x00006388   Section        0  main.o(i.UOC_sys_data_init)
    i.Wait_for_end                           0x00006398   Section        0  i2c.o(i.Wait_for_end)
    i.__ARM_common_switch8                   0x000063d4   Section        0  system_fm33le0xx.o(i.__ARM_common_switch8)
    i._is_digit                              0x000063f0   Section        0  __printf_wp.o(i._is_digit)
    i.dbg_array_buffer                       0x00006400   Section        0  debug.o(i.dbg_array_buffer)
    i.dbg_printf                             0x00006454   Section        0  debug.o(i.dbg_printf)
    i.led_display                            0x0000649c   Section        0  led.o(i.led_display)
    i.main                                   0x000064e8   Section        0  main.o(i.main)
    locale$$code                             0x00006544   Section       44  lc_ctype_c.o(locale$$code)
    .constdata                               0x00006570   Section       57  main.o(.constdata)
    x$fpl$usenofp                            0x00006570   Section        0  usenofp.o(x$fpl$usenofp)
    __func__                                 0x00006570   Data          19  main.o(.constdata)
    __func__                                 0x00006583   Data          14  main.o(.constdata)
    __func__                                 0x00006591   Data          24  main.o(.constdata)
    .constdata                               0x000065a9   Section       15  spi.o(.constdata)
    __func__                                 0x000065a9   Data          15  spi.o(.constdata)
    .constdata                               0x000065b8   Section       22  button_function.o(.constdata)
    __func__                                 0x000065b8   Data          10  button_function.o(.constdata)
    __func__                                 0x000065c2   Data          12  button_function.o(.constdata)
    .constdata                               0x000065ce   Section       16  system_control.o(.constdata)
    __func__                                 0x000065ce   Data          16  system_control.o(.constdata)
    .constdata                               0x000065de   Section      128  ddiv.o(.constdata)
    ddiv_reciptbl                            0x000065de   Data         128  ddiv.o(.constdata)
    .constdata                               0x00006660   Section        8  _printf_wctomb.o(.constdata)
    initial_mbstate                          0x00006660   Data           8  _printf_wctomb.o(.constdata)
    .constdata                               0x00006668   Section       40  _printf_hex_int_ll_ptr.o(.constdata)
    uc_hextab                                0x00006668   Data          20  _printf_hex_int_ll_ptr.o(.constdata)
    lc_hextab                                0x0000667c   Data          20  _printf_hex_int_ll_ptr.o(.constdata)
    .constdata                               0x00006690   Section       17  __printf_flags_ss_wp.o(.constdata)
    maptable                                 0x00006690   Data          17  __printf_flags_ss_wp.o(.constdata)
    locale$$data                             0x000066c4   Section      272  lc_ctype_c.o(locale$$data)
    __lcctype_c_name                         0x000066c8   Data           2  lc_ctype_c.o(locale$$data)
    __lcctype_c_start                        0x000066d0   Data           0  lc_ctype_c.o(locale$$data)
    __lcctype_c_end                          0x000067d4   Data           0  lc_ctype_c.o(locale$$data)
    .data                                    0x20000000   Section        9  main.o(.data)
    time_num                                 0x20000004   Data           4  main.o(.data)
    read_flag                                0x20000008   Data           1  main.o(.data)
    .data                                    0x2000000c   Section       12  system_fm33le0xx.o(.data)
    .data                                    0x20000018   Section      132  led.o(.data)
    .data                                    0x2000009c   Section       70  parameter.o(.data)
    .data                                    0x200000e4   Section      592  button_function.o(.data)
    Button_deal                              0x200000fc   Data         568  button_function.o(.data)
    .data                                    0x20000334   Section      136  debug.o(.data)
    .data                                    0x200003bc   Section       45  i2c.o(.data)
    .data                                    0x200003ec   Section      181  system_control.o(.data)
    .bss                                     0x200004a4   Section      256  main.o(.bss)
    .bss                                     0x200005a4   Section     1282  debug.o(.bss)
    .bss                                     0x20000aa8   Section       96  libspace.o(.bss)
    HEAP                                     0x20000b08   Section     2048  startup_fm33le0xx.o(HEAP)
    Heap_Mem                                 0x20000b08   Data        2048  startup_fm33le0xx.o(HEAP)
    STACK                                    0x20001308   Section     2048  startup_fm33le0xx.o(STACK)
    Stack_Mem                                0x20001308   Data        2048  startup_fm33le0xx.o(STACK)
    __initial_sp                             0x20001b08   Data           0  startup_fm33le0xx.o(STACK)

    Global Symbols

    Symbol Name                              Value     Ov Type        Size  Object(Section)

    BuildAttributes$$THM_ISAv3M$S$PE$A:L22$X:L11$S22$IEEE1$IW$USESV6$~STKCKD$USESV7$~SHL$OSPACE$ROPI$EBA8$UX$STANDARDLIB$REQ8$PRES8$EABIv2 0x00000000   Number         0  anon$$obj.o ABSOLUTE
    __ARM_use_no_argv                        0x00000000   Number         0  main.o ABSOLUTE
    __Vectors                                0x00000000   Data           4  startup_fm33le0xx.o(RESET)
    _printf_flags                            0x00000000   Number         0  printf_stubs.o ABSOLUTE
    _printf_return_value                     0x00000000   Number         0  printf_stubs.o ABSOLUTE
    _printf_sizespec                         0x00000000   Number         0  printf_stubs.o ABSOLUTE
    _printf_widthprec                        0x00000000   Number         0  printf_stubs.o ABSOLUTE
    __ARM_exceptions_init                     - Undefined Weak Reference
    __alloca_initialize                       - Undefined Weak Reference
    __arm_preinit_                            - Undefined Weak Reference
    __cpp_initialize__aeabi_                  - Undefined Weak Reference
    __cxa_finalize                            - Undefined Weak Reference
    __sigvec_lookup                           - Undefined Weak Reference
    _atexit_init                              - Undefined Weak Reference
    _call_atexit_fns                          - Undefined Weak Reference
    _clock_init                               - Undefined Weak Reference
    _fp_trap_init                             - Undefined Weak Reference
    _fp_trap_shutdown                         - Undefined Weak Reference
    _get_lc_collate                           - Undefined Weak Reference
    _get_lc_monetary                          - Undefined Weak Reference
    _get_lc_numeric                           - Undefined Weak Reference
    _get_lc_time                              - Undefined Weak Reference
    _getenv_init                              - Undefined Weak Reference
    _handle_redirection                       - Undefined Weak Reference
    _init_alloc                               - Undefined Weak Reference
    _init_user_alloc                          - Undefined Weak Reference
    _initio                                   - Undefined Weak Reference
    _printf_fp_dec                            - Undefined Weak Reference
    _printf_fp_hex                            - Undefined Weak Reference
    _printf_mbtowc                            - Undefined Weak Reference
    _printf_wc                                - Undefined Weak Reference
    _rand_init                                - Undefined Weak Reference
    _signal_finish                            - Undefined Weak Reference
    _signal_init                              - Undefined Weak Reference
    _terminate_alloc                          - Undefined Weak Reference
    _terminate_user_alloc                     - Undefined Weak Reference
    _terminateio                              - Undefined Weak Reference
    __Vectors_End                            0x000000c0   Data           0  startup_fm33le0xx.o(RESET)
    __Vectors_Size                           0x000000c0   Number         0  startup_fm33le0xx.o ABSOLUTE
    __main                                   0x000000c1   Thumb Code     8  __main.o(!!!main)
    __scatterload                            0x000000c9   Thumb Code     0  __scatter.o(!!!scatter)
    __scatterload_rt2                        0x000000c9   Thumb Code    52  __scatter.o(!!!scatter)
    __scatterload_rt2_thumb_only             0x000000c9   Thumb Code     0  __scatter.o(!!!scatter)
    __scatterload_null                       0x000000d9   Thumb Code     0  __scatter.o(!!!scatter)
    __scatterload_zeroinit                   0x00000105   Thumb Code    28  __scatter_zi.o(!!handler_zi)
    _printf_percent                          0x00000121   Thumb Code     0  _printf_percent.o(.ARM.Collect$$_printf_percent$$00000000)
    _printf_n                                0x00000123   Thumb Code     0  _printf_n.o(.ARM.Collect$$_printf_percent$$00000001)
    _printf_p                                0x0000012d   Thumb Code     0  _printf_p.o(.ARM.Collect$$_printf_percent$$00000002)
    _printf_f                                0x00000137   Thumb Code     0  _printf_f.o(.ARM.Collect$$_printf_percent$$00000003)
    _printf_e                                0x00000141   Thumb Code     0  _printf_e.o(.ARM.Collect$$_printf_percent$$00000004)
    _printf_g                                0x0000014b   Thumb Code     0  _printf_g.o(.ARM.Collect$$_printf_percent$$00000005)
    _printf_a                                0x00000155   Thumb Code     0  _printf_a.o(.ARM.Collect$$_printf_percent$$00000006)
    _printf_ll                               0x0000015f   Thumb Code     0  _printf_ll.o(.ARM.Collect$$_printf_percent$$00000007)
    _printf_i                                0x00000169   Thumb Code     0  _printf_i.o(.ARM.Collect$$_printf_percent$$00000008)
    _printf_d                                0x00000173   Thumb Code     0  _printf_d.o(.ARM.Collect$$_printf_percent$$00000009)
    _printf_u                                0x0000017d   Thumb Code     0  _printf_u.o(.ARM.Collect$$_printf_percent$$0000000A)
    _printf_o                                0x00000187   Thumb Code     0  _printf_o.o(.ARM.Collect$$_printf_percent$$0000000B)
    _printf_x                                0x00000191   Thumb Code     0  _printf_x.o(.ARM.Collect$$_printf_percent$$0000000C)
    _printf_lli                              0x0000019b   Thumb Code     0  _printf_lli.o(.ARM.Collect$$_printf_percent$$0000000D)
    _printf_lld                              0x000001a5   Thumb Code     0  _printf_lld.o(.ARM.Collect$$_printf_percent$$0000000E)
    _printf_llu                              0x000001af   Thumb Code     0  _printf_llu.o(.ARM.Collect$$_printf_percent$$0000000F)
    _printf_llo                              0x000001b9   Thumb Code     0  _printf_llo.o(.ARM.Collect$$_printf_percent$$00000010)
    _printf_llx                              0x000001c3   Thumb Code     0  _printf_llx.o(.ARM.Collect$$_printf_percent$$00000011)
    _printf_l                                0x000001cd   Thumb Code     0  _printf_l.o(.ARM.Collect$$_printf_percent$$00000012)
    _printf_c                                0x000001d7   Thumb Code     0  _printf_c.o(.ARM.Collect$$_printf_percent$$00000013)
    _printf_s                                0x000001e1   Thumb Code     0  _printf_s.o(.ARM.Collect$$_printf_percent$$00000014)
    _printf_lc                               0x000001eb   Thumb Code     0  _printf_lc.o(.ARM.Collect$$_printf_percent$$00000015)
    _printf_ls                               0x000001f5   Thumb Code     0  _printf_ls.o(.ARM.Collect$$_printf_percent$$00000016)
    _printf_percent_end                      0x000001ff   Thumb Code     0  _printf_percent_end.o(.ARM.Collect$$_printf_percent$$00000017)
    __rt_lib_init                            0x00000203   Thumb Code     0  libinit.o(.ARM.Collect$$libinit$$00000000)
    __rt_lib_init_fp_1                       0x00000205   Thumb Code     0  libinit2.o(.ARM.Collect$$libinit$$00000002)
    __rt_lib_init_heap_1                     0x00000205   Thumb Code     0  libinit2.o(.ARM.Collect$$libinit$$0000000A)
    __rt_lib_init_lc_common                  0x00000205   Thumb Code     0  libinit2.o(.ARM.Collect$$libinit$$0000000F)
    __rt_lib_init_preinit_1                  0x00000205   Thumb Code     0  libinit2.o(.ARM.Collect$$libinit$$00000004)
    __rt_lib_init_rand_1                     0x00000205   Thumb Code     0  libinit2.o(.ARM.Collect$$libinit$$0000000E)
    __rt_lib_init_user_alloc_1               0x00000205   Thumb Code     0  libinit2.o(.ARM.Collect$$libinit$$0000000C)
    __rt_lib_init_lc_collate_1               0x0000020b   Thumb Code     0  libinit2.o(.ARM.Collect$$libinit$$00000011)
    __rt_lib_init_lc_ctype_2                 0x0000020b   Thumb Code     0  libinit2.o(.ARM.Collect$$libinit$$00000012)
    __rt_lib_init_alloca_1                   0x00000217   Thumb Code     0  libinit2.o(.ARM.Collect$$libinit$$0000002E)
    __rt_lib_init_argv_1                     0x00000217   Thumb Code     0  libinit2.o(.ARM.Collect$$libinit$$0000002C)
    __rt_lib_init_atexit_1                   0x00000217   Thumb Code     0  libinit2.o(.ARM.Collect$$libinit$$0000001B)
    __rt_lib_init_clock_1                    0x00000217   Thumb Code     0  libinit2.o(.ARM.Collect$$libinit$$00000021)
    __rt_lib_init_cpp_1                      0x00000217   Thumb Code     0  libinit2.o(.ARM.Collect$$libinit$$00000032)
    __rt_lib_init_exceptions_1               0x00000217   Thumb Code     0  libinit2.o(.ARM.Collect$$libinit$$00000030)
    __rt_lib_init_fp_trap_1                  0x00000217   Thumb Code     0  libinit2.o(.ARM.Collect$$libinit$$0000001F)
    __rt_lib_init_getenv_1                   0x00000217   Thumb Code     0  libinit2.o(.ARM.Collect$$libinit$$00000023)
    __rt_lib_init_lc_ctype_1                 0x00000217   Thumb Code     0  libinit2.o(.ARM.Collect$$libinit$$00000013)
    __rt_lib_init_lc_monetary_1              0x00000217   Thumb Code     0  libinit2.o(.ARM.Collect$$libinit$$00000015)
    __rt_lib_init_lc_numeric_1               0x00000217   Thumb Code     0  libinit2.o(.ARM.Collect$$libinit$$00000017)
    __rt_lib_init_lc_time_1                  0x00000217   Thumb Code     0  libinit2.o(.ARM.Collect$$libinit$$00000019)
    __rt_lib_init_return                     0x00000217   Thumb Code     0  libinit2.o(.ARM.Collect$$libinit$$00000033)
    __rt_lib_init_signal_1                   0x00000217   Thumb Code     0  libinit2.o(.ARM.Collect$$libinit$$0000001D)
    __rt_lib_init_stdio_1                    0x00000217   Thumb Code     0  libinit2.o(.ARM.Collect$$libinit$$00000025)
    __rt_lib_shutdown                        0x00000219   Thumb Code     0  libshutdown.o(.ARM.Collect$$libshutdown$$00000000)
    __rt_lib_shutdown_fp_trap_1              0x0000021b   Thumb Code     0  libshutdown2.o(.ARM.Collect$$libshutdown$$00000006)
    __rt_lib_shutdown_heap_1                 0x0000021b   Thumb Code     0  libshutdown2.o(.ARM.Collect$$libshutdown$$0000000E)
    __rt_lib_shutdown_return                 0x0000021b   Thumb Code     0  libshutdown2.o(.ARM.Collect$$libshutdown$$0000000F)
    __rt_lib_shutdown_signal_1               0x0000021b   Thumb Code     0  libshutdown2.o(.ARM.Collect$$libshutdown$$00000009)
    __rt_lib_shutdown_stdio_1                0x0000021b   Thumb Code     0  libshutdown2.o(.ARM.Collect$$libshutdown$$00000003)
    __rt_lib_shutdown_user_alloc_1           0x0000021b   Thumb Code     0  libshutdown2.o(.ARM.Collect$$libshutdown$$0000000B)
    __rt_entry                               0x0000021d   Thumb Code     0  __rtentry.o(.ARM.Collect$$rtentry$$00000000)
    __rt_entry_presh_1                       0x0000021d   Thumb Code     0  __rtentry2.o(.ARM.Collect$$rtentry$$00000002)
    __rt_entry_sh                            0x0000021d   Thumb Code     0  __rtentry4.o(.ARM.Collect$$rtentry$$00000004)
    __rt_entry_li                            0x00000223   Thumb Code     0  __rtentry2.o(.ARM.Collect$$rtentry$$0000000A)
    __rt_entry_postsh_1                      0x00000223   Thumb Code     0  __rtentry2.o(.ARM.Collect$$rtentry$$00000009)
    __rt_entry_main                          0x00000227   Thumb Code     0  __rtentry2.o(.ARM.Collect$$rtentry$$0000000D)
    __rt_entry_postli_1                      0x00000227   Thumb Code     0  __rtentry2.o(.ARM.Collect$$rtentry$$0000000C)
    __rt_exit                                0x0000022f   Thumb Code     0  rtexit.o(.ARM.Collect$$rtexit$$00000000)
    __rt_exit_ls                             0x00000231   Thumb Code     0  rtexit2.o(.ARM.Collect$$rtexit$$00000003)
    __rt_exit_prels_1                        0x00000231   Thumb Code     0  rtexit2.o(.ARM.Collect$$rtexit$$00000002)
    __rt_exit_exit                           0x00000235   Thumb Code     0  rtexit2.o(.ARM.Collect$$rtexit$$00000004)
    Reset_Handler                            0x0000023d   Thumb Code     8  startup_fm33le0xx.o(.text)
    NMI_Handler                              0x00000245   Thumb Code     2  startup_fm33le0xx.o(.text)
    HardFault_Handler                        0x00000247   Thumb Code     2  startup_fm33le0xx.o(.text)
    SVC_Handler                              0x00000249   Thumb Code     2  startup_fm33le0xx.o(.text)
    PendSV_Handler                           0x0000024b   Thumb Code     2  startup_fm33le0xx.o(.text)
    SysTick_Handler                          0x0000024d   Thumb Code     2  startup_fm33le0xx.o(.text)
    ADC_IRQHandler                           0x0000024f   Thumb Code     0  startup_fm33le0xx.o(.text)
    AES_IRQHandler                           0x0000024f   Thumb Code     0  startup_fm33le0xx.o(.text)
    ATIM_IRQHandler                          0x0000024f   Thumb Code     0  startup_fm33le0xx.o(.text)
    BSTIM_IRQHandler                         0x0000024f   Thumb Code     0  startup_fm33le0xx.o(.text)
    COMPx_IRQHandler                         0x0000024f   Thumb Code     0  startup_fm33le0xx.o(.text)
    DMA_IRQHandler                           0x0000024f   Thumb Code     0  startup_fm33le0xx.o(.text)
    FLASH_IRQHandler                         0x0000024f   Thumb Code     0  startup_fm33le0xx.o(.text)
    GPIO_IRQHandler                          0x0000024f   Thumb Code     0  startup_fm33le0xx.o(.text)
    GPTIM1_IRQHandler                        0x0000024f   Thumb Code     0  startup_fm33le0xx.o(.text)
    HFDET_IRQHandler                         0x0000024f   Thumb Code     0  startup_fm33le0xx.o(.text)
    I2CSMB_IRQHandler                        0x0000024f   Thumb Code     0  startup_fm33le0xx.o(.text)
    I2C_IRQHandler                           0x0000024f   Thumb Code     0  startup_fm33le0xx.o(.text)
    IWDT_IRQHandler                          0x0000024f   Thumb Code     0  startup_fm33le0xx.o(.text)
    LCD_IRQHandler                           0x0000024f   Thumb Code     0  startup_fm33le0xx.o(.text)
    LFDET_IRQHandler                         0x0000024f   Thumb Code     0  startup_fm33le0xx.o(.text)
    LPTIM_IRQHandler                         0x0000024f   Thumb Code     0  startup_fm33le0xx.o(.text)
    LPUART0_IRQHandler                       0x0000024f   Thumb Code     0  startup_fm33le0xx.o(.text)
    LPUART1_IRQHandler                       0x0000024f   Thumb Code     0  startup_fm33le0xx.o(.text)
    RTC_IRQHandler                           0x0000024f   Thumb Code     0  startup_fm33le0xx.o(.text)
    SPI1_IRQHandler                          0x0000024f   Thumb Code     0  startup_fm33le0xx.o(.text)
    SPI2_IRQHandler                          0x0000024f   Thumb Code     0  startup_fm33le0xx.o(.text)
    SVD_IRQHandler                           0x0000024f   Thumb Code     0  startup_fm33le0xx.o(.text)
    U7816_IRQHandler                         0x0000024f   Thumb Code     0  startup_fm33le0xx.o(.text)
    UART0_IRQHandler                         0x0000024f   Thumb Code     0  startup_fm33le0xx.o(.text)
    UART2_IRQHandler                         0x0000024f   Thumb Code     0  startup_fm33le0xx.o(.text)
    UART4_IRQHandler                         0x0000024f   Thumb Code     0  startup_fm33le0xx.o(.text)
    UART5_IRQHandler                         0x0000024f   Thumb Code     0  startup_fm33le0xx.o(.text)
    VREF_IRQHandler                          0x0000024f   Thumb Code     0  startup_fm33le0xx.o(.text)
    WKUP_IRQHandler                          0x0000024f   Thumb Code     0  startup_fm33le0xx.o(.text)
    WWDT_IRQHandler                          0x0000024f   Thumb Code     0  startup_fm33le0xx.o(.text)
    __user_initial_stackheap                 0x00000251   Thumb Code     0  startup_fm33le0xx.o(.text)
    _vsnprintf                               0x00000275   Thumb Code    50  _vsnprintf.o(.text)
    __aeabi_uidiv                            0x000002ad   Thumb Code     0  aeabi_sdiv.o(.text)
    __aeabi_uidivmod                         0x000002ad   Thumb Code    20  aeabi_sdiv.o(.text)
    __aeabi_idiv                             0x000002c1   Thumb Code     0  aeabi_sdiv.o(.text)
    __aeabi_idivmod                          0x000002c1   Thumb Code   326  aeabi_sdiv.o(.text)
    __use_two_region_memory                  0x00000407   Thumb Code     2  heapauxi.o(.text)
    __rt_heap_escrow$2region                 0x00000409   Thumb Code     2  heapauxi.o(.text)
    __rt_heap_expand$2region                 0x0000040b   Thumb Code     2  heapauxi.o(.text)
    __aeabi_dadd                             0x00000705   Thumb Code     0  daddsub.o(.text)
    _dadd                                    0x00000705   Thumb Code    26  daddsub.o(.text)
    __aeabi_dsub                             0x0000071f   Thumb Code     0  daddsub.o(.text)
    _dsub                                    0x0000071f   Thumb Code    22  daddsub.o(.text)
    __aeabi_drsub                            0x00000735   Thumb Code     0  daddsub.o(.text)
    _drsb                                    0x00000735   Thumb Code    28  daddsub.o(.text)
    __aeabi_ddiv                             0x00000765   Thumb Code     0  ddiv.o(.text)
    _ddiv                                    0x00000765   Thumb Code  1072  ddiv.o(.text)
    _drdiv                                   0x00000b95   Thumb Code    20  ddiv.o(.text)
    __aeabi_d2uiz                            0x00000bad   Thumb Code     0  dfixui.o(.text)
    _dfixu                                   0x00000bad   Thumb Code    68  dfixui.o(.text)
    __aeabi_i2d_normalise                    0x00000bf5   Thumb Code    66  dflti.o(.text)
    __aeabi_i2d                              0x00000c37   Thumb Code    16  dflti.o(.text)
    _dflt                                    0x00000c37   Thumb Code     0  dflti.o(.text)
    __aeabi_ui2d                             0x00000c47   Thumb Code     6  dflti.o(.text)
    _dfltu                                   0x00000c47   Thumb Code     0  dflti.o(.text)
    _printf_pre_padding                      0x00000c4d   Thumb Code    44  _printf_pad.o(.text)
    _printf_post_padding                     0x00000c79   Thumb Code    34  _printf_pad.o(.text)
    _printf_truncate_signed                  0x00000c9b   Thumb Code    18  _printf_truncate.o(.text)
    _printf_truncate_unsigned                0x00000cad   Thumb Code    18  _printf_truncate.o(.text)
    _printf_str                              0x00000cbf   Thumb Code    82  _printf_str.o(.text)
    _printf_int_dec                          0x00000d11   Thumb Code    90  _printf_dec.o(.text)
    _printf_charcount                        0x00000d7d   Thumb Code    38  _printf_charcount.o(.text)
    _printf_char_common                      0x00000daf   Thumb Code    32  _printf_char_common.o(.text)
    _sputc                                   0x00000dd5   Thumb Code    10  _sputc.o(.text)
    _snputc                                  0x00000ddf   Thumb Code    16  _snputc.o(.text)
    _printf_wctomb                           0x00000df1   Thumb Code   182  _printf_wctomb.o(.text)
    _printf_longlong_dec                     0x00000ead   Thumb Code    94  _printf_longlong_dec.o(.text)
    _printf_longlong_oct                     0x00000f1d   Thumb Code    68  _printf_oct_int_ll.o(.text)
    _printf_int_oct                          0x00000f61   Thumb Code    24  _printf_oct_int_ll.o(.text)
    _printf_ll_oct                           0x00000f79   Thumb Code    10  _printf_oct_int_ll.o(.text)
    _printf_longlong_hex                     0x00000f8d   Thumb Code    88  _printf_hex_int_ll_ptr.o(.text)
    _printf_int_hex                          0x00000fe5   Thumb Code    28  _printf_hex_int_ll_ptr.o(.text)
    _printf_ll_hex                           0x00001001   Thumb Code    10  _printf_hex_int_ll_ptr.o(.text)
    _printf_hex_ptr                          0x0000100b   Thumb Code    22  _printf_hex_int_ll_ptr.o(.text)
    __printf                                 0x00001025   Thumb Code   386  __printf_flags_ss_wp.o(.text)
    _ll_udiv10                               0x000011ad   Thumb Code   122  lludiv10.o(.text)
    _printf_int_common                       0x00001227   Thumb Code   176  _printf_intcommon.o(.text)
    _printf_cs_common                        0x000012d7   Thumb Code    22  _printf_char.o(.text)
    _printf_char                             0x000012ed   Thumb Code    16  _printf_char.o(.text)
    _printf_string                           0x000012fd   Thumb Code     8  _printf_char.o(.text)
    _printf_lcs_common                       0x00001305   Thumb Code    22  _printf_wchar.o(.text)
    _printf_wchar                            0x0000131b   Thumb Code    16  _printf_wchar.o(.text)
    _printf_wstring                          0x0000132b   Thumb Code     8  _printf_wchar.o(.text)
    _wcrtomb                                 0x00001333   Thumb Code    64  _wcrtomb.o(.text)
    __rt_udiv10                              0x00001373   Thumb Code    40  rtudiv10.o(.text)
    __user_setup_stackheap                   0x0000139b   Thumb Code    62  sys_stackheap_outer.o(.text)
    __rt_ctype_table                         0x000013d9   Thumb Code    16  rt_ctype_table.o(.text)
    exit                                     0x000013e9   Thumb Code    12  exit.o(.text)
    __user_libspace                          0x000013f5   Thumb Code     8  libspace.o(.text)
    __user_perproc_libspace                  0x000013f5   Thumb Code     0  libspace.o(.text)
    __user_perthread_libspace                0x000013f5   Thumb Code     0  libspace.o(.text)
    __rt_locale                              0x000013fd   Thumb Code     8  rt_locale_intlibspace.o(.text)
    _sys_exit                                0x00001405   Thumb Code     8  sys_exit.o(.text)
    strcmp                                   0x00001411   Thumb Code   132  strcmp.o(.text)
    __I$use$semihosting                      0x00001499   Thumb Code     0  use_no_semi.o(.text)
    __use_no_semihosting_swi                 0x00001499   Thumb Code     2  use_no_semi.o(.text)
    __decompress                             0x0000149b   Thumb Code     0  __dczerorl2.o(.text)
    __decompress1                            0x0000149b   Thumb Code    86  __dczerorl2.o(.text)
    __semihosting_library_function           0x0000149b   Thumb Code     0  indicate_semi.o(.text)
    Control_High_Speed_Fan                   0x000014f1   Thumb Code    88  system_control.o(i.Control_High_Speed_Fan)
    Control_Ordinary_Fan                     0x00001549   Thumb Code    64  system_control.o(i.Control_Ordinary_Fan)
    Control_R03R04R05_Function               0x00001589   Thumb Code   110  system_control.o(i.Control_R03R04R05_Function)
    Debug_Display                            0x000015fd   Thumb Code  1966  debug.o(i.Debug_Display)
    Debug_dispaly_init                       0x00002071   Thumb Code    66  main.o(i.Debug_dispaly_init)
    Delay1Ms                                 0x000020e9   Thumb Code    18  timer.o(i.Delay1Ms)
    Display_init                             0x00002101   Thumb Code    78  main.o(i.Display_init)
    FL_DelayInit                             0x00002155   Thumb Code    26  fm33le0xx_fl.o(i.FL_DelayInit)
    FL_GPIO_Init                             0x000021d5   Thumb Code   418  fm33le0xx_fl_gpio.o(i.FL_GPIO_Init)
    FL_GPTIM_Init                            0x000023a1   Thumb Code   342  fm33le0xx_fl_gptim.o(i.FL_GPTIM_Init)
    FL_I2C_MasterMode_Init                   0x0000250d   Thumb Code   340  fm33le0xx_fl_i2c.o(i.FL_I2C_MasterMode_Init)
    FL_Init                                  0x00002681   Thumb Code     8  fm33le0xx_fl.o(i.FL_Init)
    FL_NVIC_Init                             0x00002689   Thumb Code    68  fm33le0xx_fl.o(i.FL_NVIC_Init)
    FL_RCC_GetAHBClockFreq                   0x00002721   Thumb Code   114  fm33le0xx_fl_rcc.o(i.FL_RCC_GetAHBClockFreq)
    FL_RCC_GetAPB1ClockFreq                  0x00002799   Thumb Code   114  fm33le0xx_fl_rcc.o(i.FL_RCC_GetAPB1ClockFreq)
    FL_RCC_GetAPB2ClockFreq                  0x00002811   Thumb Code   114  fm33le0xx_fl_rcc.o(i.FL_RCC_GetAPB2ClockFreq)
    FL_RCC_GetPLLClockFreq                   0x00002889   Thumb Code   162  fm33le0xx_fl_rcc.o(i.FL_RCC_GetPLLClockFreq)
    FL_RCC_GetRCHFClockFreq                  0x00002935   Thumb Code    52  fm33le0xx_fl_rcc.o(i.FL_RCC_GetRCHFClockFreq)
    FL_RCC_GetRCMFClockFreq                  0x00002979   Thumb Code    60  fm33le0xx_fl_rcc.o(i.FL_RCC_GetRCMFClockFreq)
    FL_RCC_GetSystemClockFreq                0x000029c9   Thumb Code    86  fm33le0xx_fl_rcc.o(i.FL_RCC_GetSystemClockFreq)
    FL_SPI_Init                              0x00002a2d   Thumb Code   464  fm33le0xx_fl_spi.o(i.FL_SPI_Init)
    FL_UART_Init                             0x00002c2d   Thumb Code   798  fm33le0xx_fl_uart.o(i.FL_UART_Init)
    GPTIM0_IRQHandler                        0x00002f71   Thumb Code    58  timer.o(i.GPTIM0_IRQHandler)
    GPTIM_Start                              0x00002fb5   Thumb Code    18  timer.o(i.GPTIM_Start)
    I2C_Display                              0x00002fcd   Thumb Code    64  i2c.o(i.I2C_Display)
    I2C_Send_Bit                             0x00003015   Thumb Code   154  i2c.o(i.I2C_Send_Bit)
    I2C_Send_Byte                            0x000030b9   Thumb Code    80  i2c.o(i.I2C_Send_Byte)
    I2C_Write_Display                        0x0000310d   Thumb Code   116  i2c.o(i.I2C_Write_Display)
    Input_Detection                          0x00003181   Thumb Code   798  system_control.o(i.Input_Detection)
    Key_Funtion                              0x000034e1   Thumb Code    16  button_function.o(i.Key_Funtion)
    Key_press                                0x000034f1   Thumb Code   298  button_function.o(i.Key_press)
    Key_release                              0x00003689   Thumb Code   282  button_function.o(i.Key_release)
    MF_Button_Init                           0x00003801   Thumb Code    36  mf_config.o(i.MF_Button_Init)
    MF_Clock_Init                            0x00003829   Thumb Code    48  mf_config.o(i.MF_Clock_Init)
    MF_Config_Init                           0x00003861   Thumb Code    68  mf_config.o(i.MF_Config_Init)
    MF_Control_Init                          0x000038a9   Thumb Code   142  mf_config.o(i.MF_Control_Init)
    MF_Debug_Init                            0x00003949   Thumb Code     8  mf_config.o(i.MF_Debug_Init)
    MF_GPTIM0_TimerBase_Init                 0x00003951   Thumb Code    62  mf_config.o(i.MF_GPTIM0_TimerBase_Init)
    MF_I2C_Init                              0x00003995   Thumb Code    82  mf_config.o(i.MF_I2C_Init)
    MF_Led_Init                              0x000039f5   Thumb Code    62  mf_config.o(i.MF_Led_Init)
    MF_NVIC_Init                             0x00003a39   Thumb Code    28  mf_config.o(i.MF_NVIC_Init)
    MF_Spi_Init                              0x00003a55   Thumb Code    80  mf_config.o(i.MF_Spi_Init)
    MF_SystemClock_Config                    0x00003aad   Thumb Code     2  mf_config.o(i.MF_SystemClock_Config)
    MF_UART1_Init                            0x00003ab1   Thumb Code    94  mf_config.o(i.MF_UART1_Init)
    MemCmp                                   0x00003b19   Thumb Code    38  debug.o(i.MemCmp)
    MemCpy                                   0x00003b3f   Thumb Code    26  debug.o(i.MemCpy)
    MemSet                                   0x00003b59   Thumb Code    22  debug.o(i.MemSet)
    Output_Control                           0x00003be9   Thumb Code    72  system_control.o(i.Output_Control)
    SPI_Check_init                           0x00003c35   Thumb Code   172  spi.o(i.SPI_Check_init)
    SPI_ReadWrite                            0x00003d4d   Thumb Code    70  spi.o(i.SPI_ReadWrite)
    SPI_Read_Cmd                             0x00003d99   Thumb Code    52  spi.o(i.SPI_Read_Cmd)
    SPI_Read_data                            0x00003dd1   Thumb Code    24  spi.o(i.SPI_Read_data)
    SendBuf                                  0x00003de9   Thumb Code    28  debug.o(i.SendBuf)
    SendOneByte                              0x00003e05   Thumb Code    42  debug.o(i.SendOneByte)
    Sendaddr_Display                         0x00003e2f   Thumb Code    42  i2c.o(i.Sendaddr_Display)
    Spi_data_init                            0x00003e59   Thumb Code    36  main.o(i.Spi_data_init)
    SystemCoreClockUpdate                    0x00003ea5   Thumb Code   186  system_fm33le0xx.o(i.SystemCoreClockUpdate)
    SystemInit                               0x00003f8d   Thumb Code   268  system_fm33le0xx.o(i.SystemInit)
    UART1_IRQHandler                         0x00004175   Thumb Code   166  debug.o(i.UART1_IRQHandler)
    UART_RxFlag                              0x00004229   Thumb Code   342  debug.o(i.UART_RxFlag)
    UART_RxGet                               0x00004389   Thumb Code   342  debug.o(i.UART_RxGet)
    UOC_FN_Exit_Menu                         0x000044e5   Thumb Code    66  button_function.o(i.UOC_FN_Exit_Menu)
    UOC_FN_Menu                              0x00004531   Thumb Code   106  button_function.o(i.UOC_FN_Menu)
    UOC_Parameter_Offset_Display             0x000045a5   Thumb Code    76  button_function.o(i.UOC_Parameter_Offset_Display)
    UOC_Parameter_State                      0x000045f1   Thumb Code   112  button_function.o(i.UOC_Parameter_State)
    UOC_Parameter_func                       0x00004665   Thumb Code   396  button_function.o(i.UOC_Parameter_func)
    UOC_paremeter_Display                    0x000047fd   Thumb Code    52  button_function.o(i.UOC_paremeter_Display)
    UOC_paremeter_F00_FUNC                   0x00004831   Thumb Code   136  button_function.o(i.UOC_paremeter_F00_FUNC)
    UOC_paremeter_F01_FUNC                   0x000048c5   Thumb Code   246  button_function.o(i.UOC_paremeter_F01_FUNC)
    UOC_paremeter_F02_FUNC                   0x000049fd   Thumb Code   246  button_function.o(i.UOC_paremeter_F02_FUNC)
    UOC_paremeter_F03_FUNC                   0x00004b35   Thumb Code    50  button_function.o(i.UOC_paremeter_F03_FUNC)
    UOC_paremeter_F04_FUNC                   0x00004b6d   Thumb Code    50  button_function.o(i.UOC_paremeter_F04_FUNC)
    UOC_paremeter_F05_FUNC                   0x00004ba5   Thumb Code    50  button_function.o(i.UOC_paremeter_F05_FUNC)
    UOC_paremeter_F06_FUNC                   0x00004bdd   Thumb Code    50  button_function.o(i.UOC_paremeter_F06_FUNC)
    UOC_paremeter_F07_FUNC                   0x00004c15   Thumb Code    50  button_function.o(i.UOC_paremeter_F07_FUNC)
    UOC_paremeter_F08_FUNC                   0x00004c4d   Thumb Code    50  button_function.o(i.UOC_paremeter_F08_FUNC)
    UOC_paremeter_F09_FUNC                   0x00004c85   Thumb Code    50  button_function.o(i.UOC_paremeter_F09_FUNC)
    UOC_paremeter_F10_FUNC                   0x00004cbd   Thumb Code    50  button_function.o(i.UOC_paremeter_F10_FUNC)
    UOC_paremeter_F11_FUNC                   0x00004cf5   Thumb Code    50  button_function.o(i.UOC_paremeter_F11_FUNC)
    UOC_paremeter_F12_FUNC                   0x00004d2d   Thumb Code    50  button_function.o(i.UOC_paremeter_F12_FUNC)
    UOC_paremeter_F13_FUNC                   0x00004d65   Thumb Code    50  button_function.o(i.UOC_paremeter_F13_FUNC)
    UOC_paremeter_F14_FUNC                   0x00004d9d   Thumb Code    50  button_function.o(i.UOC_paremeter_F14_FUNC)
    UOC_paremeter_F15_FUNC                   0x00004dd5   Thumb Code    50  button_function.o(i.UOC_paremeter_F15_FUNC)
    UOC_paremeter_F16_FUNC                   0x00004e0d   Thumb Code    50  button_function.o(i.UOC_paremeter_F16_FUNC)
    UOC_paremeter_F17_FUNC                   0x00004e45   Thumb Code    50  button_function.o(i.UOC_paremeter_F17_FUNC)
    UOC_paremeter_F18_FUNC                   0x00004e7d   Thumb Code    50  button_function.o(i.UOC_paremeter_F18_FUNC)
    UOC_paremeter_F19_FUNC                   0x00004eb5   Thumb Code    50  button_function.o(i.UOC_paremeter_F19_FUNC)
    UOC_paremeter_F20_FUNC                   0x00004eed   Thumb Code    50  button_function.o(i.UOC_paremeter_F20_FUNC)
    UOC_paremeter_F21_FUNC                   0x00004f25   Thumb Code    50  button_function.o(i.UOC_paremeter_F21_FUNC)
    UOC_paremeter_F22_FUNC                   0x00004f5d   Thumb Code    50  button_function.o(i.UOC_paremeter_F22_FUNC)
    UOC_paremeter_F23_FUNC                   0x00004f95   Thumb Code    50  button_function.o(i.UOC_paremeter_F23_FUNC)
    UOC_paremeter_F24_FUNC                   0x00004fcd   Thumb Code    50  button_function.o(i.UOC_paremeter_F24_FUNC)
    UOC_paremeter_F25_FUNC                   0x00005005   Thumb Code    50  button_function.o(i.UOC_paremeter_F25_FUNC)
    UOC_paremeter_F26_FUNC                   0x0000503d   Thumb Code    50  button_function.o(i.UOC_paremeter_F26_FUNC)
    UOC_paremeter_F27_FUNC                   0x00005075   Thumb Code    50  button_function.o(i.UOC_paremeter_F27_FUNC)
    UOC_paremeter_F28_FUNC                   0x000050ad   Thumb Code    50  button_function.o(i.UOC_paremeter_F28_FUNC)
    UOC_paremeter_F29_FUNC                   0x000050e5   Thumb Code    50  button_function.o(i.UOC_paremeter_F29_FUNC)
    UOC_paremeter_F30_FUNC                   0x0000511d   Thumb Code    50  button_function.o(i.UOC_paremeter_F30_FUNC)
    UOC_paremeter_F31_FUNC                   0x00005155   Thumb Code    50  button_function.o(i.UOC_paremeter_F31_FUNC)
    UOC_paremeter_F32_FUNC                   0x0000518d   Thumb Code    50  button_function.o(i.UOC_paremeter_F32_FUNC)
    UOC_paremeter_F33_FUNC                   0x000051c5   Thumb Code    50  button_function.o(i.UOC_paremeter_F33_FUNC)
    UOC_paremeter_F34_FUNC                   0x000051fd   Thumb Code    50  button_function.o(i.UOC_paremeter_F34_FUNC)
    UOC_paremeter_F35_FUNC                   0x00005235   Thumb Code    50  button_function.o(i.UOC_paremeter_F35_FUNC)
    UOC_paremeter_F36_FUNC                   0x0000526d   Thumb Code    50  button_function.o(i.UOC_paremeter_F36_FUNC)
    UOC_paremeter_F37_FUNC                   0x000052a5   Thumb Code    50  button_function.o(i.UOC_paremeter_F37_FUNC)
    UOC_paremeter_F38_FUNC                   0x000052dd   Thumb Code    50  button_function.o(i.UOC_paremeter_F38_FUNC)
    UOC_paremeter_F39_FUNC                   0x00005315   Thumb Code    50  button_function.o(i.UOC_paremeter_F39_FUNC)
    UOC_paremeter_F40_FUNC                   0x0000534d   Thumb Code    50  button_function.o(i.UOC_paremeter_F40_FUNC)
    UOC_paremeter_F41_FUNC                   0x00005385   Thumb Code    50  button_function.o(i.UOC_paremeter_F41_FUNC)
    UOC_paremeter_F42_FUNC                   0x000053bd   Thumb Code    50  button_function.o(i.UOC_paremeter_F42_FUNC)
    UOC_paremeter_F43_FUNC                   0x000053f5   Thumb Code    50  button_function.o(i.UOC_paremeter_F43_FUNC)
    UOC_paremeter_F44_FUNC                   0x0000542d   Thumb Code    50  button_function.o(i.UOC_paremeter_F44_FUNC)
    UOC_paremeter_F45_FUNC                   0x00005465   Thumb Code    50  button_function.o(i.UOC_paremeter_F45_FUNC)
    UOC_paremeter_F46_FUNC                   0x0000549d   Thumb Code    50  button_function.o(i.UOC_paremeter_F46_FUNC)
    UOC_paremeter_F47_FUNC                   0x000054d5   Thumb Code    50  button_function.o(i.UOC_paremeter_F47_FUNC)
    UOC_paremeter_F48_FUNC                   0x0000550d   Thumb Code    50  button_function.o(i.UOC_paremeter_F48_FUNC)
    UOC_paremeter_F49_FUNC                   0x00005545   Thumb Code    50  button_function.o(i.UOC_paremeter_F49_FUNC)
    UOC_paremeter_F50_FUNC                   0x0000557d   Thumb Code    50  button_function.o(i.UOC_paremeter_F50_FUNC)
    UOC_paremeter_F51_FUNC                   0x000055b5   Thumb Code    50  button_function.o(i.UOC_paremeter_F51_FUNC)
    UOC_paremeter_F52_FUNC                   0x000055ed   Thumb Code    50  button_function.o(i.UOC_paremeter_F52_FUNC)
    UOC_paremeter_F53_FUNC                   0x00005625   Thumb Code    50  button_function.o(i.UOC_paremeter_F53_FUNC)
    UOC_paremeter_F54_FUNC                   0x0000565d   Thumb Code    50  button_function.o(i.UOC_paremeter_F54_FUNC)
    UOC_paremeter_F55_FUNC                   0x00005695   Thumb Code    50  button_function.o(i.UOC_paremeter_F55_FUNC)
    UOC_paremeter_F56_FUNC                   0x000056cd   Thumb Code    50  button_function.o(i.UOC_paremeter_F56_FUNC)
    UOC_paremeter_F57_FUNC                   0x00005705   Thumb Code    50  button_function.o(i.UOC_paremeter_F57_FUNC)
    UOC_paremeter_F58_FUNC                   0x0000573d   Thumb Code    50  button_function.o(i.UOC_paremeter_F58_FUNC)
    UOC_paremeter_F59_FUNC                   0x00005775   Thumb Code    50  button_function.o(i.UOC_paremeter_F59_FUNC)
    UOC_paremeter_F60_FUNC                   0x000057ad   Thumb Code    50  button_function.o(i.UOC_paremeter_F60_FUNC)
    UOC_paremeter_F61_FUNC                   0x000057e5   Thumb Code    50  button_function.o(i.UOC_paremeter_F61_FUNC)
    UOC_paremeter_F62_FUNC                   0x0000581d   Thumb Code    50  button_function.o(i.UOC_paremeter_F62_FUNC)
    UOC_paremeter_F63_FUNC                   0x00005855   Thumb Code    50  button_function.o(i.UOC_paremeter_F63_FUNC)
    UOC_paremeter_F64_FUNC                   0x0000588d   Thumb Code    50  button_function.o(i.UOC_paremeter_F64_FUNC)
    UOC_paremeter_F65_FUNC                   0x000058c5   Thumb Code    50  button_function.o(i.UOC_paremeter_F65_FUNC)
    UOC_paremeter_F66_FUNC                   0x000058fd   Thumb Code    50  button_function.o(i.UOC_paremeter_F66_FUNC)
    UOC_paremeter_F67_FUNC                   0x00005935   Thumb Code   156  button_function.o(i.UOC_paremeter_F67_FUNC)
    UOC_paremeter_F68_FUNC                   0x000059f1   Thumb Code    50  button_function.o(i.UOC_paremeter_F68_FUNC)
    UOC_paremeter_F69_FUNC                   0x00005a29   Thumb Code    78  button_function.o(i.UOC_paremeter_F69_FUNC)
    UOC_paremeter_FREE_FUNC                  0x00005a81   Thumb Code    56  button_function.o(i.UOC_paremeter_FREE_FUNC)
    UOC_spi_read_data_cycle                  0x00005ac1   Thumb Code  2036  main.o(i.UOC_spi_read_data_cycle)
    UOC_sys_data_init                        0x00006389   Thumb Code    16  main.o(i.UOC_sys_data_init)
    Wait_for_end                             0x00006399   Thumb Code    54  i2c.o(i.Wait_for_end)
    __ARM_common_switch8                     0x000063d5   Thumb Code    28  system_fm33le0xx.o(i.__ARM_common_switch8)
    _is_digit                                0x000063f1   Thumb Code    14  __printf_wp.o(i._is_digit)
    dbg_array_buffer                         0x00006401   Thumb Code    50  debug.o(i.dbg_array_buffer)
    dbg_printf                               0x00006455   Thumb Code    62  debug.o(i.dbg_printf)
    led_display                              0x0000649d   Thumb Code    72  led.o(i.led_display)
    main                                     0x000064e9   Thumb Code    76  main.o(i.main)
    _get_lc_ctype                            0x00006545   Thumb Code    44  lc_ctype_c.o(locale$$code)
    __I$use$fp                               0x00006570   Number         0  usenofp.o(x$fpl$usenofp)
    Region$$Table$$Base                      0x000066a4   Number         0  anon$$obj.o(Region$$Table)
    Region$$Table$$Limit                     0x000066c4   Number         0  anon$$obj.o(Region$$Table)
    __ctype                                  0x000066d1   Data           0  lc_ctype_c.o(locale$$data)
    g_u32SysTickCount                        0x20000000   Data           4  main.o(.data)
    XTLFClock                                0x2000000c   Data           4  system_fm33le0xx.o(.data)
    XTHFClock                                0x20000010   Data           4  system_fm33le0xx.o(.data)
    SystemCoreClock                          0x20000014   Data           4  system_fm33le0xx.o(.data)
    UOCLed                                   0x20000018   Data         132  led.o(.data)
    g_uoc_param                              0x2000009c   Data          70  parameter.o(.data)
    key_flag                                 0x200000e4   Data           4  button_function.o(.data)
    key_state                                0x200000e8   Data           1  button_function.o(.data)
    UOCPara                                  0x200000ec   Data          16  button_function.o(.data)
    g_Uart1                                  0x20000334   Data          52  debug.o(.data)
    g_Uart4RxBuf                             0x20000368   Data           3  debug.o(.data)
    g_Uart4TxBuf                             0x2000036b   Data           1  debug.o(.data)
    g_Uart4                                  0x2000036c   Data          52  debug.o(.data)
    g_Uart                                   0x200003a0   Data          28  debug.o(.data)
    Nixie_Tube_Num                           0x200003bc   Data          40  i2c.o(.data)
    Nixie_Tube_Addr                          0x200003e4   Data           5  i2c.o(.data)
    uoc_control                              0x200003ec   Data         180  system_control.o(.data)
    UOC_Input_State                          0x200004a0   Data           1  system_control.o(.data)
    g_tmpRxBuf                               0x200004a4   Data         256  main.o(.bss)
    dbg_buf                                  0x200005a4   Data         256  debug.o(.bss)
    g_Uart1RxBuf                             0x200006a4   Data         514  debug.o(.bss)
    g_Uart1TxBuf                             0x200008a6   Data         512  debug.o(.bss)
    __libspace_start                         0x20000aa8   Data          96  libspace.o(.bss)
    __temporary_stack_top$libspace           0x20000b08   Data           0  libspace.o(.bss)



==============================================================================

Memory Map of the image

  Image Entry point : 0x000000c1

  Load Region LR_IROM1 (Base: 0x00000000, Size: 0x00006c78, Max: 0x00010000, ABSOLUTE, COMPRESSED[0x00006ab0])

    Execution Region ER_IROM1 (Base: 0x00000000, Size: 0x000067d4, Max: 0x00010000, ABSOLUTE)

    Base Addr    Size         Type   Attr      Idx    E Section Name        Object

    0x00000000   0x000000c0   Data   RO            3    RESET               startup_fm33le0xx.o
    0x000000c0   0x00000008   Code   RO         3217  * !!!main             c_p.l(__main.o)
    0x000000c8   0x0000003c   Code   RO         3538    !!!scatter          c_p.l(__scatter.o)
    0x00000104   0x0000001c   Code   RO         3540    !!handler_zi        c_p.l(__scatter_zi.o)
    0x00000120   0x00000002   Code   RO         3329    .ARM.Collect$$_printf_percent$$00000000  c_p.l(_printf_percent.o)
    0x00000122   0x0000000a   Code   RO         3318    .ARM.Collect$$_printf_percent$$00000001  c_p.l(_printf_n.o)
    0x0000012c   0x0000000a   Code   RO         3320    .ARM.Collect$$_printf_percent$$00000002  c_p.l(_printf_p.o)
    0x00000136   0x0000000a   Code   RO         3325    .ARM.Collect$$_printf_percent$$00000003  c_p.l(_printf_f.o)
    0x00000140   0x0000000a   Code   RO         3326    .ARM.Collect$$_printf_percent$$00000004  c_p.l(_printf_e.o)
    0x0000014a   0x0000000a   Code   RO         3327    .ARM.Collect$$_printf_percent$$00000005  c_p.l(_printf_g.o)
    0x00000154   0x0000000a   Code   RO         3328    .ARM.Collect$$_printf_percent$$00000006  c_p.l(_printf_a.o)
    0x0000015e   0x0000000a   Code   RO         3333    .ARM.Collect$$_printf_percent$$00000007  c_p.l(_printf_ll.o)
    0x00000168   0x0000000a   Code   RO         3322    .ARM.Collect$$_printf_percent$$00000008  c_p.l(_printf_i.o)
    0x00000172   0x0000000a   Code   RO         3323    .ARM.Collect$$_printf_percent$$00000009  c_p.l(_printf_d.o)
    0x0000017c   0x0000000a   Code   RO         3324    .ARM.Collect$$_printf_percent$$0000000A  c_p.l(_printf_u.o)
    0x00000186   0x0000000a   Code   RO         3321    .ARM.Collect$$_printf_percent$$0000000B  c_p.l(_printf_o.o)
    0x00000190   0x0000000a   Code   RO         3319    .ARM.Collect$$_printf_percent$$0000000C  c_p.l(_printf_x.o)
    0x0000019a   0x0000000a   Code   RO         3330    .ARM.Collect$$_printf_percent$$0000000D  c_p.l(_printf_lli.o)
    0x000001a4   0x0000000a   Code   RO         3331    .ARM.Collect$$_printf_percent$$0000000E  c_p.l(_printf_lld.o)
    0x000001ae   0x0000000a   Code   RO         3332    .ARM.Collect$$_printf_percent$$0000000F  c_p.l(_printf_llu.o)
    0x000001b8   0x0000000a   Code   RO         3337    .ARM.Collect$$_printf_percent$$00000010  c_p.l(_printf_llo.o)
    0x000001c2   0x0000000a   Code   RO         3338    .ARM.Collect$$_printf_percent$$00000011  c_p.l(_printf_llx.o)
    0x000001cc   0x0000000a   Code   RO         3334    .ARM.Collect$$_printf_percent$$00000012  c_p.l(_printf_l.o)
    0x000001d6   0x0000000a   Code   RO         3316    .ARM.Collect$$_printf_percent$$00000013  c_p.l(_printf_c.o)
    0x000001e0   0x0000000a   Code   RO         3317    .ARM.Collect$$_printf_percent$$00000014  c_p.l(_printf_s.o)
    0x000001ea   0x0000000a   Code   RO         3335    .ARM.Collect$$_printf_percent$$00000015  c_p.l(_printf_lc.o)
    0x000001f4   0x0000000a   Code   RO         3336    .ARM.Collect$$_printf_percent$$00000016  c_p.l(_printf_ls.o)
    0x000001fe   0x00000004   Code   RO         3369    .ARM.Collect$$_printf_percent$$00000017  c_p.l(_printf_percent_end.o)
    0x00000202   0x00000002   Code   RO         3394    .ARM.Collect$$libinit$$00000000  c_p.l(libinit.o)
    0x00000204   0x00000000   Code   RO         3418    .ARM.Collect$$libinit$$00000002  c_p.l(libinit2.o)
    0x00000204   0x00000000   Code   RO         3420    .ARM.Collect$$libinit$$00000004  c_p.l(libinit2.o)
    0x00000204   0x00000000   Code   RO         3423    .ARM.Collect$$libinit$$0000000A  c_p.l(libinit2.o)
    0x00000204   0x00000000   Code   RO         3425    .ARM.Collect$$libinit$$0000000C  c_p.l(libinit2.o)
    0x00000204   0x00000000   Code   RO         3427    .ARM.Collect$$libinit$$0000000E  c_p.l(libinit2.o)
    0x00000204   0x00000006   Code   RO         3428    .ARM.Collect$$libinit$$0000000F  c_p.l(libinit2.o)
    0x0000020a   0x00000000   Code   RO         3430    .ARM.Collect$$libinit$$00000011  c_p.l(libinit2.o)
    0x0000020a   0x0000000c   Code   RO         3431    .ARM.Collect$$libinit$$00000012  c_p.l(libinit2.o)
    0x00000216   0x00000000   Code   RO         3432    .ARM.Collect$$libinit$$00000013  c_p.l(libinit2.o)
    0x00000216   0x00000000   Code   RO         3434    .ARM.Collect$$libinit$$00000015  c_p.l(libinit2.o)
    0x00000216   0x00000000   Code   RO         3436    .ARM.Collect$$libinit$$00000017  c_p.l(libinit2.o)
    0x00000216   0x00000000   Code   RO         3438    .ARM.Collect$$libinit$$00000019  c_p.l(libinit2.o)
    0x00000216   0x00000000   Code   RO         3440    .ARM.Collect$$libinit$$0000001B  c_p.l(libinit2.o)
    0x00000216   0x00000000   Code   RO         3442    .ARM.Collect$$libinit$$0000001D  c_p.l(libinit2.o)
    0x00000216   0x00000000   Code   RO         3444    .ARM.Collect$$libinit$$0000001F  c_p.l(libinit2.o)
    0x00000216   0x00000000   Code   RO         3446    .ARM.Collect$$libinit$$00000021  c_p.l(libinit2.o)
    0x00000216   0x00000000   Code   RO         3448    .ARM.Collect$$libinit$$00000023  c_p.l(libinit2.o)
    0x00000216   0x00000000   Code   RO         3450    .ARM.Collect$$libinit$$00000025  c_p.l(libinit2.o)
    0x00000216   0x00000000   Code   RO         3454    .ARM.Collect$$libinit$$0000002C  c_p.l(libinit2.o)
    0x00000216   0x00000000   Code   RO         3456    .ARM.Collect$$libinit$$0000002E  c_p.l(libinit2.o)
    0x00000216   0x00000000   Code   RO         3458    .ARM.Collect$$libinit$$00000030  c_p.l(libinit2.o)
    0x00000216   0x00000000   Code   RO         3460    .ARM.Collect$$libinit$$00000032  c_p.l(libinit2.o)
    0x00000216   0x00000002   Code   RO         3461    .ARM.Collect$$libinit$$00000033  c_p.l(libinit2.o)
    0x00000218   0x00000002   Code   RO         3494    .ARM.Collect$$libshutdown$$00000000  c_p.l(libshutdown.o)
    0x0000021a   0x00000000   Code   RO         3521    .ARM.Collect$$libshutdown$$00000003  c_p.l(libshutdown2.o)
    0x0000021a   0x00000000   Code   RO         3524    .ARM.Collect$$libshutdown$$00000006  c_p.l(libshutdown2.o)
    0x0000021a   0x00000000   Code   RO         3527    .ARM.Collect$$libshutdown$$00000009  c_p.l(libshutdown2.o)
    0x0000021a   0x00000000   Code   RO         3529    .ARM.Collect$$libshutdown$$0000000B  c_p.l(libshutdown2.o)
    0x0000021a   0x00000000   Code   RO         3532    .ARM.Collect$$libshutdown$$0000000E  c_p.l(libshutdown2.o)
    0x0000021a   0x00000002   Code   RO         3533    .ARM.Collect$$libshutdown$$0000000F  c_p.l(libshutdown2.o)
    0x0000021c   0x00000000   Code   RO         3241    .ARM.Collect$$rtentry$$00000000  c_p.l(__rtentry.o)
    0x0000021c   0x00000000   Code   RO         3343    .ARM.Collect$$rtentry$$00000002  c_p.l(__rtentry2.o)
    0x0000021c   0x00000006   Code   RO         3355    .ARM.Collect$$rtentry$$00000004  c_p.l(__rtentry4.o)
    0x00000222   0x00000000   Code   RO         3345    .ARM.Collect$$rtentry$$00000009  c_p.l(__rtentry2.o)
    0x00000222   0x00000004   Code   RO         3346    .ARM.Collect$$rtentry$$0000000A  c_p.l(__rtentry2.o)
    0x00000226   0x00000000   Code   RO         3348    .ARM.Collect$$rtentry$$0000000C  c_p.l(__rtentry2.o)
    0x00000226   0x00000008   Code   RO         3349    .ARM.Collect$$rtentry$$0000000D  c_p.l(__rtentry2.o)
    0x0000022e   0x00000002   Code   RO         3401    .ARM.Collect$$rtexit$$00000000  c_p.l(rtexit.o)
    0x00000230   0x00000000   Code   RO         3465    .ARM.Collect$$rtexit$$00000002  c_p.l(rtexit2.o)
    0x00000230   0x00000004   Code   RO         3466    .ARM.Collect$$rtexit$$00000003  c_p.l(rtexit2.o)
    0x00000234   0x00000006   Code   RO         3467    .ARM.Collect$$rtexit$$00000004  c_p.l(rtexit2.o)
    0x0000023a   0x00000002   PAD
    0x0000023c   0x00000038   Code   RO            4    .text               startup_fm33le0xx.o
    0x00000274   0x00000038   Code   RO         3207    .text               c_p.l(_vsnprintf.o)
    0x000002ac   0x0000015a   Code   RO         3211    .text               c_p.l(aeabi_sdiv.o)
    0x00000406   0x00000006   Code   RO         3215    .text               c_p.l(heapauxi.o)
    0x0000040c   0x00000358   Code   RO         3221    .text               fz_ps.l(daddsub.o)
    0x00000764   0x00000448   Code   RO         3223    .text               fz_ps.l(ddiv.o)
    0x00000bac   0x00000048   Code   RO         3226    .text               fz_ps.l(dfixui.o)
    0x00000bf4   0x00000058   Code   RO         3228    .text               fz_ps.l(dflti.o)
    0x00000c4c   0x0000004e   Code   RO         3248    .text               c_p.l(_printf_pad.o)
    0x00000c9a   0x00000024   Code   RO         3250    .text               c_p.l(_printf_truncate.o)
    0x00000cbe   0x00000052   Code   RO         3252    .text               c_p.l(_printf_str.o)
    0x00000d10   0x0000006c   Code   RO         3254    .text               c_p.l(_printf_dec.o)
    0x00000d7c   0x00000026   Code   RO         3256    .text               c_p.l(_printf_charcount.o)
    0x00000da2   0x00000002   PAD
    0x00000da4   0x00000030   Code   RO         3258    .text               c_p.l(_printf_char_common.o)
    0x00000dd4   0x0000000a   Code   RO         3260    .text               c_p.l(_sputc.o)
    0x00000dde   0x00000010   Code   RO         3262    .text               c_p.l(_snputc.o)
    0x00000dee   0x00000002   PAD
    0x00000df0   0x000000bc   Code   RO         3264    .text               c_p.l(_printf_wctomb.o)
    0x00000eac   0x00000070   Code   RO         3267    .text               c_p.l(_printf_longlong_dec.o)
    0x00000f1c   0x00000070   Code   RO         3273    .text               c_p.l(_printf_oct_int_ll.o)
    0x00000f8c   0x00000098   Code   RO         3293    .text               c_p.l(_printf_hex_int_ll_ptr.o)
    0x00001024   0x00000188   Code   RO         3313    .text               c_p.l(__printf_flags_ss_wp.o)
    0x000011ac   0x0000007a   Code   RO         3359    .text               c_p.l(lludiv10.o)
    0x00001226   0x000000b0   Code   RO         3361    .text               c_p.l(_printf_intcommon.o)
    0x000012d6   0x0000002e   Code   RO         3365    .text               c_p.l(_printf_char.o)
    0x00001304   0x0000002e   Code   RO         3367    .text               c_p.l(_printf_wchar.o)
    0x00001332   0x00000040   Code   RO         3370    .text               c_p.l(_wcrtomb.o)
    0x00001372   0x00000028   Code   RO         3372    .text               c_p.l(rtudiv10.o)
    0x0000139a   0x0000003e   Code   RO         3378    .text               c_p.l(sys_stackheap_outer.o)
    0x000013d8   0x00000010   Code   RO         3381    .text               c_p.l(rt_ctype_table.o)
    0x000013e8   0x0000000c   Code   RO         3383    .text               c_p.l(exit.o)
    0x000013f4   0x00000008   Code   RO         3397    .text               c_p.l(libspace.o)
    0x000013fc   0x00000008   Code   RO         3408    .text               c_p.l(rt_locale_intlibspace.o)
    0x00001404   0x0000000c   Code   RO         3462    .text               c_p.l(sys_exit.o)
    0x00001410   0x00000088   Code   RO         3475    .text               c_p.l(strcmp.o)
    0x00001498   0x00000002   Code   RO         3483    .text               c_p.l(use_no_semi.o)
    0x0000149a   0x00000000   Code   RO         3485    .text               c_p.l(indicate_semi.o)
    0x0000149a   0x00000056   Code   RO         3536    .text               c_p.l(__dczerorl2.o)
    0x000014f0   0x00000058   Code   RO         3150    i.Control_High_Speed_Fan  system_control.o
    0x00001548   0x00000040   Code   RO         3151    i.Control_Ordinary_Fan  system_control.o
    0x00001588   0x00000074   Code   RO         3152    i.Control_R03R04R05_Function  system_control.o
    0x000015fc   0x00000a74   Code   RO         2983    i.Debug_Display     debug.o
    0x00002070   0x00000078   Code   RO          258    i.Debug_dispaly_init  main.o
    0x000020e8   0x00000018   Code   RO         2426    i.Delay1Ms          timer.o
    0x00002100   0x00000054   Code   RO          259    i.Display_init      main.o
    0x00002154   0x00000020   Code   RO          474    i.FL_DelayInit      fm33le0xx_fl.o
    0x00002174   0x0000000a   Code   RO         1275    i.FL_GPIO_DisablePinAnalogSwitch  fm33le0xx_fl_gpio.o
    0x0000217e   0x0000000a   Code   RO         1276    i.FL_GPIO_DisablePinInput  fm33le0xx_fl_gpio.o
    0x00002188   0x0000000a   Code   RO         1277    i.FL_GPIO_DisablePinOpenDrain  fm33le0xx_fl_gpio.o
    0x00002192   0x0000000a   Code   RO         1278    i.FL_GPIO_DisablePinPullup  fm33le0xx_fl_gpio.o
    0x0000219c   0x0000000a   Code   RO         1279    i.FL_GPIO_DisablePinRemap  fm33le0xx_fl_gpio.o
    0x000021a6   0x00000016   Code   RO         2476    i.FL_GPIO_GetInputPin  button_function.o
    0x000021bc   0x00000016   Code   RO         3153    i.FL_GPIO_GetInputPin  system_control.o
    0x000021d2   0x00000002   PAD
    0x000021d4   0x000001b0   Code   RO         1280    i.FL_GPIO_Init      fm33le0xx_fl_gpio.o
    0x00002384   0x0000001a   Code   RO         1281    i.FL_GPIO_SetPinMode  fm33le0xx_fl_gpio.o
    0x0000239e   0x00000002   PAD
    0x000023a0   0x00000160   Code   RO         1371    i.FL_GPTIM_Init     fm33le0xx_fl_gptim.o
    0x00002500   0x0000000c   Code   RO         1374    i.FL_GPTIM_SetCounterAlignedMode  fm33le0xx_fl_gptim.o
    0x0000250c   0x00000168   Code   RO         1492    i.FL_I2C_MasterMode_Init  fm33le0xx_fl_i2c.o
    0x00002674   0x0000000c   Code   RO         3086    i.FL_I2C_Master_IsActiveFlag_Start  i2c.o
    0x00002680   0x00000008   Code   RO          479    i.FL_Init           fm33le0xx_fl.o
    0x00002688   0x00000048   Code   RO          480    i.FL_NVIC_Init      fm33le0xx_fl.o
    0x000026d0   0x00000010   Code   RO         2122    i.FL_RCC_EnableGroup1OperationClock  fm33le0xx_fl_uart.o
    0x000026e0   0x00000010   Code   RO         1497    i.FL_RCC_EnableGroup3BusClock  fm33le0xx_fl_i2c.o
    0x000026f0   0x00000010   Code   RO         1993    i.FL_RCC_EnableGroup3BusClock  fm33le0xx_fl_spi.o
    0x00002700   0x00000010   Code   RO         2123    i.FL_RCC_EnableGroup3BusClock  fm33le0xx_fl_uart.o
    0x00002710   0x00000010   Code   RO         1381    i.FL_RCC_EnableGroup4BusClock  fm33le0xx_fl_gptim.o
    0x00002720   0x00000078   Code   RO         1827    i.FL_RCC_GetAHBClockFreq  fm33le0xx_fl_rcc.o
    0x00002798   0x00000078   Code   RO         1828    i.FL_RCC_GetAPB1ClockFreq  fm33le0xx_fl_rcc.o
    0x00002810   0x00000078   Code   RO         1829    i.FL_RCC_GetAPB2ClockFreq  fm33le0xx_fl_rcc.o
    0x00002888   0x000000ac   Code   RO         1830    i.FL_RCC_GetPLLClockFreq  fm33le0xx_fl_rcc.o
    0x00002934   0x00000044   Code   RO         1831    i.FL_RCC_GetRCHFClockFreq  fm33le0xx_fl_rcc.o
    0x00002978   0x00000050   Code   RO         1832    i.FL_RCC_GetRCMFClockFreq  fm33le0xx_fl_rcc.o
    0x000029c8   0x00000064   Code   RO         1833    i.FL_RCC_GetSystemClockFreq  fm33le0xx_fl_rcc.o
    0x00002a2c   0x000001d8   Code   RO         1995    i.FL_SPI_Init       fm33le0xx_fl_spi.o
    0x00002c04   0x00000010   Code   RO          347    i.FL_SPI_IsActiveFlag_RXBuffFull  spi.o
    0x00002c14   0x00000006   Code   RO          348    i.FL_SPI_ReadRXBuff  spi.o
    0x00002c1a   0x0000000c   Code   RO          349    i.FL_SPI_SetSSNPin  spi.o
    0x00002c26   0x00000006   Code   RO          350    i.FL_SPI_WriteTXBuff  spi.o
    0x00002c2c   0x00000338   Code   RO         2129    i.FL_UART_Init      fm33le0xx_fl_uart.o
    0x00002f64   0x0000000a   Code   RO         2984    i.FL_UART_ReadRXBuff  debug.o
    0x00002f6e   0x00000002   PAD
    0x00002f70   0x00000044   Code   RO         2427    i.GPTIM0_IRQHandler  timer.o
    0x00002fb4   0x00000018   Code   RO         2428    i.GPTIM_Start       timer.o
    0x00002fcc   0x00000048   Code   RO         3087    i.I2C_Display       i2c.o
    0x00003014   0x000000a4   Code   RO         3088    i.I2C_Send_Bit      i2c.o
    0x000030b8   0x00000054   Code   RO         3089    i.I2C_Send_Byte     i2c.o
    0x0000310c   0x00000074   Code   RO         3090    i.I2C_Write_Display  i2c.o
    0x00003180   0x00000360   Code   RO         3154    i.Input_Detection   system_control.o
    0x000034e0   0x00000010   Code   RO         2477    i.Key_Funtion       button_function.o
    0x000034f0   0x00000198   Code   RO         2478    i.Key_press         button_function.o
    0x00003688   0x00000178   Code   RO         2479    i.Key_release       button_function.o
    0x00003800   0x00000028   Code   RO           13    i.MF_Button_Init    mf_config.o
    0x00003828   0x00000038   Code   RO           14    i.MF_Clock_Init     mf_config.o
    0x00003860   0x00000048   Code   RO           15    i.MF_Config_Init    mf_config.o
    0x000038a8   0x000000a0   Code   RO           16    i.MF_Control_Init   mf_config.o
    0x00003948   0x00000008   Code   RO           17    i.MF_Debug_Init     mf_config.o
    0x00003950   0x00000044   Code   RO           18    i.MF_GPTIM0_TimerBase_Init  mf_config.o
    0x00003994   0x00000060   Code   RO           19    i.MF_I2C_Init       mf_config.o
    0x000039f4   0x00000044   Code   RO           20    i.MF_Led_Init       mf_config.o
    0x00003a38   0x0000001c   Code   RO           21    i.MF_NVIC_Init      mf_config.o
    0x00003a54   0x00000058   Code   RO           22    i.MF_Spi_Init       mf_config.o
    0x00003aac   0x00000002   Code   RO           23    i.MF_SystemClock_Config  mf_config.o
    0x00003aae   0x00000002   PAD
    0x00003ab0   0x00000068   Code   RO           24    i.MF_UART1_Init     mf_config.o
    0x00003b18   0x00000026   Code   RO         2985    i.MemCmp            debug.o
    0x00003b3e   0x0000001a   Code   RO         2986    i.MemCpy            debug.o
    0x00003b58   0x00000016   Code   RO         2987    i.MemSet            debug.o
    0x00003b6e   0x00000002   PAD
    0x00003b70   0x00000078   Code   RO          481    i.NVIC_SetPriority  fm33le0xx_fl.o
    0x00003be8   0x0000004c   Code   RO         3155    i.Output_Control    system_control.o
    0x00003c34   0x00000118   Code   RO          351    i.SPI_Check_init    spi.o
    0x00003d4c   0x0000004c   Code   RO          353    i.SPI_ReadWrite     spi.o
    0x00003d98   0x00000038   Code   RO          354    i.SPI_Read_Cmd      spi.o
    0x00003dd0   0x00000018   Code   RO          355    i.SPI_Read_data     spi.o
    0x00003de8   0x0000001c   Code   RO         2988    i.SendBuf           debug.o
    0x00003e04   0x0000002a   Code   RO         2989    i.SendOneByte       debug.o
    0x00003e2e   0x0000002a   Code   RO         3091    i.Sendaddr_Display  i2c.o
    0x00003e58   0x0000004c   Code   RO          260    i.Spi_data_init     main.o
    0x00003ea4   0x000000e8   Code   RO          434    i.SystemCoreClockUpdate  system_fm33le0xx.o
    0x00003f8c   0x00000124   Code   RO          435    i.SystemInit        system_fm33le0xx.o
    0x000040b0   0x000000c4   Code   RO          436    i.SystemPLLClockUpdate  system_fm33le0xx.o
    0x00004174   0x000000b4   Code   RO         2990    i.UART1_IRQHandler  debug.o
    0x00004228   0x00000160   Code   RO         2991    i.UART_RxFlag       debug.o
    0x00004388   0x0000015c   Code   RO         2992    i.UART_RxGet        debug.o
    0x000044e4   0x0000004c   Code   RO         2480    i.UOC_FN_Exit_Menu  button_function.o
    0x00004530   0x00000074   Code   RO         2481    i.UOC_FN_Menu       button_function.o
    0x000045a4   0x0000004c   Code   RO         2482    i.UOC_Parameter_Offset_Display  button_function.o
    0x000045f0   0x00000074   Code   RO         2483    i.UOC_Parameter_State  button_function.o
    0x00004664   0x00000198   Code   RO         2484    i.UOC_Parameter_func  button_function.o
    0x000047fc   0x00000034   Code   RO         2485    i.UOC_paremeter_Display  button_function.o
    0x00004830   0x00000094   Code   RO         2486    i.UOC_paremeter_F00_FUNC  button_function.o
    0x000048c4   0x00000138   Code   RO         2487    i.UOC_paremeter_F01_FUNC  button_function.o
    0x000049fc   0x00000138   Code   RO         2488    i.UOC_paremeter_F02_FUNC  button_function.o
    0x00004b34   0x00000038   Code   RO         2489    i.UOC_paremeter_F03_FUNC  button_function.o
    0x00004b6c   0x00000038   Code   RO         2490    i.UOC_paremeter_F04_FUNC  button_function.o
    0x00004ba4   0x00000038   Code   RO         2491    i.UOC_paremeter_F05_FUNC  button_function.o
    0x00004bdc   0x00000038   Code   RO         2492    i.UOC_paremeter_F06_FUNC  button_function.o
    0x00004c14   0x00000038   Code   RO         2493    i.UOC_paremeter_F07_FUNC  button_function.o
    0x00004c4c   0x00000038   Code   RO         2494    i.UOC_paremeter_F08_FUNC  button_function.o
    0x00004c84   0x00000038   Code   RO         2495    i.UOC_paremeter_F09_FUNC  button_function.o
    0x00004cbc   0x00000038   Code   RO         2496    i.UOC_paremeter_F10_FUNC  button_function.o
    0x00004cf4   0x00000038   Code   RO         2497    i.UOC_paremeter_F11_FUNC  button_function.o
    0x00004d2c   0x00000038   Code   RO         2498    i.UOC_paremeter_F12_FUNC  button_function.o
    0x00004d64   0x00000038   Code   RO         2499    i.UOC_paremeter_F13_FUNC  button_function.o
    0x00004d9c   0x00000038   Code   RO         2500    i.UOC_paremeter_F14_FUNC  button_function.o
    0x00004dd4   0x00000038   Code   RO         2501    i.UOC_paremeter_F15_FUNC  button_function.o
    0x00004e0c   0x00000038   Code   RO         2502    i.UOC_paremeter_F16_FUNC  button_function.o
    0x00004e44   0x00000038   Code   RO         2503    i.UOC_paremeter_F17_FUNC  button_function.o
    0x00004e7c   0x00000038   Code   RO         2504    i.UOC_paremeter_F18_FUNC  button_function.o
    0x00004eb4   0x00000038   Code   RO         2505    i.UOC_paremeter_F19_FUNC  button_function.o
    0x00004eec   0x00000038   Code   RO         2506    i.UOC_paremeter_F20_FUNC  button_function.o
    0x00004f24   0x00000038   Code   RO         2507    i.UOC_paremeter_F21_FUNC  button_function.o
    0x00004f5c   0x00000038   Code   RO         2508    i.UOC_paremeter_F22_FUNC  button_function.o
    0x00004f94   0x00000038   Code   RO         2509    i.UOC_paremeter_F23_FUNC  button_function.o
    0x00004fcc   0x00000038   Code   RO         2510    i.UOC_paremeter_F24_FUNC  button_function.o
    0x00005004   0x00000038   Code   RO         2511    i.UOC_paremeter_F25_FUNC  button_function.o
    0x0000503c   0x00000038   Code   RO         2512    i.UOC_paremeter_F26_FUNC  button_function.o
    0x00005074   0x00000038   Code   RO         2513    i.UOC_paremeter_F27_FUNC  button_function.o
    0x000050ac   0x00000038   Code   RO         2514    i.UOC_paremeter_F28_FUNC  button_function.o
    0x000050e4   0x00000038   Code   RO         2515    i.UOC_paremeter_F29_FUNC  button_function.o
    0x0000511c   0x00000038   Code   RO         2516    i.UOC_paremeter_F30_FUNC  button_function.o
    0x00005154   0x00000038   Code   RO         2517    i.UOC_paremeter_F31_FUNC  button_function.o
    0x0000518c   0x00000038   Code   RO         2518    i.UOC_paremeter_F32_FUNC  button_function.o
    0x000051c4   0x00000038   Code   RO         2519    i.UOC_paremeter_F33_FUNC  button_function.o
    0x000051fc   0x00000038   Code   RO         2520    i.UOC_paremeter_F34_FUNC  button_function.o
    0x00005234   0x00000038   Code   RO         2521    i.UOC_paremeter_F35_FUNC  button_function.o
    0x0000526c   0x00000038   Code   RO         2522    i.UOC_paremeter_F36_FUNC  button_function.o
    0x000052a4   0x00000038   Code   RO         2523    i.UOC_paremeter_F37_FUNC  button_function.o
    0x000052dc   0x00000038   Code   RO         2524    i.UOC_paremeter_F38_FUNC  button_function.o
    0x00005314   0x00000038   Code   RO         2525    i.UOC_paremeter_F39_FUNC  button_function.o
    0x0000534c   0x00000038   Code   RO         2526    i.UOC_paremeter_F40_FUNC  button_function.o
    0x00005384   0x00000038   Code   RO         2527    i.UOC_paremeter_F41_FUNC  button_function.o
    0x000053bc   0x00000038   Code   RO         2528    i.UOC_paremeter_F42_FUNC  button_function.o
    0x000053f4   0x00000038   Code   RO         2529    i.UOC_paremeter_F43_FUNC  button_function.o
    0x0000542c   0x00000038   Code   RO         2530    i.UOC_paremeter_F44_FUNC  button_function.o
    0x00005464   0x00000038   Code   RO         2531    i.UOC_paremeter_F45_FUNC  button_function.o
    0x0000549c   0x00000038   Code   RO         2532    i.UOC_paremeter_F46_FUNC  button_function.o
    0x000054d4   0x00000038   Code   RO         2533    i.UOC_paremeter_F47_FUNC  button_function.o
    0x0000550c   0x00000038   Code   RO         2534    i.UOC_paremeter_F48_FUNC  button_function.o
    0x00005544   0x00000038   Code   RO         2535    i.UOC_paremeter_F49_FUNC  button_function.o
    0x0000557c   0x00000038   Code   RO         2536    i.UOC_paremeter_F50_FUNC  button_function.o
    0x000055b4   0x00000038   Code   RO         2537    i.UOC_paremeter_F51_FUNC  button_function.o
    0x000055ec   0x00000038   Code   RO         2538    i.UOC_paremeter_F52_FUNC  button_function.o
    0x00005624   0x00000038   Code   RO         2539    i.UOC_paremeter_F53_FUNC  button_function.o
    0x0000565c   0x00000038   Code   RO         2540    i.UOC_paremeter_F54_FUNC  button_function.o
    0x00005694   0x00000038   Code   RO         2541    i.UOC_paremeter_F55_FUNC  button_function.o
    0x000056cc   0x00000038   Code   RO         2542    i.UOC_paremeter_F56_FUNC  button_function.o
    0x00005704   0x00000038   Code   RO         2543    i.UOC_paremeter_F57_FUNC  button_function.o
    0x0000573c   0x00000038   Code   RO         2544    i.UOC_paremeter_F58_FUNC  button_function.o
    0x00005774   0x00000038   Code   RO         2545    i.UOC_paremeter_F59_FUNC  button_function.o
    0x000057ac   0x00000038   Code   RO         2546    i.UOC_paremeter_F60_FUNC  button_function.o
    0x000057e4   0x00000038   Code   RO         2547    i.UOC_paremeter_F61_FUNC  button_function.o
    0x0000581c   0x00000038   Code   RO         2548    i.UOC_paremeter_F62_FUNC  button_function.o
    0x00005854   0x00000038   Code   RO         2549    i.UOC_paremeter_F63_FUNC  button_function.o
    0x0000588c   0x00000038   Code   RO         2550    i.UOC_paremeter_F64_FUNC  button_function.o
    0x000058c4   0x00000038   Code   RO         2551    i.UOC_paremeter_F65_FUNC  button_function.o
    0x000058fc   0x00000038   Code   RO         2552    i.UOC_paremeter_F66_FUNC  button_function.o
    0x00005934   0x000000bc   Code   RO         2553    i.UOC_paremeter_F67_FUNC  button_function.o
    0x000059f0   0x00000038   Code   RO         2554    i.UOC_paremeter_F68_FUNC  button_function.o
    0x00005a28   0x00000058   Code   RO         2555    i.UOC_paremeter_F69_FUNC  button_function.o
    0x00005a80   0x00000040   Code   RO         2556    i.UOC_paremeter_FREE_FUNC  button_function.o
    0x00005ac0   0x000008c8   Code   RO          261    i.UOC_spi_read_data_cycle  main.o
    0x00006388   0x00000010   Code   RO          262    i.UOC_sys_data_init  main.o
    0x00006398   0x0000003c   Code   RO         3092    i.Wait_for_end      i2c.o
    0x000063d4   0x0000001c   Code   RO          463    i.__ARM_common_switch8  system_fm33le0xx.o
    0x000063f0   0x0000000e   Code   RO         3306    i._is_digit         c_p.l(__printf_wp.o)
    0x000063fe   0x00000002   PAD
    0x00006400   0x00000054   Code   RO         2993    i.dbg_array_buffer  debug.o
    0x00006454   0x00000048   Code   RO         2994    i.dbg_printf        debug.o
    0x0000649c   0x0000004c   Code   RO         2400    i.led_display       led.o
    0x000064e8   0x0000005c   Code   RO          263    i.main              main.o
    0x00006544   0x0000002c   Code   RO         3411    locale$$code        c_p.l(lc_ctype_c.o)
    0x00006570   0x00000000   Code   RO         3341    x$fpl$usenofp       fz_ps.l(usenofp.o)
    0x00006570   0x00000039   Data   RO          265    .constdata          main.o
    0x000065a9   0x0000000f   Data   RO          358    .constdata          spi.o
    0x000065b8   0x00000016   Data   RO         2557    .constdata          button_function.o
    0x000065ce   0x00000010   Data   RO         3156    .constdata          system_control.o
    0x000065de   0x00000080   Data   RO         3224    .constdata          fz_ps.l(ddiv.o)
    0x0000665e   0x00000002   PAD
    0x00006660   0x00000008   Data   RO         3265    .constdata          c_p.l(_printf_wctomb.o)
    0x00006668   0x00000028   Data   RO         3294    .constdata          c_p.l(_printf_hex_int_ll_ptr.o)
    0x00006690   0x00000011   Data   RO         3314    .constdata          c_p.l(__printf_flags_ss_wp.o)
    0x000066a1   0x00000003   PAD
    0x000066a4   0x00000020   Data   RO         3534    Region$$Table       anon$$obj.o
    0x000066c4   0x00000110   Data   RO         3410    locale$$data        c_p.l(lc_ctype_c.o)


    Execution Region RW_IRAM1 (Base: 0x20000000, Size: 0x00001b08, Max: 0x00004000, ABSOLUTE, COMPRESSED[0x000002dc])

    Base Addr    Size         Type   Attr      Idx    E Section Name        Object

    0x20000000   0x00000009   Data   RW          266    .data               main.o
    0x20000009   0x00000003   PAD
    0x2000000c   0x0000000c   Data   RW          437    .data               system_fm33le0xx.o
    0x20000018   0x00000084   Data   RW         2401    .data               led.o
    0x2000009c   0x00000046   Data   RW         2465    .data               parameter.o
    0x200000e2   0x00000002   PAD
    0x200000e4   0x00000250   Data   RW         2558    .data               button_function.o
    0x20000334   0x00000088   Data   RW         2996    .data               debug.o
    0x200003bc   0x0000002d   Data   RW         3093    .data               i2c.o
    0x200003e9   0x00000003   PAD
    0x200003ec   0x000000b5   Data   RW         3157    .data               system_control.o
    0x200004a1   0x00000003   PAD
    0x200004a4   0x00000100   Zero   RW          264    .bss                main.o
    0x200005a4   0x00000502   Zero   RW         2995    .bss                debug.o
    0x20000aa6   0x00000002   PAD
    0x20000aa8   0x00000060   Zero   RW         3398    .bss                c_p.l(libspace.o)
    0x20000b08   0x00000800   Zero   RW            2    HEAP                startup_fm33le0xx.o
    0x20001308   0x00000800   Zero   RW            1    STACK               startup_fm33le0xx.o


==============================================================================

Image component sizes


      Code (inc. data)   RO Data    RW Data    ZI Data      Debug   Object Name

      6418        824         22        592          0      53550   button_function.o
      3878       1810          0        136       1282      33356   debug.o
       232         20          0          0          0       9284   fm33le0xx_fl.o
       508         14          0          0          0      48599   fm33le0xx_fl_gpio.o
       380         14          0          0          0      58680   fm33le0xx_fl_gptim.o
       376         24          0          0          0      47073   fm33le0xx_fl_i2c.o
       780         98          0          0          0      32598   fm33le0xx_fl_rcc.o
       488         12          0          0          0      42630   fm33le0xx_fl_spi.o
       856         34          0          0          0      49583   fm33le0xx_fl_uart.o
       550         28          0         45          0      21712   i2c.o
        76          4          0        132          0      15987   led.o
      2636        604         57          9        256      12133   main.o
       790         78          0          0          0     143064   mf_config.o
         0          0          0         70          0        210   parameter.o
       476        118         15          0          0      14944   spi.o
        56         26        192          0       4096        716   startup_fm33le0xx.o
      1230         76         16        181          0      19480   system_control.o
       748        112          0         12          0       2211   system_fm33le0xx.o
       116         22          0          0          0      24549   timer.o

    ----------------------------------------------------------------------
     20604       3918        334       1188       5636     630359   Object Totals
         0          0         32          0          0          0   (incl. Generated)
        10          0          0         11          2          0   (incl. Padding)

    ----------------------------------------------------------------------

      Code (inc. data)   RO Data    RW Data    ZI Data      Debug   Library Member Name

        86          0          0          0          0          0   __dczerorl2.o
         8          0          0          0          0         68   __main.o
       392          6         17          0          0         76   __printf_flags_ss_wp.o
        14          0          0          0          0         60   __printf_wp.o
         0          0          0          0          0          0   __rtentry.o
        12          0          0          0          0          0   __rtentry2.o
         6          0          0          0          0          0   __rtentry4.o
        60          8          0          0          0          0   __scatter.o
        28          0          0          0          0          0   __scatter_zi.o
        10          0          0          0          0          0   _printf_a.o
        10          0          0          0          0          0   _printf_c.o
        46          0          0          0          0        100   _printf_char.o
        48          6          0          0          0         88   _printf_char_common.o
        38          0          0          0          0         60   _printf_charcount.o
        10          0          0          0          0          0   _printf_d.o
       108         18          0          0          0         76   _printf_dec.o
        10          0          0          0          0          0   _printf_e.o
        10          0          0          0          0          0   _printf_f.o
        10          0          0          0          0          0   _printf_g.o
       152          4         40          0          0        148   _printf_hex_int_ll_ptr.o
        10          0          0          0          0          0   _printf_i.o
       176          0          0          0          0         84   _printf_intcommon.o
        10          0          0          0          0          0   _printf_l.o
        10          0          0          0          0          0   _printf_lc.o
        10          0          0          0          0          0   _printf_ll.o
        10          0          0          0          0          0   _printf_lld.o
        10          0          0          0          0          0   _printf_lli.o
        10          0          0          0          0          0   _printf_llo.o
        10          0          0          0          0          0   _printf_llu.o
        10          0          0          0          0          0   _printf_llx.o
       112         18          0          0          0         76   _printf_longlong_dec.o
        10          0          0          0          0          0   _printf_ls.o
        10          0          0          0          0          0   _printf_n.o
        10          0          0          0          0          0   _printf_o.o
       112         10          0          0          0        112   _printf_oct_int_ll.o
        10          0          0          0          0          0   _printf_p.o
        78          0          0          0          0        100   _printf_pad.o
         2          0          0          0          0          0   _printf_percent.o
         4          0          0          0          0          0   _printf_percent_end.o
        10          0          0          0          0          0   _printf_s.o
        82          0          0          0          0         72   _printf_str.o
        36          0          0          0          0         76   _printf_truncate.o
        10          0          0          0          0          0   _printf_u.o
        46          0          0          0          0        100   _printf_wchar.o
       188          6          8          0          0         80   _printf_wctomb.o
        10          0          0          0          0          0   _printf_x.o
        16          0          0          0          0         60   _snputc.o
        10          0          0          0          0         60   _sputc.o
        56          6          0          0          0         72   _vsnprintf.o
        64          0          0          0          0         72   _wcrtomb.o
       346          0          0          0          0         92   aeabi_sdiv.o
        12          0          0          0          0         64   exit.o
         6          0          0          0          0        136   heapauxi.o
         0          0          0          0          0          0   indicate_semi.o
        44         10        272          0          0         76   lc_ctype_c.o
         2          0          0          0          0          0   libinit.o
        20          0          0          0          0          0   libinit2.o
         2          0          0          0          0          0   libshutdown.o
         2          0          0          0          0          0   libshutdown2.o
         8          4          0          0         96         68   libspace.o
       122          0          0          0          0         72   lludiv10.o
        16          4          0          0          0         76   rt_ctype_table.o
         8          4          0          0          0         68   rt_locale_intlibspace.o
         2          0          0          0          0          0   rtexit.o
        10          0          0          0          0          0   rtexit2.o
        40          0          0          0          0         60   rtudiv10.o
       136          4          0          0          0         72   strcmp.o
        12          4          0          0          0         60   sys_exit.o
        62          0          0          0          0         80   sys_stackheap_outer.o
         2          0          0          0          0         68   use_no_semi.o
       856         20          0          0          0        208   daddsub.o
      1096         26        128          0          0        112   ddiv.o
        72          4          0          0          0         68   dfixui.o
        88          0          0          0          0         92   dflti.o
         0          0          0          0          0          0   usenofp.o

    ----------------------------------------------------------------------
      5172        162        470          0         96       3112   Library Totals
         8          0          5          0          0          0   (incl. Padding)

    ----------------------------------------------------------------------

      Code (inc. data)   RO Data    RW Data    ZI Data      Debug   Library Name

      3052        112        337          0         96       2632   c_p.l
      2112         50        128          0          0        480   fz_ps.l

    ----------------------------------------------------------------------
      5172        162        470          0         96       3112   Library Totals

    ----------------------------------------------------------------------

==============================================================================


      Code (inc. data)   RO Data    RW Data    ZI Data      Debug   

     25776       4080        804       1188       5732     624771   Grand Totals
     25776       4080        804        732       5732     624771   ELF Image Totals (compressed)
     25776       4080        804        732          0          0   ROM Totals

==============================================================================

    Total RO  Size (Code + RO Data)                26580 (  25.96kB)
    Total RW  Size (RW Data + ZI Data)              6920 (   6.76kB)
    Total ROM Size (Code + RO Data + RW Data)      27312 (  26.67kB)

==============================================================================

