<!doctype html public "-//w3c//dtd html 4.0 transitional//en">
<html><head>
<title>Static Call Graph - [.\Objects\F10.axf]</title></head>
<body><HR>
<H1>Static Call Graph for image .\Objects\F10.axf</H1><HR>
<BR><P>#&#060CALLGRAPH&#062# ARM Linker, 5050106: Last Updated: Mon Nov 13 23:30:42 2023
<BR><P>
<H3>Maximum Stack Usage =        456 bytes + Unknown(Functions without stacksize, Cycles, Untraceable Function Pointers)</H3><H3>
Call chain for Maximum Stack Depth:</H3>
__rt_entry_main &rArr; main &rArr; System_Funtion &rArr; UOC_Parameter_State &rArr; UOC_Parameter_func &rArr; Show_Param_info &rArr; dbg_printf &rArr; _vsnprintf &rArr; _printf_char_common &rArr; __printf
<P>
<H3>
Functions with no stack information
</H3><UL>
 <LI><a href="#[10c]">__user_initial_stackheap</a>
</UL>
</UL>
<P>
<H3>
Mutually Recursive functions
</H3> <LI><a href="#[78]">NMI_Handler</a>&nbsp;&nbsp;&nbsp;&rArr;&nbsp;&nbsp;&nbsp;<a href="#[78]">NMI_Handler</a><BR>
 <LI><a href="#[79]">HardFault_Handler</a>&nbsp;&nbsp;&nbsp;&rArr;&nbsp;&nbsp;&nbsp;<a href="#[79]">HardFault_Handler</a><BR>
 <LI><a href="#[7a]">SVC_Handler</a>&nbsp;&nbsp;&nbsp;&rArr;&nbsp;&nbsp;&nbsp;<a href="#[7a]">SVC_Handler</a><BR>
 <LI><a href="#[7b]">PendSV_Handler</a>&nbsp;&nbsp;&nbsp;&rArr;&nbsp;&nbsp;&nbsp;<a href="#[7b]">PendSV_Handler</a><BR>
 <LI><a href="#[7c]">SysTick_Handler</a>&nbsp;&nbsp;&nbsp;&rArr;&nbsp;&nbsp;&nbsp;<a href="#[7c]">SysTick_Handler</a><BR>
 <LI><a href="#[82]">ADC_IRQHandler</a>&nbsp;&nbsp;&nbsp;&rArr;&nbsp;&nbsp;&nbsp;<a href="#[82]">ADC_IRQHandler</a><BR>
</UL>
<P>
<H3>
Function Pointers
</H3><UL>
 <LI><a href="#[82]">ADC_IRQHandler</a> from startup_fm33le0xx.o(.text) referenced from startup_fm33le0xx.o(RESET)
 <LI><a href="#[90]">AES_IRQHandler</a> from startup_fm33le0xx.o(.text) referenced from startup_fm33le0xx.o(RESET)
 <LI><a href="#[99]">ATIM_IRQHandler</a> from startup_fm33le0xx.o(.text) referenced from startup_fm33le0xx.o(RESET)
 <LI><a href="#[95]">BSTIM_IRQHandler</a> from startup_fm33le0xx.o(.text) referenced from startup_fm33le0xx.o(RESET)
 <LI><a href="#[96]">COMPx_IRQHandler</a> from startup_fm33le0xx.o(.text) referenced from startup_fm33le0xx.o(RESET)
 <LI><a href="#[92]">DMA_IRQHandler</a> from startup_fm33le0xx.o(.text) referenced from startup_fm33le0xx.o(RESET)
 <LI><a href="#[80]">FLASH_IRQHandler</a> from startup_fm33le0xx.o(.text) referenced from startup_fm33le0xx.o(RESET)
 <LI><a href="#[9b]">GPIO_IRQHandler</a> from startup_fm33le0xx.o(.text) referenced from startup_fm33le0xx.o(RESET)
 <LI><a href="#[97]">GPTIM0_IRQHandler</a> from timer.o(i.GPTIM0_IRQHandler) referenced from startup_fm33le0xx.o(RESET)
 <LI><a href="#[98]">GPTIM1_IRQHandler</a> from timer.o(i.GPTIM1_IRQHandler) referenced from startup_fm33le0xx.o(RESET)
 <LI><a href="#[8b]">HFDET_IRQHandler</a> from startup_fm33le0xx.o(.text) referenced from startup_fm33le0xx.o(RESET)
 <LI><a href="#[79]">HardFault_Handler</a> from startup_fm33le0xx.o(.text) referenced from startup_fm33le0xx.o(RESET)
 <LI><a href="#[8f]">I2CSMB_IRQHandler</a> from startup_fm33le0xx.o(.text) referenced from startup_fm33le0xx.o(RESET)
 <LI><a href="#[8e]">I2C_IRQHandler</a> from startup_fm33le0xx.o(.text) referenced from startup_fm33le0xx.o(RESET)
 <LI><a href="#[83]">IWDT_IRQHandler</a> from startup_fm33le0xx.o(.text) referenced from startup_fm33le0xx.o(RESET)
 <LI><a href="#[86]">LCD_IRQHandler</a> from startup_fm33le0xx.o(.text) referenced from startup_fm33le0xx.o(RESET)
 <LI><a href="#[81]">LFDET_IRQHandler</a> from startup_fm33le0xx.o(.text) referenced from startup_fm33le0xx.o(RESET)
 <LI><a href="#[91]">LPTIM_IRQHandler</a> from startup_fm33le0xx.o(.text) referenced from startup_fm33le0xx.o(RESET)
 <LI><a href="#[9c]">LPUART0_IRQHandler</a> from startup_fm33le0xx.o(.text) referenced from startup_fm33le0xx.o(RESET)
 <LI><a href="#[8d]">LPUART1_IRQHandler</a> from startup_fm33le0xx.o(.text) referenced from startup_fm33le0xx.o(RESET)
 <LI><a href="#[78]">NMI_Handler</a> from startup_fm33le0xx.o(.text) referenced from startup_fm33le0xx.o(RESET)
 <LI><a href="#[7b]">PendSV_Handler</a> from startup_fm33le0xx.o(.text) referenced from startup_fm33le0xx.o(RESET)
 <LI><a href="#[7f]">RTC_IRQHandler</a> from startup_fm33le0xx.o(.text) referenced from startup_fm33le0xx.o(RESET)
 <LI><a href="#[77]">Reset_Handler</a> from startup_fm33le0xx.o(.text) referenced from startup_fm33le0xx.o(RESET)
 <LI><a href="#[84]">SPI1_IRQHandler</a> from startup_fm33le0xx.o(.text) referenced from startup_fm33le0xx.o(RESET)
 <LI><a href="#[85]">SPI2_IRQHandler</a> from startup_fm33le0xx.o(.text) referenced from startup_fm33le0xx.o(RESET)
 <LI><a href="#[7a]">SVC_Handler</a> from startup_fm33le0xx.o(.text) referenced from startup_fm33le0xx.o(RESET)
 <LI><a href="#[7e]">SVD_IRQHandler</a> from startup_fm33le0xx.o(.text) referenced from startup_fm33le0xx.o(RESET)
 <LI><a href="#[7c]">SysTick_Handler</a> from startup_fm33le0xx.o(.text) referenced from startup_fm33le0xx.o(RESET)
 <LI><a href="#[9d]">SystemInit</a> from system_fm33le0xx.o(i.SystemInit) referenced from startup_fm33le0xx.o(.text)
 <LI><a href="#[68]">TEST_UOC_DI0_FUNC</a> from production_test.o(i.TEST_UOC_DI0_FUNC) referenced 2 times from production_test.o(.data)
 <LI><a href="#[72]">TEST_UOC_DI10_FUNC</a> from production_test.o(i.TEST_UOC_DI10_FUNC) referenced 2 times from production_test.o(.data)
 <LI><a href="#[73]">TEST_UOC_DI11_FUNC</a> from production_test.o(i.TEST_UOC_DI11_FUNC) referenced 2 times from production_test.o(.data)
 <LI><a href="#[74]">TEST_UOC_DI12_FUNC</a> from production_test.o(i.TEST_UOC_DI12_FUNC) referenced 2 times from production_test.o(.data)
 <LI><a href="#[75]">TEST_UOC_DI13_FUNC</a> from production_test.o(i.TEST_UOC_DI13_FUNC) referenced 2 times from production_test.o(.data)
 <LI><a href="#[76]">TEST_UOC_DI14_FUNC</a> from production_test.o(i.TEST_UOC_DI14_FUNC) referenced 2 times from production_test.o(.data)
 <LI><a href="#[69]">TEST_UOC_DI1_FUNC</a> from production_test.o(i.TEST_UOC_DI1_FUNC) referenced 2 times from production_test.o(.data)
 <LI><a href="#[6a]">TEST_UOC_DI2_FUNC</a> from production_test.o(i.TEST_UOC_DI2_FUNC) referenced 2 times from production_test.o(.data)
 <LI><a href="#[6b]">TEST_UOC_DI3_FUNC</a> from production_test.o(i.TEST_UOC_DI3_FUNC) referenced 2 times from production_test.o(.data)
 <LI><a href="#[6c]">TEST_UOC_DI4_FUNC</a> from production_test.o(i.TEST_UOC_DI4_FUNC) referenced 2 times from production_test.o(.data)
 <LI><a href="#[6d]">TEST_UOC_DI5_FUNC</a> from production_test.o(i.TEST_UOC_DI5_FUNC) referenced 2 times from production_test.o(.data)
 <LI><a href="#[6e]">TEST_UOC_DI6_FUNC</a> from production_test.o(i.TEST_UOC_DI6_FUNC) referenced 2 times from production_test.o(.data)
 <LI><a href="#[6f]">TEST_UOC_DI7_FUNC</a> from production_test.o(i.TEST_UOC_DI7_FUNC) referenced 2 times from production_test.o(.data)
 <LI><a href="#[70]">TEST_UOC_DI8_FUNC</a> from production_test.o(i.TEST_UOC_DI8_FUNC) referenced 2 times from production_test.o(.data)
 <LI><a href="#[71]">TEST_UOC_DI9_FUNC</a> from production_test.o(i.TEST_UOC_DI9_FUNC) referenced 2 times from production_test.o(.data)
 <LI><a href="#[8c]">U7816_IRQHandler</a> from startup_fm33le0xx.o(.text) referenced from startup_fm33le0xx.o(RESET)
 <LI><a href="#[87]">UART0_IRQHandler</a> from startup_fm33le0xx.o(.text) referenced from startup_fm33le0xx.o(RESET)
 <LI><a href="#[88]">UART1_IRQHandler</a> from debug.o(i.UART1_IRQHandler) referenced from startup_fm33le0xx.o(RESET)
 <LI><a href="#[94]">UART2_IRQHandler</a> from startup_fm33le0xx.o(.text) referenced from startup_fm33le0xx.o(RESET)
 <LI><a href="#[89]">UART4_IRQHandler</a> from startup_fm33le0xx.o(.text) referenced from startup_fm33le0xx.o(RESET)
 <LI><a href="#[8a]">UART5_IRQHandler</a> from startup_fm33le0xx.o(.text) referenced from startup_fm33le0xx.o(RESET)
 <LI><a href="#[54]">UOC_DI0_FUNC</a> from system_control.o(i.UOC_DI0_FUNC) referenced 2 times from system_control.o(.data)
 <LI><a href="#[5e]">UOC_DI10_FUNC</a> from system_control.o(i.UOC_DI10_FUNC) referenced 2 times from system_control.o(.data)
 <LI><a href="#[5f]">UOC_DI11_FUNC</a> from system_control.o(i.UOC_DI11_FUNC) referenced 2 times from system_control.o(.data)
 <LI><a href="#[60]">UOC_DI12_FUNC</a> from system_control.o(i.UOC_DI12_FUNC) referenced 2 times from system_control.o(.data)
 <LI><a href="#[61]">UOC_DI13_FUNC</a> from system_control.o(i.UOC_DI13_FUNC) referenced 2 times from system_control.o(.data)
 <LI><a href="#[62]">UOC_DI14_FUNC</a> from system_control.o(i.UOC_DI14_FUNC) referenced 2 times from system_control.o(.data)
 <LI><a href="#[55]">UOC_DI1_FUNC</a> from system_control.o(i.UOC_DI1_FUNC) referenced 2 times from system_control.o(.data)
 <LI><a href="#[56]">UOC_DI2_FUNC</a> from system_control.o(i.UOC_DI2_FUNC) referenced 2 times from system_control.o(.data)
 <LI><a href="#[57]">UOC_DI3_FUNC</a> from system_control.o(i.UOC_DI3_FUNC) referenced 2 times from system_control.o(.data)
 <LI><a href="#[58]">UOC_DI4_FUNC</a> from system_control.o(i.UOC_DI4_FUNC) referenced 2 times from system_control.o(.data)
 <LI><a href="#[59]">UOC_DI5_FUNC</a> from system_control.o(i.UOC_DI5_FUNC) referenced 2 times from system_control.o(.data)
 <LI><a href="#[5a]">UOC_DI6_FUNC</a> from system_control.o(i.UOC_DI6_FUNC) referenced 2 times from system_control.o(.data)
 <LI><a href="#[5b]">UOC_DI7_FUNC</a> from system_control.o(i.UOC_DI7_FUNC) referenced 2 times from system_control.o(.data)
 <LI><a href="#[5c]">UOC_DI8_FUNC</a> from system_control.o(i.UOC_DI8_FUNC) referenced 2 times from system_control.o(.data)
 <LI><a href="#[5d]">UOC_DI9_FUNC</a> from system_control.o(i.UOC_DI9_FUNC) referenced 2 times from system_control.o(.data)
 <LI><a href="#[a2]">UOC_Fan_Static_Clean</a> from main.o(i.UOC_Fan_Static_Clean) referenced from main.o(i.sys_control_init)
 <LI><a href="#[a3]">UOC_Input_Res</a> from main.o(i.UOC_Input_Res) referenced from main.o(i.sys_control_init)
 <LI><a href="#[5]">UOC_Spi_Check_Para</a> from spi.o(i.UOC_Spi_Check_Para) referenced 2 times from spi.o(.data)
 <LI><a href="#[7]">UOC_Spi_Display_Para</a> from spi.o(i.UOC_Spi_Display_Para) referenced 2 times from spi.o(.data)
 <LI><a href="#[9]">UOC_Spi_Error_E00</a> from spi.o(i.UOC_Spi_Error_E00) referenced 2 times from spi.o(.data)
 <LI><a href="#[a]">UOC_Spi_Error_E01</a> from spi.o(i.UOC_Spi_Error_E01) referenced 2 times from spi.o(.data)
 <LI><a href="#[b]">UOC_Spi_Error_E02</a> from spi.o(i.UOC_Spi_Error_E02) referenced 2 times from spi.o(.data)
 <LI><a href="#[c]">UOC_Spi_Error_E03</a> from spi.o(i.UOC_Spi_Error_E03) referenced 2 times from spi.o(.data)
 <LI><a href="#[d]">UOC_Spi_Error_E04</a> from spi.o(i.UOC_Spi_Error_E04) referenced 2 times from spi.o(.data)
 <LI><a href="#[e]">UOC_Spi_Error_E05</a> from spi.o(i.UOC_Spi_Error_E05) referenced 2 times from spi.o(.data)
 <LI><a href="#[f]">UOC_Spi_Error_E06</a> from spi.o(i.UOC_Spi_Error_E06) referenced 2 times from spi.o(.data)
 <LI><a href="#[10]">UOC_Spi_Error_E07</a> from spi.o(i.UOC_Spi_Error_E07) referenced 2 times from spi.o(.data)
 <LI><a href="#[11]">UOC_Spi_Error_E08</a> from spi.o(i.UOC_Spi_Error_E08) referenced 2 times from spi.o(.data)
 <LI><a href="#[12]">UOC_Spi_Error_E09</a> from spi.o(i.UOC_Spi_Error_E09) referenced 2 times from spi.o(.data)
 <LI><a href="#[13]">UOC_Spi_Error_E10</a> from spi.o(i.UOC_Spi_Error_E10) referenced 2 times from spi.o(.data)
 <LI><a href="#[14]">UOC_Spi_Error_E11</a> from spi.o(i.UOC_Spi_Error_E11) referenced 2 times from spi.o(.data)
 <LI><a href="#[15]">UOC_Spi_Error_E12</a> from spi.o(i.UOC_Spi_Error_E12) referenced 2 times from spi.o(.data)
 <LI><a href="#[8]">UOC_Spi_Error_Para</a> from spi.o(i.UOC_Spi_Error_Para) referenced 2 times from spi.o(.data)
 <LI><a href="#[6]">UOC_Spi_Read_Para</a> from spi.o(i.UOC_Spi_Read_Para) referenced 2 times from spi.o(.data)
 <LI><a href="#[53]">UOC_paremeter_ERR_FUNC</a> from button_function.o(i.UOC_paremeter_ERR_FUNC) referenced 2 times from button_function.o(.data)
 <LI><a href="#[16]">UOC_paremeter_F00_FUNC</a> from button_function.o(i.UOC_paremeter_F00_FUNC) referenced 2 times from button_function.o(.data)
 <LI><a href="#[17]">UOC_paremeter_F01_FUNC</a> from button_function.o(i.UOC_paremeter_F01_FUNC) referenced 2 times from button_function.o(.data)
 <LI><a href="#[18]">UOC_paremeter_F02_FUNC</a> from button_function.o(i.UOC_paremeter_F02_FUNC) referenced 2 times from button_function.o(.data)
 <LI><a href="#[19]">UOC_paremeter_F03_FUNC</a> from button_function.o(i.UOC_paremeter_F03_FUNC) referenced 2 times from button_function.o(.data)
 <LI><a href="#[1a]">UOC_paremeter_F04_FUNC</a> from button_function.o(i.UOC_paremeter_F04_FUNC) referenced 2 times from button_function.o(.data)
 <LI><a href="#[1b]">UOC_paremeter_F05_FUNC</a> from button_function.o(i.UOC_paremeter_F05_FUNC) referenced 2 times from button_function.o(.data)
 <LI><a href="#[1c]">UOC_paremeter_F06_FUNC</a> from button_function.o(i.UOC_paremeter_F06_FUNC) referenced 2 times from button_function.o(.data)
 <LI><a href="#[1d]">UOC_paremeter_F07_FUNC</a> from button_function.o(i.UOC_paremeter_F07_FUNC) referenced 2 times from button_function.o(.data)
 <LI><a href="#[1e]">UOC_paremeter_F08_FUNC</a> from button_function.o(i.UOC_paremeter_F08_FUNC) referenced 2 times from button_function.o(.data)
 <LI><a href="#[1f]">UOC_paremeter_F09_FUNC</a> from button_function.o(i.UOC_paremeter_F09_FUNC) referenced 2 times from button_function.o(.data)
 <LI><a href="#[20]">UOC_paremeter_F10_FUNC</a> from button_function.o(i.UOC_paremeter_F10_FUNC) referenced 2 times from button_function.o(.data)
 <LI><a href="#[21]">UOC_paremeter_F11_FUNC</a> from button_function.o(i.UOC_paremeter_F11_FUNC) referenced 2 times from button_function.o(.data)
 <LI><a href="#[22]">UOC_paremeter_F12_FUNC</a> from button_function.o(i.UOC_paremeter_F12_FUNC) referenced 2 times from button_function.o(.data)
 <LI><a href="#[23]">UOC_paremeter_F13_FUNC</a> from button_function.o(i.UOC_paremeter_F13_FUNC) referenced 2 times from button_function.o(.data)
 <LI><a href="#[24]">UOC_paremeter_F14_FUNC</a> from button_function.o(i.UOC_paremeter_F14_FUNC) referenced 2 times from button_function.o(.data)
 <LI><a href="#[25]">UOC_paremeter_F15_FUNC</a> from button_function.o(i.UOC_paremeter_F15_FUNC) referenced 2 times from button_function.o(.data)
 <LI><a href="#[26]">UOC_paremeter_F16_FUNC</a> from button_function.o(i.UOC_paremeter_F16_FUNC) referenced 2 times from button_function.o(.data)
 <LI><a href="#[27]">UOC_paremeter_F17_FUNC</a> from button_function.o(i.UOC_paremeter_F17_FUNC) referenced 2 times from button_function.o(.data)
 <LI><a href="#[28]">UOC_paremeter_F18_FUNC</a> from button_function.o(i.UOC_paremeter_F18_FUNC) referenced 2 times from button_function.o(.data)
 <LI><a href="#[29]">UOC_paremeter_F19_FUNC</a> from button_function.o(i.UOC_paremeter_F19_FUNC) referenced 2 times from button_function.o(.data)
 <LI><a href="#[2a]">UOC_paremeter_F20_FUNC</a> from button_function.o(i.UOC_paremeter_F20_FUNC) referenced 2 times from button_function.o(.data)
 <LI><a href="#[2b]">UOC_paremeter_F21_FUNC</a> from button_function.o(i.UOC_paremeter_F21_FUNC) referenced 2 times from button_function.o(.data)
 <LI><a href="#[2c]">UOC_paremeter_F22_FUNC</a> from button_function.o(i.UOC_paremeter_F22_FUNC) referenced 2 times from button_function.o(.data)
 <LI><a href="#[2d]">UOC_paremeter_F23_FUNC</a> from button_function.o(i.UOC_paremeter_F23_FUNC) referenced 2 times from button_function.o(.data)
 <LI><a href="#[2e]">UOC_paremeter_F24_FUNC</a> from button_function.o(i.UOC_paremeter_F24_FUNC) referenced 2 times from button_function.o(.data)
 <LI><a href="#[2f]">UOC_paremeter_F25_FUNC</a> from button_function.o(i.UOC_paremeter_F25_FUNC) referenced 2 times from button_function.o(.data)
 <LI><a href="#[30]">UOC_paremeter_F26_FUNC</a> from button_function.o(i.UOC_paremeter_F26_FUNC) referenced 2 times from button_function.o(.data)
 <LI><a href="#[31]">UOC_paremeter_F27_FUNC</a> from button_function.o(i.UOC_paremeter_F27_FUNC) referenced 2 times from button_function.o(.data)
 <LI><a href="#[32]">UOC_paremeter_F28_FUNC</a> from button_function.o(i.UOC_paremeter_F28_FUNC) referenced 2 times from button_function.o(.data)
 <LI><a href="#[33]">UOC_paremeter_F29_FUNC</a> from button_function.o(i.UOC_paremeter_F29_FUNC) referenced 2 times from button_function.o(.data)
 <LI><a href="#[34]">UOC_paremeter_F30_FUNC</a> from button_function.o(i.UOC_paremeter_F30_FUNC) referenced 2 times from button_function.o(.data)
 <LI><a href="#[35]">UOC_paremeter_F31_FUNC</a> from button_function.o(i.UOC_paremeter_F31_FUNC) referenced 2 times from button_function.o(.data)
 <LI><a href="#[36]">UOC_paremeter_F32_FUNC</a> from button_function.o(i.UOC_paremeter_F32_FUNC) referenced 2 times from button_function.o(.data)
 <LI><a href="#[37]">UOC_paremeter_F33_FUNC</a> from button_function.o(i.UOC_paremeter_F33_FUNC) referenced 2 times from button_function.o(.data)
 <LI><a href="#[38]">UOC_paremeter_F34_FUNC</a> from button_function.o(i.UOC_paremeter_F34_FUNC) referenced 2 times from button_function.o(.data)
 <LI><a href="#[39]">UOC_paremeter_F35_FUNC</a> from button_function.o(i.UOC_paremeter_F35_FUNC) referenced 2 times from button_function.o(.data)
 <LI><a href="#[3a]">UOC_paremeter_F36_FUNC</a> from button_function.o(i.UOC_paremeter_F36_FUNC) referenced 2 times from button_function.o(.data)
 <LI><a href="#[3b]">UOC_paremeter_F37_FUNC</a> from button_function.o(i.UOC_paremeter_F37_FUNC) referenced 2 times from button_function.o(.data)
 <LI><a href="#[3c]">UOC_paremeter_F38_FUNC</a> from button_function.o(i.UOC_paremeter_F38_FUNC) referenced 2 times from button_function.o(.data)
 <LI><a href="#[3d]">UOC_paremeter_F39_FUNC</a> from button_function.o(i.UOC_paremeter_F39_FUNC) referenced 2 times from button_function.o(.data)
 <LI><a href="#[3e]">UOC_paremeter_F40_FUNC</a> from button_function.o(i.UOC_paremeter_F40_FUNC) referenced 2 times from button_function.o(.data)
 <LI><a href="#[3f]">UOC_paremeter_F41_FUNC</a> from button_function.o(i.UOC_paremeter_F41_FUNC) referenced 2 times from button_function.o(.data)
 <LI><a href="#[40]">UOC_paremeter_F42_FUNC</a> from button_function.o(i.UOC_paremeter_F42_FUNC) referenced 2 times from button_function.o(.data)
 <LI><a href="#[41]">UOC_paremeter_F43_FUNC</a> from button_function.o(i.UOC_paremeter_F43_FUNC) referenced 2 times from button_function.o(.data)
 <LI><a href="#[42]">UOC_paremeter_F44_FUNC</a> from button_function.o(i.UOC_paremeter_F44_FUNC) referenced 2 times from button_function.o(.data)
 <LI><a href="#[43]">UOC_paremeter_F45_FUNC</a> from button_function.o(i.UOC_paremeter_F45_FUNC) referenced 2 times from button_function.o(.data)
 <LI><a href="#[44]">UOC_paremeter_F46_FUNC</a> from button_function.o(i.UOC_paremeter_F46_FUNC) referenced 2 times from button_function.o(.data)
 <LI><a href="#[45]">UOC_paremeter_F47_FUNC</a> from button_function.o(i.UOC_paremeter_F47_FUNC) referenced 2 times from button_function.o(.data)
 <LI><a href="#[46]">UOC_paremeter_F48_FUNC</a> from button_function.o(i.UOC_paremeter_F48_FUNC) referenced 2 times from button_function.o(.data)
 <LI><a href="#[47]">UOC_paremeter_F49_FUNC</a> from button_function.o(i.UOC_paremeter_F49_FUNC) referenced 2 times from button_function.o(.data)
 <LI><a href="#[48]">UOC_paremeter_F50_FUNC</a> from button_function.o(i.UOC_paremeter_F50_FUNC) referenced 2 times from button_function.o(.data)
 <LI><a href="#[49]">UOC_paremeter_F51_FUNC</a> from button_function.o(i.UOC_paremeter_F51_FUNC) referenced 2 times from button_function.o(.data)
 <LI><a href="#[4a]">UOC_paremeter_F52_FUNC</a> from button_function.o(i.UOC_paremeter_F52_FUNC) referenced 2 times from button_function.o(.data)
 <LI><a href="#[4b]">UOC_paremeter_F53_FUNC</a> from button_function.o(i.UOC_paremeter_F53_FUNC) referenced 2 times from button_function.o(.data)
 <LI><a href="#[4c]">UOC_paremeter_F54_FUNC</a> from button_function.o(i.UOC_paremeter_F54_FUNC) referenced 2 times from button_function.o(.data)
 <LI><a href="#[4d]">UOC_paremeter_F55_FUNC</a> from button_function.o(i.UOC_paremeter_F55_FUNC) referenced 2 times from button_function.o(.data)
 <LI><a href="#[4e]">UOC_paremeter_F56_FUNC</a> from button_function.o(i.UOC_paremeter_F56_FUNC) referenced 2 times from button_function.o(.data)
 <LI><a href="#[4f]">UOC_paremeter_F57_FUNC</a> from button_function.o(i.UOC_paremeter_F57_FUNC) referenced 2 times from button_function.o(.data)
 <LI><a href="#[50]">UOC_paremeter_F58_FUNC</a> from button_function.o(i.UOC_paremeter_F58_FUNC) referenced 2 times from button_function.o(.data)
 <LI><a href="#[51]">UOC_paremeter_F59_FUNC</a> from button_function.o(i.UOC_paremeter_F59_FUNC) referenced 2 times from button_function.o(.data)
 <LI><a href="#[52]">UOC_paremeter_FREE_FUNC</a> from button_function.o(i.UOC_paremeter_FREE_FUNC) referenced 2 times from button_function.o(.data)
 <LI><a href="#[9a]">VREF_IRQHandler</a> from startup_fm33le0xx.o(.text) referenced from startup_fm33le0xx.o(RESET)
 <LI><a href="#[93]">WKUP_IRQHandler</a> from startup_fm33le0xx.o(.text) referenced from startup_fm33le0xx.o(RESET)
 <LI><a href="#[7d]">WWDT_IRQHandler</a> from startup_fm33le0xx.o(.text) referenced from startup_fm33le0xx.o(RESET)
 <LI><a href="#[a4]">__main</a> from __main.o(!!!main) referenced from startup_fm33le0xx.o(.text)
 <LI><a href="#[a1]">_get_lc_ctype</a> from lc_ctype_c.o(locale$$code) referenced from rt_ctype_table.o(.text)
 <LI><a href="#[a0]">_printf_input_char</a> from _printf_char_common.o(.text) referenced from _printf_char_common.o(.text)
 <LI><a href="#[9f]">_snputc</a> from _snputc.o(.text) referenced from _vsnprintf.o(.text)
 <LI><a href="#[63]">production_test_model</a> from production_test.o(i.production_test_model) referenced 2 times from production_test.o(.data)
 <LI><a href="#[64]">production_test_model1</a> from production_test.o(i.production_test_model1) referenced 2 times from production_test.o(.data)
 <LI><a href="#[65]">production_test_model2</a> from production_test.o(i.production_test_model2) referenced 2 times from production_test.o(.data)
 <LI><a href="#[66]">production_test_model3</a> from production_test.o(i.production_test_model3) referenced 2 times from production_test.o(.data)
 <LI><a href="#[67]">production_test_model4</a> from production_test.o(i.production_test_model4) referenced 2 times from production_test.o(.data)
</UL>
<P>
<H3>
Global Symbols
</H3>
<P><STRONG><a name="[a4]"></a>__main</STRONG> (Thumb, 8 bytes, Stack size 0 bytes, __main.o(!!!main))
<BR><BR>[Calls]<UL><LI><a href="#[a6]">&gt;&gt;</a>&nbsp;&nbsp;&nbsp;__rt_entry
<LI><a href="#[a5]">&gt;&gt;</a>&nbsp;&nbsp;&nbsp;__scatterload
</UL>

<P><STRONG><a name="[a5]"></a>__scatterload</STRONG> (Thumb, 0 bytes, Stack size unknown bytes, __scatter.o(!!!scatter))
<BR><BR>[Called By]<UL><LI><a href="#[a4]">&gt;&gt;</a>&nbsp;&nbsp;&nbsp;__main
</UL>

<P><STRONG><a name="[a7]"></a>__scatterload_rt2</STRONG> (Thumb, 52 bytes, Stack size unknown bytes, __scatter.o(!!!scatter), UNUSED)
<BR><BR>[Calls]<UL><LI><a href="#[a6]">&gt;&gt;</a>&nbsp;&nbsp;&nbsp;__rt_entry
</UL>

<P><STRONG><a name="[19f]"></a>__scatterload_rt2_thumb_only</STRONG> (Thumb, 0 bytes, Stack size unknown bytes, __scatter.o(!!!scatter), UNUSED)

<P><STRONG><a name="[1a0]"></a>__scatterload_null</STRONG> (Thumb, 0 bytes, Stack size unknown bytes, __scatter.o(!!!scatter), UNUSED)

<P><STRONG><a name="[1a1]"></a>__scatterload_zeroinit</STRONG> (Thumb, 28 bytes, Stack size unknown bytes, __scatter_zi.o(!!handler_zi), UNUSED)

<P><STRONG><a name="[ff]"></a>_printf_percent</STRONG> (Thumb, 0 bytes, Stack size unknown bytes, _printf_percent.o(.ARM.Collect$$_printf_percent$$00000000))
<BR><BR>[Called By]<UL><LI><a href="#[f8]">&gt;&gt;</a>&nbsp;&nbsp;&nbsp;__printf
</UL>

<P><STRONG><a name="[a8]"></a>_printf_n</STRONG> (Thumb, 0 bytes, Stack size unknown bytes, _printf_n.o(.ARM.Collect$$_printf_percent$$00000001))
<BR><BR>[Stack]<UL><LI>Max Depth = 96 + Unknown Stack Size
<LI>Call Chain = _printf_n &rArr; _printf_p &rArr; _printf_f &rArr; _printf_e &rArr; _printf_g &rArr; _printf_a &rArr; _printf_ll &rArr; _printf_i &rArr; _printf_d &rArr; _printf_u &rArr; _printf_o &rArr; _printf_x &rArr; _printf_int_hex &rArr; _printf_longlong_hex &rArr; _printf_int_common &rArr; _printf_post_padding
</UL>
<BR>[Calls]<UL><LI><a href="#[a9]">&gt;&gt;</a>&nbsp;&nbsp;&nbsp;_printf_p
<LI><a href="#[aa]">&gt;&gt;</a>&nbsp;&nbsp;&nbsp;_printf_charcount
</UL>

<P><STRONG><a name="[a9]"></a>_printf_p</STRONG> (Thumb, 0 bytes, Stack size unknown bytes, _printf_p.o(.ARM.Collect$$_printf_percent$$00000002))
<BR><BR>[Stack]<UL><LI>Max Depth = 96 + Unknown Stack Size
<LI>Call Chain = _printf_p &rArr; _printf_f &rArr; _printf_e &rArr; _printf_g &rArr; _printf_a &rArr; _printf_ll &rArr; _printf_i &rArr; _printf_d &rArr; _printf_u &rArr; _printf_o &rArr; _printf_x &rArr; _printf_int_hex &rArr; _printf_longlong_hex &rArr; _printf_int_common &rArr; _printf_post_padding
</UL>
<BR>[Calls]<UL><LI><a href="#[ab]">&gt;&gt;</a>&nbsp;&nbsp;&nbsp;_printf_f
<LI><a href="#[ac]">&gt;&gt;</a>&nbsp;&nbsp;&nbsp;_printf_hex_ptr
</UL>
<BR>[Called By]<UL><LI><a href="#[a8]">&gt;&gt;</a>&nbsp;&nbsp;&nbsp;_printf_n
</UL>

<P><STRONG><a name="[ab]"></a>_printf_f</STRONG> (Thumb, 0 bytes, Stack size unknown bytes, _printf_f.o(.ARM.Collect$$_printf_percent$$00000003))
<BR><BR>[Stack]<UL><LI>Max Depth = 96 + Unknown Stack Size
<LI>Call Chain = _printf_f &rArr; _printf_e &rArr; _printf_g &rArr; _printf_a &rArr; _printf_ll &rArr; _printf_i &rArr; _printf_d &rArr; _printf_u &rArr; _printf_o &rArr; _printf_x &rArr; _printf_int_hex &rArr; _printf_longlong_hex &rArr; _printf_int_common &rArr; _printf_post_padding
</UL>
<BR>[Calls]<UL><LI><a href="#[ad]">&gt;&gt;</a>&nbsp;&nbsp;&nbsp;_printf_e
<LI><a href="#[ae]">&gt;&gt;</a>&nbsp;&nbsp;&nbsp;_printf_fp_dec (Weak Reference)
</UL>
<BR>[Called By]<UL><LI><a href="#[a9]">&gt;&gt;</a>&nbsp;&nbsp;&nbsp;_printf_p
</UL>

<P><STRONG><a name="[ad]"></a>_printf_e</STRONG> (Thumb, 0 bytes, Stack size unknown bytes, _printf_e.o(.ARM.Collect$$_printf_percent$$00000004))
<BR><BR>[Stack]<UL><LI>Max Depth = 96 + Unknown Stack Size
<LI>Call Chain = _printf_e &rArr; _printf_g &rArr; _printf_a &rArr; _printf_ll &rArr; _printf_i &rArr; _printf_d &rArr; _printf_u &rArr; _printf_o &rArr; _printf_x &rArr; _printf_int_hex &rArr; _printf_longlong_hex &rArr; _printf_int_common &rArr; _printf_post_padding
</UL>
<BR>[Calls]<UL><LI><a href="#[af]">&gt;&gt;</a>&nbsp;&nbsp;&nbsp;_printf_g
<LI><a href="#[ae]">&gt;&gt;</a>&nbsp;&nbsp;&nbsp;_printf_fp_dec (Weak Reference)
</UL>
<BR>[Called By]<UL><LI><a href="#[ab]">&gt;&gt;</a>&nbsp;&nbsp;&nbsp;_printf_f
</UL>

<P><STRONG><a name="[af]"></a>_printf_g</STRONG> (Thumb, 0 bytes, Stack size unknown bytes, _printf_g.o(.ARM.Collect$$_printf_percent$$00000005))
<BR><BR>[Stack]<UL><LI>Max Depth = 96 + Unknown Stack Size
<LI>Call Chain = _printf_g &rArr; _printf_a &rArr; _printf_ll &rArr; _printf_i &rArr; _printf_d &rArr; _printf_u &rArr; _printf_o &rArr; _printf_x &rArr; _printf_int_hex &rArr; _printf_longlong_hex &rArr; _printf_int_common &rArr; _printf_post_padding
</UL>
<BR>[Calls]<UL><LI><a href="#[b0]">&gt;&gt;</a>&nbsp;&nbsp;&nbsp;_printf_a
<LI><a href="#[ae]">&gt;&gt;</a>&nbsp;&nbsp;&nbsp;_printf_fp_dec (Weak Reference)
</UL>
<BR>[Called By]<UL><LI><a href="#[ad]">&gt;&gt;</a>&nbsp;&nbsp;&nbsp;_printf_e
</UL>

<P><STRONG><a name="[b0]"></a>_printf_a</STRONG> (Thumb, 0 bytes, Stack size unknown bytes, _printf_a.o(.ARM.Collect$$_printf_percent$$00000006))
<BR><BR>[Stack]<UL><LI>Max Depth = 96 + Unknown Stack Size
<LI>Call Chain = _printf_a &rArr; _printf_ll &rArr; _printf_i &rArr; _printf_d &rArr; _printf_u &rArr; _printf_o &rArr; _printf_x &rArr; _printf_int_hex &rArr; _printf_longlong_hex &rArr; _printf_int_common &rArr; _printf_post_padding
</UL>
<BR>[Calls]<UL><LI><a href="#[b1]">&gt;&gt;</a>&nbsp;&nbsp;&nbsp;_printf_ll
<LI><a href="#[b2]">&gt;&gt;</a>&nbsp;&nbsp;&nbsp;_printf_fp_hex (Weak Reference)
</UL>
<BR>[Called By]<UL><LI><a href="#[af]">&gt;&gt;</a>&nbsp;&nbsp;&nbsp;_printf_g
</UL>

<P><STRONG><a name="[b1]"></a>_printf_ll</STRONG> (Thumb, 0 bytes, Stack size unknown bytes, _printf_ll.o(.ARM.Collect$$_printf_percent$$00000007))
<BR><BR>[Stack]<UL><LI>Max Depth = 96 + Unknown Stack Size
<LI>Call Chain = _printf_ll &rArr; _printf_i &rArr; _printf_d &rArr; _printf_u &rArr; _printf_o &rArr; _printf_x &rArr; _printf_int_hex &rArr; _printf_longlong_hex &rArr; _printf_int_common &rArr; _printf_post_padding
</UL>
<BR>[Calls]<UL><LI><a href="#[b3]">&gt;&gt;</a>&nbsp;&nbsp;&nbsp;_printf_i
</UL>
<BR>[Called By]<UL><LI><a href="#[b0]">&gt;&gt;</a>&nbsp;&nbsp;&nbsp;_printf_a
</UL>

<P><STRONG><a name="[b3]"></a>_printf_i</STRONG> (Thumb, 0 bytes, Stack size unknown bytes, _printf_i.o(.ARM.Collect$$_printf_percent$$00000008))
<BR><BR>[Stack]<UL><LI>Max Depth = 96 + Unknown Stack Size
<LI>Call Chain = _printf_i &rArr; _printf_d &rArr; _printf_u &rArr; _printf_o &rArr; _printf_x &rArr; _printf_int_hex &rArr; _printf_longlong_hex &rArr; _printf_int_common &rArr; _printf_post_padding
</UL>
<BR>[Calls]<UL><LI><a href="#[b4]">&gt;&gt;</a>&nbsp;&nbsp;&nbsp;_printf_d
<LI><a href="#[b5]">&gt;&gt;</a>&nbsp;&nbsp;&nbsp;_printf_int_dec
</UL>
<BR>[Called By]<UL><LI><a href="#[b1]">&gt;&gt;</a>&nbsp;&nbsp;&nbsp;_printf_ll
</UL>

<P><STRONG><a name="[b4]"></a>_printf_d</STRONG> (Thumb, 0 bytes, Stack size unknown bytes, _printf_d.o(.ARM.Collect$$_printf_percent$$00000009))
<BR><BR>[Stack]<UL><LI>Max Depth = 96 + Unknown Stack Size
<LI>Call Chain = _printf_d &rArr; _printf_u &rArr; _printf_o &rArr; _printf_x &rArr; _printf_int_hex &rArr; _printf_longlong_hex &rArr; _printf_int_common &rArr; _printf_post_padding
</UL>
<BR>[Calls]<UL><LI><a href="#[b6]">&gt;&gt;</a>&nbsp;&nbsp;&nbsp;_printf_u
<LI><a href="#[b5]">&gt;&gt;</a>&nbsp;&nbsp;&nbsp;_printf_int_dec
</UL>
<BR>[Called By]<UL><LI><a href="#[b3]">&gt;&gt;</a>&nbsp;&nbsp;&nbsp;_printf_i
</UL>

<P><STRONG><a name="[b6]"></a>_printf_u</STRONG> (Thumb, 0 bytes, Stack size unknown bytes, _printf_u.o(.ARM.Collect$$_printf_percent$$0000000A))
<BR><BR>[Stack]<UL><LI>Max Depth = 96 + Unknown Stack Size
<LI>Call Chain = _printf_u &rArr; _printf_o &rArr; _printf_x &rArr; _printf_int_hex &rArr; _printf_longlong_hex &rArr; _printf_int_common &rArr; _printf_post_padding
</UL>
<BR>[Calls]<UL><LI><a href="#[b7]">&gt;&gt;</a>&nbsp;&nbsp;&nbsp;_printf_o
<LI><a href="#[b5]">&gt;&gt;</a>&nbsp;&nbsp;&nbsp;_printf_int_dec
</UL>
<BR>[Called By]<UL><LI><a href="#[b4]">&gt;&gt;</a>&nbsp;&nbsp;&nbsp;_printf_d
</UL>

<P><STRONG><a name="[b7]"></a>_printf_o</STRONG> (Thumb, 0 bytes, Stack size unknown bytes, _printf_o.o(.ARM.Collect$$_printf_percent$$0000000B))
<BR><BR>[Stack]<UL><LI>Max Depth = 96 + Unknown Stack Size
<LI>Call Chain = _printf_o &rArr; _printf_x &rArr; _printf_int_hex &rArr; _printf_longlong_hex &rArr; _printf_int_common &rArr; _printf_post_padding
</UL>
<BR>[Calls]<UL><LI><a href="#[b8]">&gt;&gt;</a>&nbsp;&nbsp;&nbsp;_printf_x
<LI><a href="#[b9]">&gt;&gt;</a>&nbsp;&nbsp;&nbsp;_printf_int_oct
</UL>
<BR>[Called By]<UL><LI><a href="#[b6]">&gt;&gt;</a>&nbsp;&nbsp;&nbsp;_printf_u
</UL>

<P><STRONG><a name="[b8]"></a>_printf_x</STRONG> (Thumb, 0 bytes, Stack size unknown bytes, _printf_x.o(.ARM.Collect$$_printf_percent$$0000000C))
<BR><BR>[Stack]<UL><LI>Max Depth = 96 + Unknown Stack Size
<LI>Call Chain = _printf_x &rArr; _printf_int_hex &rArr; _printf_longlong_hex &rArr; _printf_int_common &rArr; _printf_post_padding
</UL>
<BR>[Calls]<UL><LI><a href="#[ba]">&gt;&gt;</a>&nbsp;&nbsp;&nbsp;_printf_lli
<LI><a href="#[bb]">&gt;&gt;</a>&nbsp;&nbsp;&nbsp;_printf_int_hex
</UL>
<BR>[Called By]<UL><LI><a href="#[b7]">&gt;&gt;</a>&nbsp;&nbsp;&nbsp;_printf_o
</UL>

<P><STRONG><a name="[ba]"></a>_printf_lli</STRONG> (Thumb, 0 bytes, Stack size unknown bytes, _printf_lli.o(.ARM.Collect$$_printf_percent$$0000000D))
<BR><BR>[Stack]<UL><LI>Max Depth = 88 + Unknown Stack Size
<LI>Call Chain = _printf_lli &rArr; _printf_lld &rArr; _printf_llu &rArr; _printf_llo &rArr; _printf_llx &rArr; _printf_l &rArr; _printf_c &rArr; _printf_s &rArr; _printf_lc &rArr; _printf_wchar &rArr; _printf_lcs_common &rArr; _printf_wctomb &rArr; _wcrtomb &rArr; __rt_ctype_table
</UL>
<BR>[Calls]<UL><LI><a href="#[bc]">&gt;&gt;</a>&nbsp;&nbsp;&nbsp;_printf_lld
<LI><a href="#[bd]">&gt;&gt;</a>&nbsp;&nbsp;&nbsp;_printf_longlong_dec
</UL>
<BR>[Called By]<UL><LI><a href="#[b8]">&gt;&gt;</a>&nbsp;&nbsp;&nbsp;_printf_x
</UL>

<P><STRONG><a name="[bc]"></a>_printf_lld</STRONG> (Thumb, 0 bytes, Stack size unknown bytes, _printf_lld.o(.ARM.Collect$$_printf_percent$$0000000E))
<BR><BR>[Stack]<UL><LI>Max Depth = 88 + Unknown Stack Size
<LI>Call Chain = _printf_lld &rArr; _printf_llu &rArr; _printf_llo &rArr; _printf_llx &rArr; _printf_l &rArr; _printf_c &rArr; _printf_s &rArr; _printf_lc &rArr; _printf_wchar &rArr; _printf_lcs_common &rArr; _printf_wctomb &rArr; _wcrtomb &rArr; __rt_ctype_table
</UL>
<BR>[Calls]<UL><LI><a href="#[be]">&gt;&gt;</a>&nbsp;&nbsp;&nbsp;_printf_llu
<LI><a href="#[bd]">&gt;&gt;</a>&nbsp;&nbsp;&nbsp;_printf_longlong_dec
</UL>
<BR>[Called By]<UL><LI><a href="#[ba]">&gt;&gt;</a>&nbsp;&nbsp;&nbsp;_printf_lli
</UL>

<P><STRONG><a name="[be]"></a>_printf_llu</STRONG> (Thumb, 0 bytes, Stack size unknown bytes, _printf_llu.o(.ARM.Collect$$_printf_percent$$0000000F))
<BR><BR>[Stack]<UL><LI>Max Depth = 88 + Unknown Stack Size
<LI>Call Chain = _printf_llu &rArr; _printf_llo &rArr; _printf_llx &rArr; _printf_l &rArr; _printf_c &rArr; _printf_s &rArr; _printf_lc &rArr; _printf_wchar &rArr; _printf_lcs_common &rArr; _printf_wctomb &rArr; _wcrtomb &rArr; __rt_ctype_table
</UL>
<BR>[Calls]<UL><LI><a href="#[bf]">&gt;&gt;</a>&nbsp;&nbsp;&nbsp;_printf_llo
<LI><a href="#[bd]">&gt;&gt;</a>&nbsp;&nbsp;&nbsp;_printf_longlong_dec
</UL>
<BR>[Called By]<UL><LI><a href="#[bc]">&gt;&gt;</a>&nbsp;&nbsp;&nbsp;_printf_lld
</UL>

<P><STRONG><a name="[bf]"></a>_printf_llo</STRONG> (Thumb, 0 bytes, Stack size unknown bytes, _printf_llo.o(.ARM.Collect$$_printf_percent$$00000010))
<BR><BR>[Stack]<UL><LI>Max Depth = 88 + Unknown Stack Size
<LI>Call Chain = _printf_llo &rArr; _printf_llx &rArr; _printf_l &rArr; _printf_c &rArr; _printf_s &rArr; _printf_lc &rArr; _printf_wchar &rArr; _printf_lcs_common &rArr; _printf_wctomb &rArr; _wcrtomb &rArr; __rt_ctype_table
</UL>
<BR>[Calls]<UL><LI><a href="#[c0]">&gt;&gt;</a>&nbsp;&nbsp;&nbsp;_printf_llx
<LI><a href="#[c1]">&gt;&gt;</a>&nbsp;&nbsp;&nbsp;_printf_ll_oct
</UL>
<BR>[Called By]<UL><LI><a href="#[be]">&gt;&gt;</a>&nbsp;&nbsp;&nbsp;_printf_llu
</UL>

<P><STRONG><a name="[c0]"></a>_printf_llx</STRONG> (Thumb, 0 bytes, Stack size unknown bytes, _printf_llx.o(.ARM.Collect$$_printf_percent$$00000011))
<BR><BR>[Stack]<UL><LI>Max Depth = 88 + Unknown Stack Size
<LI>Call Chain = _printf_llx &rArr; _printf_l &rArr; _printf_c &rArr; _printf_s &rArr; _printf_lc &rArr; _printf_wchar &rArr; _printf_lcs_common &rArr; _printf_wctomb &rArr; _wcrtomb &rArr; __rt_ctype_table
</UL>
<BR>[Calls]<UL><LI><a href="#[c2]">&gt;&gt;</a>&nbsp;&nbsp;&nbsp;_printf_l
<LI><a href="#[c3]">&gt;&gt;</a>&nbsp;&nbsp;&nbsp;_printf_ll_hex
</UL>
<BR>[Called By]<UL><LI><a href="#[bf]">&gt;&gt;</a>&nbsp;&nbsp;&nbsp;_printf_llo
</UL>

<P><STRONG><a name="[c2]"></a>_printf_l</STRONG> (Thumb, 0 bytes, Stack size unknown bytes, _printf_l.o(.ARM.Collect$$_printf_percent$$00000012))
<BR><BR>[Stack]<UL><LI>Max Depth = 88 + Unknown Stack Size
<LI>Call Chain = _printf_l &rArr; _printf_c &rArr; _printf_s &rArr; _printf_lc &rArr; _printf_wchar &rArr; _printf_lcs_common &rArr; _printf_wctomb &rArr; _wcrtomb &rArr; __rt_ctype_table
</UL>
<BR>[Calls]<UL><LI><a href="#[c4]">&gt;&gt;</a>&nbsp;&nbsp;&nbsp;_printf_c
</UL>
<BR>[Called By]<UL><LI><a href="#[c0]">&gt;&gt;</a>&nbsp;&nbsp;&nbsp;_printf_llx
</UL>

<P><STRONG><a name="[c4]"></a>_printf_c</STRONG> (Thumb, 0 bytes, Stack size unknown bytes, _printf_c.o(.ARM.Collect$$_printf_percent$$00000013))
<BR><BR>[Stack]<UL><LI>Max Depth = 88 + Unknown Stack Size
<LI>Call Chain = _printf_c &rArr; _printf_s &rArr; _printf_lc &rArr; _printf_wchar &rArr; _printf_lcs_common &rArr; _printf_wctomb &rArr; _wcrtomb &rArr; __rt_ctype_table
</UL>
<BR>[Calls]<UL><LI><a href="#[c6]">&gt;&gt;</a>&nbsp;&nbsp;&nbsp;_printf_char
<LI><a href="#[c5]">&gt;&gt;</a>&nbsp;&nbsp;&nbsp;_printf_s
</UL>
<BR>[Called By]<UL><LI><a href="#[c2]">&gt;&gt;</a>&nbsp;&nbsp;&nbsp;_printf_l
</UL>

<P><STRONG><a name="[c5]"></a>_printf_s</STRONG> (Thumb, 0 bytes, Stack size unknown bytes, _printf_s.o(.ARM.Collect$$_printf_percent$$00000014))
<BR><BR>[Stack]<UL><LI>Max Depth = 88 + Unknown Stack Size
<LI>Call Chain = _printf_s &rArr; _printf_lc &rArr; _printf_wchar &rArr; _printf_lcs_common &rArr; _printf_wctomb &rArr; _wcrtomb &rArr; __rt_ctype_table
</UL>
<BR>[Calls]<UL><LI><a href="#[c8]">&gt;&gt;</a>&nbsp;&nbsp;&nbsp;_printf_string
<LI><a href="#[c7]">&gt;&gt;</a>&nbsp;&nbsp;&nbsp;_printf_lc
</UL>
<BR>[Called By]<UL><LI><a href="#[c4]">&gt;&gt;</a>&nbsp;&nbsp;&nbsp;_printf_c
</UL>

<P><STRONG><a name="[c7]"></a>_printf_lc</STRONG> (Thumb, 0 bytes, Stack size unknown bytes, _printf_lc.o(.ARM.Collect$$_printf_percent$$00000015))
<BR><BR>[Stack]<UL><LI>Max Depth = 88 + Unknown Stack Size
<LI>Call Chain = _printf_lc &rArr; _printf_wchar &rArr; _printf_lcs_common &rArr; _printf_wctomb &rArr; _wcrtomb &rArr; __rt_ctype_table
</UL>
<BR>[Calls]<UL><LI><a href="#[ca]">&gt;&gt;</a>&nbsp;&nbsp;&nbsp;_printf_wchar
<LI><a href="#[c9]">&gt;&gt;</a>&nbsp;&nbsp;&nbsp;_printf_ls
</UL>
<BR>[Called By]<UL><LI><a href="#[c5]">&gt;&gt;</a>&nbsp;&nbsp;&nbsp;_printf_s
</UL>

<P><STRONG><a name="[c9]"></a>_printf_ls</STRONG> (Thumb, 0 bytes, Stack size unknown bytes, _printf_ls.o(.ARM.Collect$$_printf_percent$$00000016))
<BR><BR>[Stack]<UL><LI>Max Depth = 88 + Unknown Stack Size
<LI>Call Chain = _printf_ls &rArr; _printf_wstring &rArr; _printf_lcs_common &rArr; _printf_wctomb &rArr; _wcrtomb &rArr; __rt_ctype_table
</UL>
<BR>[Calls]<UL><LI><a href="#[cb]">&gt;&gt;</a>&nbsp;&nbsp;&nbsp;_printf_percent_end
<LI><a href="#[cc]">&gt;&gt;</a>&nbsp;&nbsp;&nbsp;_printf_wstring
</UL>
<BR>[Called By]<UL><LI><a href="#[c7]">&gt;&gt;</a>&nbsp;&nbsp;&nbsp;_printf_lc
</UL>

<P><STRONG><a name="[cb]"></a>_printf_percent_end</STRONG> (Thumb, 0 bytes, Stack size unknown bytes, _printf_percent_end.o(.ARM.Collect$$_printf_percent$$00000017))
<BR><BR>[Called By]<UL><LI><a href="#[c9]">&gt;&gt;</a>&nbsp;&nbsp;&nbsp;_printf_ls
</UL>

<P><STRONG><a name="[d3]"></a>__rt_lib_init</STRONG> (Thumb, 0 bytes, Stack size unknown bytes, libinit.o(.ARM.Collect$$libinit$$00000000))
<BR><BR>[Called By]<UL><LI><a href="#[d2]">&gt;&gt;</a>&nbsp;&nbsp;&nbsp;__rt_entry_li
</UL>

<P><STRONG><a name="[1a2]"></a>__rt_lib_init_fp_1</STRONG> (Thumb, 0 bytes, Stack size unknown bytes, libinit2.o(.ARM.Collect$$libinit$$00000002))

<P><STRONG><a name="[1a3]"></a>__rt_lib_init_heap_1</STRONG> (Thumb, 0 bytes, Stack size unknown bytes, libinit2.o(.ARM.Collect$$libinit$$0000000A))

<P><STRONG><a name="[cd]"></a>__rt_lib_init_lc_common</STRONG> (Thumb, 0 bytes, Stack size unknown bytes, libinit2.o(.ARM.Collect$$libinit$$0000000F))
<BR><BR>[Calls]<UL><LI><a href="#[ce]">&gt;&gt;</a>&nbsp;&nbsp;&nbsp;__rt_locale
</UL>

<P><STRONG><a name="[1a4]"></a>__rt_lib_init_preinit_1</STRONG> (Thumb, 0 bytes, Stack size unknown bytes, libinit2.o(.ARM.Collect$$libinit$$00000004))

<P><STRONG><a name="[1a5]"></a>__rt_lib_init_rand_1</STRONG> (Thumb, 0 bytes, Stack size unknown bytes, libinit2.o(.ARM.Collect$$libinit$$0000000E))

<P><STRONG><a name="[1a6]"></a>__rt_lib_init_user_alloc_1</STRONG> (Thumb, 0 bytes, Stack size unknown bytes, libinit2.o(.ARM.Collect$$libinit$$0000000C))

<P><STRONG><a name="[1a7]"></a>__rt_lib_init_lc_collate_1</STRONG> (Thumb, 0 bytes, Stack size unknown bytes, libinit2.o(.ARM.Collect$$libinit$$00000011))

<P><STRONG><a name="[cf]"></a>__rt_lib_init_lc_ctype_2</STRONG> (Thumb, 0 bytes, Stack size unknown bytes, libinit2.o(.ARM.Collect$$libinit$$00000012))
<BR><BR>[Stack]<UL><LI>Max Depth = 24 + Unknown Stack Size
<LI>Call Chain = __rt_lib_init_lc_ctype_2 &rArr; _get_lc_ctype &rArr; strcmp
</UL>
<BR>[Calls]<UL><LI><a href="#[a1]">&gt;&gt;</a>&nbsp;&nbsp;&nbsp;_get_lc_ctype
</UL>

<P><STRONG><a name="[1a8]"></a>__rt_lib_init_alloca_1</STRONG> (Thumb, 0 bytes, Stack size unknown bytes, libinit2.o(.ARM.Collect$$libinit$$0000002E))

<P><STRONG><a name="[1a9]"></a>__rt_lib_init_argv_1</STRONG> (Thumb, 0 bytes, Stack size unknown bytes, libinit2.o(.ARM.Collect$$libinit$$0000002C))

<P><STRONG><a name="[1aa]"></a>__rt_lib_init_atexit_1</STRONG> (Thumb, 0 bytes, Stack size unknown bytes, libinit2.o(.ARM.Collect$$libinit$$0000001B))

<P><STRONG><a name="[1ab]"></a>__rt_lib_init_clock_1</STRONG> (Thumb, 0 bytes, Stack size unknown bytes, libinit2.o(.ARM.Collect$$libinit$$00000021))

<P><STRONG><a name="[1ac]"></a>__rt_lib_init_cpp_1</STRONG> (Thumb, 0 bytes, Stack size unknown bytes, libinit2.o(.ARM.Collect$$libinit$$00000032))

<P><STRONG><a name="[1ad]"></a>__rt_lib_init_exceptions_1</STRONG> (Thumb, 0 bytes, Stack size unknown bytes, libinit2.o(.ARM.Collect$$libinit$$00000030))

<P><STRONG><a name="[1ae]"></a>__rt_lib_init_fp_trap_1</STRONG> (Thumb, 0 bytes, Stack size unknown bytes, libinit2.o(.ARM.Collect$$libinit$$0000001F))

<P><STRONG><a name="[1af]"></a>__rt_lib_init_getenv_1</STRONG> (Thumb, 0 bytes, Stack size unknown bytes, libinit2.o(.ARM.Collect$$libinit$$00000023))

<P><STRONG><a name="[1b0]"></a>__rt_lib_init_lc_ctype_1</STRONG> (Thumb, 0 bytes, Stack size unknown bytes, libinit2.o(.ARM.Collect$$libinit$$00000013))

<P><STRONG><a name="[1b1]"></a>__rt_lib_init_lc_monetary_1</STRONG> (Thumb, 0 bytes, Stack size unknown bytes, libinit2.o(.ARM.Collect$$libinit$$00000015))

<P><STRONG><a name="[1b2]"></a>__rt_lib_init_lc_numeric_1</STRONG> (Thumb, 0 bytes, Stack size unknown bytes, libinit2.o(.ARM.Collect$$libinit$$00000017))

<P><STRONG><a name="[1b3]"></a>__rt_lib_init_lc_time_1</STRONG> (Thumb, 0 bytes, Stack size unknown bytes, libinit2.o(.ARM.Collect$$libinit$$00000019))

<P><STRONG><a name="[1b4]"></a>__rt_lib_init_return</STRONG> (Thumb, 0 bytes, Stack size unknown bytes, libinit2.o(.ARM.Collect$$libinit$$00000033))

<P><STRONG><a name="[1b5]"></a>__rt_lib_init_signal_1</STRONG> (Thumb, 0 bytes, Stack size unknown bytes, libinit2.o(.ARM.Collect$$libinit$$0000001D))

<P><STRONG><a name="[1b6]"></a>__rt_lib_init_stdio_1</STRONG> (Thumb, 0 bytes, Stack size unknown bytes, libinit2.o(.ARM.Collect$$libinit$$00000025))

<P><STRONG><a name="[d8]"></a>__rt_lib_shutdown</STRONG> (Thumb, 0 bytes, Stack size unknown bytes, libshutdown.o(.ARM.Collect$$libshutdown$$00000000))
<BR><BR>[Called By]<UL><LI><a href="#[d7]">&gt;&gt;</a>&nbsp;&nbsp;&nbsp;__rt_exit_ls
</UL>

<P><STRONG><a name="[1b7]"></a>__rt_lib_shutdown_fp_trap_1</STRONG> (Thumb, 0 bytes, Stack size unknown bytes, libshutdown2.o(.ARM.Collect$$libshutdown$$00000006))

<P><STRONG><a name="[1b8]"></a>__rt_lib_shutdown_heap_1</STRONG> (Thumb, 0 bytes, Stack size unknown bytes, libshutdown2.o(.ARM.Collect$$libshutdown$$0000000E))

<P><STRONG><a name="[1b9]"></a>__rt_lib_shutdown_return</STRONG> (Thumb, 0 bytes, Stack size unknown bytes, libshutdown2.o(.ARM.Collect$$libshutdown$$0000000F))

<P><STRONG><a name="[1ba]"></a>__rt_lib_shutdown_signal_1</STRONG> (Thumb, 0 bytes, Stack size unknown bytes, libshutdown2.o(.ARM.Collect$$libshutdown$$00000009))

<P><STRONG><a name="[1bb]"></a>__rt_lib_shutdown_stdio_1</STRONG> (Thumb, 0 bytes, Stack size unknown bytes, libshutdown2.o(.ARM.Collect$$libshutdown$$00000003))

<P><STRONG><a name="[1bc]"></a>__rt_lib_shutdown_user_alloc_1</STRONG> (Thumb, 0 bytes, Stack size unknown bytes, libshutdown2.o(.ARM.Collect$$libshutdown$$0000000B))

<P><STRONG><a name="[a6]"></a>__rt_entry</STRONG> (Thumb, 0 bytes, Stack size unknown bytes, __rtentry.o(.ARM.Collect$$rtentry$$00000000))
<BR><BR>[Called By]<UL><LI><a href="#[a4]">&gt;&gt;</a>&nbsp;&nbsp;&nbsp;__main
<LI><a href="#[a7]">&gt;&gt;</a>&nbsp;&nbsp;&nbsp;__scatterload_rt2
</UL>

<P><STRONG><a name="[1bd]"></a>__rt_entry_presh_1</STRONG> (Thumb, 0 bytes, Stack size unknown bytes, __rtentry2.o(.ARM.Collect$$rtentry$$00000002))

<P><STRONG><a name="[d0]"></a>__rt_entry_sh</STRONG> (Thumb, 0 bytes, Stack size unknown bytes, __rtentry4.o(.ARM.Collect$$rtentry$$00000004))
<BR><BR>[Stack]<UL><LI>Max Depth = 8 + Unknown Stack Size
<LI>Call Chain = __rt_entry_sh &rArr; __user_setup_stackheap
</UL>
<BR>[Calls]<UL><LI><a href="#[d1]">&gt;&gt;</a>&nbsp;&nbsp;&nbsp;__user_setup_stackheap
</UL>

<P><STRONG><a name="[d2]"></a>__rt_entry_li</STRONG> (Thumb, 0 bytes, Stack size unknown bytes, __rtentry2.o(.ARM.Collect$$rtentry$$0000000A))
<BR><BR>[Calls]<UL><LI><a href="#[d3]">&gt;&gt;</a>&nbsp;&nbsp;&nbsp;__rt_lib_init
</UL>

<P><STRONG><a name="[1be]"></a>__rt_entry_postsh_1</STRONG> (Thumb, 0 bytes, Stack size unknown bytes, __rtentry2.o(.ARM.Collect$$rtentry$$00000009))

<P><STRONG><a name="[d4]"></a>__rt_entry_main</STRONG> (Thumb, 0 bytes, Stack size unknown bytes, __rtentry2.o(.ARM.Collect$$rtentry$$0000000D))
<BR><BR>[Stack]<UL><LI>Max Depth = 456 + Unknown Stack Size
<LI>Call Chain = __rt_entry_main &rArr; main &rArr; System_Funtion &rArr; UOC_Parameter_State &rArr; UOC_Parameter_func &rArr; Show_Param_info &rArr; dbg_printf &rArr; _vsnprintf &rArr; _printf_char_common &rArr; __printf
</UL>
<BR>[Calls]<UL><LI><a href="#[d5]">&gt;&gt;</a>&nbsp;&nbsp;&nbsp;main
<LI><a href="#[d6]">&gt;&gt;</a>&nbsp;&nbsp;&nbsp;exit
</UL>

<P><STRONG><a name="[1bf]"></a>__rt_entry_postli_1</STRONG> (Thumb, 0 bytes, Stack size unknown bytes, __rtentry2.o(.ARM.Collect$$rtentry$$0000000C))

<P><STRONG><a name="[10e]"></a>__rt_exit</STRONG> (Thumb, 0 bytes, Stack size unknown bytes, rtexit.o(.ARM.Collect$$rtexit$$00000000))
<BR><BR>[Called By]<UL><LI><a href="#[d6]">&gt;&gt;</a>&nbsp;&nbsp;&nbsp;exit
</UL>

<P><STRONG><a name="[d7]"></a>__rt_exit_ls</STRONG> (Thumb, 0 bytes, Stack size unknown bytes, rtexit2.o(.ARM.Collect$$rtexit$$00000003))
<BR><BR>[Calls]<UL><LI><a href="#[d8]">&gt;&gt;</a>&nbsp;&nbsp;&nbsp;__rt_lib_shutdown
</UL>

<P><STRONG><a name="[1c0]"></a>__rt_exit_prels_1</STRONG> (Thumb, 0 bytes, Stack size unknown bytes, rtexit2.o(.ARM.Collect$$rtexit$$00000002))

<P><STRONG><a name="[d9]"></a>__rt_exit_exit</STRONG> (Thumb, 0 bytes, Stack size unknown bytes, rtexit2.o(.ARM.Collect$$rtexit$$00000004))
<BR><BR>[Calls]<UL><LI><a href="#[da]">&gt;&gt;</a>&nbsp;&nbsp;&nbsp;_sys_exit
</UL>

<P><STRONG><a name="[df]"></a>__aeabi_memcpy4</STRONG> (Thumb, 56 bytes, Stack size 0 bytes, rt_memcpy.o(.emb_text))
<BR><BR>[Called By]<UL><LI><a href="#[de]">&gt;&gt;</a>&nbsp;&nbsp;&nbsp;__aeabi_memcpy
</UL>

<P><STRONG><a name="[1c1]"></a>__aeabi_memcpy8</STRONG> (Thumb, 0 bytes, Stack size 0 bytes, rt_memcpy.o(.emb_text), UNUSED)

<P><STRONG><a name="[77]"></a>Reset_Handler</STRONG> (Thumb, 8 bytes, Stack size 0 bytes, startup_fm33le0xx.o(.text))
<BR>[Address Reference Count : 1]<UL><LI> startup_fm33le0xx.o(RESET)
</UL>
<P><STRONG><a name="[78]"></a>NMI_Handler</STRONG> (Thumb, 2 bytes, Stack size 0 bytes, startup_fm33le0xx.o(.text))
<BR><BR>[Calls]<UL><LI><a href="#[78]">&gt;&gt;</a>&nbsp;&nbsp;&nbsp;NMI_Handler
</UL>
<BR>[Called By]<UL><LI><a href="#[78]">&gt;&gt;</a>&nbsp;&nbsp;&nbsp;NMI_Handler
</UL>
<BR>[Address Reference Count : 1]<UL><LI> startup_fm33le0xx.o(RESET)
</UL>
<P><STRONG><a name="[79]"></a>HardFault_Handler</STRONG> (Thumb, 2 bytes, Stack size 0 bytes, startup_fm33le0xx.o(.text))
<BR><BR>[Calls]<UL><LI><a href="#[79]">&gt;&gt;</a>&nbsp;&nbsp;&nbsp;HardFault_Handler
</UL>
<BR>[Called By]<UL><LI><a href="#[79]">&gt;&gt;</a>&nbsp;&nbsp;&nbsp;HardFault_Handler
</UL>
<BR>[Address Reference Count : 1]<UL><LI> startup_fm33le0xx.o(RESET)
</UL>
<P><STRONG><a name="[7a]"></a>SVC_Handler</STRONG> (Thumb, 2 bytes, Stack size 0 bytes, startup_fm33le0xx.o(.text))
<BR><BR>[Calls]<UL><LI><a href="#[7a]">&gt;&gt;</a>&nbsp;&nbsp;&nbsp;SVC_Handler
</UL>
<BR>[Called By]<UL><LI><a href="#[7a]">&gt;&gt;</a>&nbsp;&nbsp;&nbsp;SVC_Handler
</UL>
<BR>[Address Reference Count : 1]<UL><LI> startup_fm33le0xx.o(RESET)
</UL>
<P><STRONG><a name="[7b]"></a>PendSV_Handler</STRONG> (Thumb, 2 bytes, Stack size 0 bytes, startup_fm33le0xx.o(.text))
<BR><BR>[Calls]<UL><LI><a href="#[7b]">&gt;&gt;</a>&nbsp;&nbsp;&nbsp;PendSV_Handler
</UL>
<BR>[Called By]<UL><LI><a href="#[7b]">&gt;&gt;</a>&nbsp;&nbsp;&nbsp;PendSV_Handler
</UL>
<BR>[Address Reference Count : 1]<UL><LI> startup_fm33le0xx.o(RESET)
</UL>
<P><STRONG><a name="[7c]"></a>SysTick_Handler</STRONG> (Thumb, 2 bytes, Stack size 0 bytes, startup_fm33le0xx.o(.text))
<BR><BR>[Calls]<UL><LI><a href="#[7c]">&gt;&gt;</a>&nbsp;&nbsp;&nbsp;SysTick_Handler
</UL>
<BR>[Called By]<UL><LI><a href="#[7c]">&gt;&gt;</a>&nbsp;&nbsp;&nbsp;SysTick_Handler
</UL>
<BR>[Address Reference Count : 1]<UL><LI> startup_fm33le0xx.o(RESET)
</UL>
<P><STRONG><a name="[82]"></a>ADC_IRQHandler</STRONG> (Thumb, 0 bytes, Stack size 0 bytes, startup_fm33le0xx.o(.text))
<BR><BR>[Calls]<UL><LI><a href="#[82]">&gt;&gt;</a>&nbsp;&nbsp;&nbsp;ADC_IRQHandler
</UL>
<BR>[Called By]<UL><LI><a href="#[82]">&gt;&gt;</a>&nbsp;&nbsp;&nbsp;ADC_IRQHandler
</UL>
<BR>[Address Reference Count : 1]<UL><LI> startup_fm33le0xx.o(RESET)
</UL>
<P><STRONG><a name="[90]"></a>AES_IRQHandler</STRONG> (Thumb, 0 bytes, Stack size 0 bytes, startup_fm33le0xx.o(.text))
<BR>[Address Reference Count : 1]<UL><LI> startup_fm33le0xx.o(RESET)
</UL>
<P><STRONG><a name="[99]"></a>ATIM_IRQHandler</STRONG> (Thumb, 0 bytes, Stack size 0 bytes, startup_fm33le0xx.o(.text))
<BR>[Address Reference Count : 1]<UL><LI> startup_fm33le0xx.o(RESET)
</UL>
<P><STRONG><a name="[95]"></a>BSTIM_IRQHandler</STRONG> (Thumb, 0 bytes, Stack size 0 bytes, startup_fm33le0xx.o(.text))
<BR>[Address Reference Count : 1]<UL><LI> startup_fm33le0xx.o(RESET)
</UL>
<P><STRONG><a name="[96]"></a>COMPx_IRQHandler</STRONG> (Thumb, 0 bytes, Stack size 0 bytes, startup_fm33le0xx.o(.text))
<BR>[Address Reference Count : 1]<UL><LI> startup_fm33le0xx.o(RESET)
</UL>
<P><STRONG><a name="[92]"></a>DMA_IRQHandler</STRONG> (Thumb, 0 bytes, Stack size 0 bytes, startup_fm33le0xx.o(.text))
<BR>[Address Reference Count : 1]<UL><LI> startup_fm33le0xx.o(RESET)
</UL>
<P><STRONG><a name="[80]"></a>FLASH_IRQHandler</STRONG> (Thumb, 0 bytes, Stack size 0 bytes, startup_fm33le0xx.o(.text))
<BR>[Address Reference Count : 1]<UL><LI> startup_fm33le0xx.o(RESET)
</UL>
<P><STRONG><a name="[9b]"></a>GPIO_IRQHandler</STRONG> (Thumb, 0 bytes, Stack size 0 bytes, startup_fm33le0xx.o(.text))
<BR>[Address Reference Count : 1]<UL><LI> startup_fm33le0xx.o(RESET)
</UL>
<P><STRONG><a name="[8b]"></a>HFDET_IRQHandler</STRONG> (Thumb, 0 bytes, Stack size 0 bytes, startup_fm33le0xx.o(.text))
<BR>[Address Reference Count : 1]<UL><LI> startup_fm33le0xx.o(RESET)
</UL>
<P><STRONG><a name="[8f]"></a>I2CSMB_IRQHandler</STRONG> (Thumb, 0 bytes, Stack size 0 bytes, startup_fm33le0xx.o(.text))
<BR>[Address Reference Count : 1]<UL><LI> startup_fm33le0xx.o(RESET)
</UL>
<P><STRONG><a name="[8e]"></a>I2C_IRQHandler</STRONG> (Thumb, 0 bytes, Stack size 0 bytes, startup_fm33le0xx.o(.text))
<BR>[Address Reference Count : 1]<UL><LI> startup_fm33le0xx.o(RESET)
</UL>
<P><STRONG><a name="[83]"></a>IWDT_IRQHandler</STRONG> (Thumb, 0 bytes, Stack size 0 bytes, startup_fm33le0xx.o(.text))
<BR>[Address Reference Count : 1]<UL><LI> startup_fm33le0xx.o(RESET)
</UL>
<P><STRONG><a name="[86]"></a>LCD_IRQHandler</STRONG> (Thumb, 0 bytes, Stack size 0 bytes, startup_fm33le0xx.o(.text))
<BR>[Address Reference Count : 1]<UL><LI> startup_fm33le0xx.o(RESET)
</UL>
<P><STRONG><a name="[81]"></a>LFDET_IRQHandler</STRONG> (Thumb, 0 bytes, Stack size 0 bytes, startup_fm33le0xx.o(.text))
<BR>[Address Reference Count : 1]<UL><LI> startup_fm33le0xx.o(RESET)
</UL>
<P><STRONG><a name="[91]"></a>LPTIM_IRQHandler</STRONG> (Thumb, 0 bytes, Stack size 0 bytes, startup_fm33le0xx.o(.text))
<BR>[Address Reference Count : 1]<UL><LI> startup_fm33le0xx.o(RESET)
</UL>
<P><STRONG><a name="[9c]"></a>LPUART0_IRQHandler</STRONG> (Thumb, 0 bytes, Stack size 0 bytes, startup_fm33le0xx.o(.text))
<BR>[Address Reference Count : 1]<UL><LI> startup_fm33le0xx.o(RESET)
</UL>
<P><STRONG><a name="[8d]"></a>LPUART1_IRQHandler</STRONG> (Thumb, 0 bytes, Stack size 0 bytes, startup_fm33le0xx.o(.text))
<BR>[Address Reference Count : 1]<UL><LI> startup_fm33le0xx.o(RESET)
</UL>
<P><STRONG><a name="[7f]"></a>RTC_IRQHandler</STRONG> (Thumb, 0 bytes, Stack size 0 bytes, startup_fm33le0xx.o(.text))
<BR>[Address Reference Count : 1]<UL><LI> startup_fm33le0xx.o(RESET)
</UL>
<P><STRONG><a name="[84]"></a>SPI1_IRQHandler</STRONG> (Thumb, 0 bytes, Stack size 0 bytes, startup_fm33le0xx.o(.text))
<BR>[Address Reference Count : 1]<UL><LI> startup_fm33le0xx.o(RESET)
</UL>
<P><STRONG><a name="[85]"></a>SPI2_IRQHandler</STRONG> (Thumb, 0 bytes, Stack size 0 bytes, startup_fm33le0xx.o(.text))
<BR>[Address Reference Count : 1]<UL><LI> startup_fm33le0xx.o(RESET)
</UL>
<P><STRONG><a name="[7e]"></a>SVD_IRQHandler</STRONG> (Thumb, 0 bytes, Stack size 0 bytes, startup_fm33le0xx.o(.text))
<BR>[Address Reference Count : 1]<UL><LI> startup_fm33le0xx.o(RESET)
</UL>
<P><STRONG><a name="[8c]"></a>U7816_IRQHandler</STRONG> (Thumb, 0 bytes, Stack size 0 bytes, startup_fm33le0xx.o(.text))
<BR>[Address Reference Count : 1]<UL><LI> startup_fm33le0xx.o(RESET)
</UL>
<P><STRONG><a name="[87]"></a>UART0_IRQHandler</STRONG> (Thumb, 0 bytes, Stack size 0 bytes, startup_fm33le0xx.o(.text))
<BR>[Address Reference Count : 1]<UL><LI> startup_fm33le0xx.o(RESET)
</UL>
<P><STRONG><a name="[94]"></a>UART2_IRQHandler</STRONG> (Thumb, 0 bytes, Stack size 0 bytes, startup_fm33le0xx.o(.text))
<BR>[Address Reference Count : 1]<UL><LI> startup_fm33le0xx.o(RESET)
</UL>
<P><STRONG><a name="[89]"></a>UART4_IRQHandler</STRONG> (Thumb, 0 bytes, Stack size 0 bytes, startup_fm33le0xx.o(.text))
<BR>[Address Reference Count : 1]<UL><LI> startup_fm33le0xx.o(RESET)
</UL>
<P><STRONG><a name="[8a]"></a>UART5_IRQHandler</STRONG> (Thumb, 0 bytes, Stack size 0 bytes, startup_fm33le0xx.o(.text))
<BR>[Address Reference Count : 1]<UL><LI> startup_fm33le0xx.o(RESET)
</UL>
<P><STRONG><a name="[9a]"></a>VREF_IRQHandler</STRONG> (Thumb, 0 bytes, Stack size 0 bytes, startup_fm33le0xx.o(.text))
<BR>[Address Reference Count : 1]<UL><LI> startup_fm33le0xx.o(RESET)
</UL>
<P><STRONG><a name="[93]"></a>WKUP_IRQHandler</STRONG> (Thumb, 0 bytes, Stack size 0 bytes, startup_fm33le0xx.o(.text))
<BR>[Address Reference Count : 1]<UL><LI> startup_fm33le0xx.o(RESET)
</UL>
<P><STRONG><a name="[7d]"></a>WWDT_IRQHandler</STRONG> (Thumb, 0 bytes, Stack size 0 bytes, startup_fm33le0xx.o(.text))
<BR>[Address Reference Count : 1]<UL><LI> startup_fm33le0xx.o(RESET)
</UL>
<P><STRONG><a name="[10c]"></a>__user_initial_stackheap</STRONG> (Thumb, 0 bytes, Stack size unknown bytes, startup_fm33le0xx.o(.text))
<BR><BR>[Called By]<UL><LI><a href="#[d1]">&gt;&gt;</a>&nbsp;&nbsp;&nbsp;__user_setup_stackheap
</UL>

<P><STRONG><a name="[db]"></a>_vsnprintf</STRONG> (Thumb, 50 bytes, Stack size 24 bytes, _vsnprintf.o(.text))
<BR><BR>[Stack]<UL><LI>Max Depth = 120 + Unknown Stack Size
<LI>Call Chain = _vsnprintf &rArr; _printf_char_common &rArr; __printf
</UL>
<BR>[Calls]<UL><LI><a href="#[dd]">&gt;&gt;</a>&nbsp;&nbsp;&nbsp;_sputc
<LI><a href="#[dc]">&gt;&gt;</a>&nbsp;&nbsp;&nbsp;_printf_char_common
</UL>
<BR>[Called By]<UL><LI><a href="#[115]">&gt;&gt;</a>&nbsp;&nbsp;&nbsp;dbg_printf
</UL>

<P><STRONG><a name="[183]"></a>memcmp</STRONG> (Thumb, 90 bytes, Stack size 8 bytes, memcmp.o(.text))
<BR><BR>[Stack]<UL><LI>Max Depth = 8<LI>Call Chain = memcmp
</UL>
<BR>[Called By]<UL><LI><a href="#[187]">&gt;&gt;</a>&nbsp;&nbsp;&nbsp;UOC_Parameter_func
<LI><a href="#[181]">&gt;&gt;</a>&nbsp;&nbsp;&nbsp;UOC_FN_Menu
</UL>

<P><STRONG><a name="[de]"></a>__aeabi_memcpy</STRONG> (Thumb, 130 bytes, Stack size 24 bytes, rt_memcpy.o(.text))
<BR><BR>[Stack]<UL><LI>Max Depth = 24<LI>Call Chain = __aeabi_memcpy
</UL>
<BR>[Calls]<UL><LI><a href="#[df]">&gt;&gt;</a>&nbsp;&nbsp;&nbsp;__aeabi_memcpy4
</UL>
<BR>[Called By]<UL><LI><a href="#[190]">&gt;&gt;</a>&nbsp;&nbsp;&nbsp;UOC_Sys_Param_init
<LI><a href="#[22]">&gt;&gt;</a>&nbsp;&nbsp;&nbsp;UOC_paremeter_F12_FUNC
</UL>

<P><STRONG><a name="[1c2]"></a>__rt_memcpy</STRONG> (Thumb, 0 bytes, Stack size 24 bytes, rt_memcpy.o(.text), UNUSED)

<P><STRONG><a name="[e1]"></a>_memset_w</STRONG> (Thumb, 26 bytes, Stack size 0 bytes, rt_memclr.o(.text), UNUSED)
<BR><BR>[Called By]<UL><LI><a href="#[e3]">&gt;&gt;</a>&nbsp;&nbsp;&nbsp;__rt_memclr_w
<LI><a href="#[e0]">&gt;&gt;</a>&nbsp;&nbsp;&nbsp;_memset
</UL>

<P><STRONG><a name="[e0]"></a>_memset</STRONG> (Thumb, 30 bytes, Stack size 0 bytes, rt_memclr.o(.text), UNUSED)
<BR><BR>[Calls]<UL><LI><a href="#[e1]">&gt;&gt;</a>&nbsp;&nbsp;&nbsp;_memset_w
</UL>
<BR>[Called By]<UL><LI><a href="#[e2]">&gt;&gt;</a>&nbsp;&nbsp;&nbsp;__aeabi_memclr
</UL>

<P><STRONG><a name="[e2]"></a>__aeabi_memclr</STRONG> (Thumb, 4 bytes, Stack size 0 bytes, rt_memclr.o(.text), UNUSED)
<BR><BR>[Calls]<UL><LI><a href="#[e0]">&gt;&gt;</a>&nbsp;&nbsp;&nbsp;_memset
</UL>

<P><STRONG><a name="[1c3]"></a>__rt_memclr</STRONG> (Thumb, 0 bytes, Stack size 0 bytes, rt_memclr.o(.text), UNUSED)

<P><STRONG><a name="[129]"></a>__aeabi_memclr4</STRONG> (Thumb, 0 bytes, Stack size 0 bytes, rt_memclr.o(.text))
<BR><BR>[Called By]<UL><LI><a href="#[12f]">&gt;&gt;</a>&nbsp;&nbsp;&nbsp;FL_FLASH_Write_Dma
<LI><a href="#[128]">&gt;&gt;</a>&nbsp;&nbsp;&nbsp;FL_FLASH_Read_Dma
<LI><a href="#[190]">&gt;&gt;</a>&nbsp;&nbsp;&nbsp;UOC_Sys_Param_init
<LI><a href="#[187]">&gt;&gt;</a>&nbsp;&nbsp;&nbsp;UOC_Parameter_func
<LI><a href="#[181]">&gt;&gt;</a>&nbsp;&nbsp;&nbsp;UOC_FN_Menu
</UL>

<P><STRONG><a name="[1c4]"></a>__aeabi_memclr8</STRONG> (Thumb, 0 bytes, Stack size 0 bytes, rt_memclr.o(.text), UNUSED)

<P><STRONG><a name="[e3]"></a>__rt_memclr_w</STRONG> (Thumb, 4 bytes, Stack size 0 bytes, rt_memclr.o(.text), UNUSED)
<BR><BR>[Calls]<UL><LI><a href="#[e1]">&gt;&gt;</a>&nbsp;&nbsp;&nbsp;_memset_w
</UL>

<P><STRONG><a name="[1c5]"></a>__aeabi_uidiv</STRONG> (Thumb, 0 bytes, Stack size 0 bytes, aeabi_sdiv.o(.text), UNUSED)

<P><STRONG><a name="[137]"></a>__aeabi_uidivmod</STRONG> (Thumb, 20 bytes, Stack size 0 bytes, aeabi_sdiv.o(.text))
<BR><BR>[Called By]<UL><LI><a href="#[173]">&gt;&gt;</a>&nbsp;&nbsp;&nbsp;SystemPLLClockUpdate
<LI><a href="#[6]">&gt;&gt;</a>&nbsp;&nbsp;&nbsp;UOC_Spi_Read_Para
<LI><a href="#[7]">&gt;&gt;</a>&nbsp;&nbsp;&nbsp;UOC_Spi_Display_Para
<LI><a href="#[178]">&gt;&gt;</a>&nbsp;&nbsp;&nbsp;UART_RxFlag
<LI><a href="#[143]">&gt;&gt;</a>&nbsp;&nbsp;&nbsp;FL_UART_Init
<LI><a href="#[135]">&gt;&gt;</a>&nbsp;&nbsp;&nbsp;FL_I2C_MasterMode_Init
<LI><a href="#[142]">&gt;&gt;</a>&nbsp;&nbsp;&nbsp;FL_RCC_GetPLLClockFreq
<LI><a href="#[146]">&gt;&gt;</a>&nbsp;&nbsp;&nbsp;I2C_Display_Err
<LI><a href="#[4f]">&gt;&gt;</a>&nbsp;&nbsp;&nbsp;UOC_paremeter_F57_FUNC
<LI><a href="#[4e]">&gt;&gt;</a>&nbsp;&nbsp;&nbsp;UOC_paremeter_F56_FUNC
<LI><a href="#[4d]">&gt;&gt;</a>&nbsp;&nbsp;&nbsp;UOC_paremeter_F55_FUNC
<LI><a href="#[4c]">&gt;&gt;</a>&nbsp;&nbsp;&nbsp;UOC_paremeter_F54_FUNC
<LI><a href="#[4b]">&gt;&gt;</a>&nbsp;&nbsp;&nbsp;UOC_paremeter_F53_FUNC
<LI><a href="#[4a]">&gt;&gt;</a>&nbsp;&nbsp;&nbsp;UOC_paremeter_F52_FUNC
<LI><a href="#[49]">&gt;&gt;</a>&nbsp;&nbsp;&nbsp;UOC_paremeter_F51_FUNC
<LI><a href="#[48]">&gt;&gt;</a>&nbsp;&nbsp;&nbsp;UOC_paremeter_F50_FUNC
<LI><a href="#[44]">&gt;&gt;</a>&nbsp;&nbsp;&nbsp;UOC_paremeter_F46_FUNC
<LI><a href="#[43]">&gt;&gt;</a>&nbsp;&nbsp;&nbsp;UOC_paremeter_F45_FUNC
<LI><a href="#[42]">&gt;&gt;</a>&nbsp;&nbsp;&nbsp;UOC_paremeter_F44_FUNC
<LI><a href="#[41]">&gt;&gt;</a>&nbsp;&nbsp;&nbsp;UOC_paremeter_F43_FUNC
<LI><a href="#[40]">&gt;&gt;</a>&nbsp;&nbsp;&nbsp;UOC_paremeter_F42_FUNC
<LI><a href="#[3f]">&gt;&gt;</a>&nbsp;&nbsp;&nbsp;UOC_paremeter_F41_FUNC
<LI><a href="#[3e]">&gt;&gt;</a>&nbsp;&nbsp;&nbsp;UOC_paremeter_F40_FUNC
<LI><a href="#[3d]">&gt;&gt;</a>&nbsp;&nbsp;&nbsp;UOC_paremeter_F39_FUNC
<LI><a href="#[3c]">&gt;&gt;</a>&nbsp;&nbsp;&nbsp;UOC_paremeter_F38_FUNC
<LI><a href="#[3b]">&gt;&gt;</a>&nbsp;&nbsp;&nbsp;UOC_paremeter_F37_FUNC
<LI><a href="#[3a]">&gt;&gt;</a>&nbsp;&nbsp;&nbsp;UOC_paremeter_F36_FUNC
<LI><a href="#[39]">&gt;&gt;</a>&nbsp;&nbsp;&nbsp;UOC_paremeter_F35_FUNC
<LI><a href="#[38]">&gt;&gt;</a>&nbsp;&nbsp;&nbsp;UOC_paremeter_F34_FUNC
<LI><a href="#[37]">&gt;&gt;</a>&nbsp;&nbsp;&nbsp;UOC_paremeter_F33_FUNC
<LI><a href="#[35]">&gt;&gt;</a>&nbsp;&nbsp;&nbsp;UOC_paremeter_F31_FUNC
<LI><a href="#[34]">&gt;&gt;</a>&nbsp;&nbsp;&nbsp;UOC_paremeter_F30_FUNC
<LI><a href="#[32]">&gt;&gt;</a>&nbsp;&nbsp;&nbsp;UOC_paremeter_F28_FUNC
<LI><a href="#[31]">&gt;&gt;</a>&nbsp;&nbsp;&nbsp;UOC_paremeter_F27_FUNC
<LI><a href="#[2f]">&gt;&gt;</a>&nbsp;&nbsp;&nbsp;UOC_paremeter_F25_FUNC
<LI><a href="#[2e]">&gt;&gt;</a>&nbsp;&nbsp;&nbsp;UOC_paremeter_F24_FUNC
<LI><a href="#[2d]">&gt;&gt;</a>&nbsp;&nbsp;&nbsp;UOC_paremeter_F23_FUNC
<LI><a href="#[2c]">&gt;&gt;</a>&nbsp;&nbsp;&nbsp;UOC_paremeter_F22_FUNC
<LI><a href="#[29]">&gt;&gt;</a>&nbsp;&nbsp;&nbsp;UOC_paremeter_F19_FUNC
<LI><a href="#[27]">&gt;&gt;</a>&nbsp;&nbsp;&nbsp;UOC_paremeter_F17_FUNC
<LI><a href="#[25]">&gt;&gt;</a>&nbsp;&nbsp;&nbsp;UOC_paremeter_F15_FUNC
<LI><a href="#[20]">&gt;&gt;</a>&nbsp;&nbsp;&nbsp;UOC_paremeter_F10_FUNC
<LI><a href="#[1f]">&gt;&gt;</a>&nbsp;&nbsp;&nbsp;UOC_paremeter_F09_FUNC
<LI><a href="#[1b]">&gt;&gt;</a>&nbsp;&nbsp;&nbsp;UOC_paremeter_F05_FUNC
<LI><a href="#[1a]">&gt;&gt;</a>&nbsp;&nbsp;&nbsp;UOC_paremeter_F04_FUNC
<LI><a href="#[19]">&gt;&gt;</a>&nbsp;&nbsp;&nbsp;UOC_paremeter_F03_FUNC
<LI><a href="#[18]">&gt;&gt;</a>&nbsp;&nbsp;&nbsp;UOC_paremeter_F02_FUNC
<LI><a href="#[17]">&gt;&gt;</a>&nbsp;&nbsp;&nbsp;UOC_paremeter_F01_FUNC
<LI><a href="#[187]">&gt;&gt;</a>&nbsp;&nbsp;&nbsp;UOC_Parameter_func
<LI><a href="#[177]">&gt;&gt;</a>&nbsp;&nbsp;&nbsp;UOC_Parameter_State
<LI><a href="#[181]">&gt;&gt;</a>&nbsp;&nbsp;&nbsp;UOC_FN_Menu
<LI><a href="#[65]">&gt;&gt;</a>&nbsp;&nbsp;&nbsp;production_test_model2
</UL>

<P><STRONG><a name="[1c6]"></a>__aeabi_idiv</STRONG> (Thumb, 0 bytes, Stack size 8 bytes, aeabi_sdiv.o(.text), UNUSED)

<P><STRONG><a name="[18a]"></a>__aeabi_idivmod</STRONG> (Thumb, 326 bytes, Stack size 8 bytes, aeabi_sdiv.o(.text))
<BR><BR>[Stack]<UL><LI>Max Depth = 8<LI>Call Chain = __aeabi_idivmod
</UL>
<BR>[Called By]<UL><LI><a href="#[7]">&gt;&gt;</a>&nbsp;&nbsp;&nbsp;UOC_Spi_Display_Para
<LI><a href="#[187]">&gt;&gt;</a>&nbsp;&nbsp;&nbsp;UOC_Parameter_func
</UL>

<P><STRONG><a name="[1c7]"></a>__use_two_region_memory</STRONG> (Thumb, 2 bytes, Stack size 0 bytes, heapauxi.o(.text), UNUSED)

<P><STRONG><a name="[1c8]"></a>__rt_heap_escrow$2region</STRONG> (Thumb, 2 bytes, Stack size 0 bytes, heapauxi.o(.text), UNUSED)

<P><STRONG><a name="[1c9]"></a>__rt_heap_expand$2region</STRONG> (Thumb, 2 bytes, Stack size 0 bytes, heapauxi.o(.text), UNUSED)

<P><STRONG><a name="[17c]"></a>__aeabi_d2f</STRONG> (Thumb, 0 bytes, Stack size 12 bytes, d2f.o(.text))
<BR><BR>[Stack]<UL><LI>Max Depth = 12<LI>Call Chain = __aeabi_d2f
</UL>
<BR>[Called By]<UL><LI><a href="#[6]">&gt;&gt;</a>&nbsp;&nbsp;&nbsp;UOC_Spi_Read_Para
<LI><a href="#[12]">&gt;&gt;</a>&nbsp;&nbsp;&nbsp;UOC_Spi_Error_E09
<LI><a href="#[d]">&gt;&gt;</a>&nbsp;&nbsp;&nbsp;UOC_Spi_Error_E04
<LI><a href="#[14d]">&gt;&gt;</a>&nbsp;&nbsp;&nbsp;UOC_DI_timemout_deal
</UL>

<P><STRONG><a name="[1ca]"></a>_d2f</STRONG> (Thumb, 120 bytes, Stack size 12 bytes, d2f.o(.text), UNUSED)

<P><STRONG><a name="[139]"></a>__aeabi_dadd</STRONG> (Thumb, 0 bytes, Stack size 8 bytes, daddsub.o(.text))
<BR><BR>[Stack]<UL><LI>Max Depth = 8<LI>Call Chain = __aeabi_dadd
</UL>
<BR>[Called By]<UL><LI><a href="#[135]">&gt;&gt;</a>&nbsp;&nbsp;&nbsp;FL_I2C_MasterMode_Init
</UL>

<P><STRONG><a name="[e4]"></a>_dadd</STRONG> (Thumb, 26 bytes, Stack size 8 bytes, daddsub.o(.text), UNUSED)
<BR><BR>[Calls]<UL><LI><a href="#[e5]">&gt;&gt;</a>&nbsp;&nbsp;&nbsp;_dsub1
<LI><a href="#[e6]">&gt;&gt;</a>&nbsp;&nbsp;&nbsp;_dadd1
</UL>

<P><STRONG><a name="[1cb]"></a>__aeabi_dsub</STRONG> (Thumb, 0 bytes, Stack size 8 bytes, daddsub.o(.text), UNUSED)

<P><STRONG><a name="[e7]"></a>_dsub</STRONG> (Thumb, 22 bytes, Stack size 8 bytes, daddsub.o(.text), UNUSED)
<BR><BR>[Calls]<UL><LI><a href="#[e5]">&gt;&gt;</a>&nbsp;&nbsp;&nbsp;_dsub1
<LI><a href="#[e6]">&gt;&gt;</a>&nbsp;&nbsp;&nbsp;_dadd1
</UL>

<P><STRONG><a name="[1cc]"></a>__aeabi_drsub</STRONG> (Thumb, 0 bytes, Stack size 16 bytes, daddsub.o(.text), UNUSED)

<P><STRONG><a name="[e8]"></a>_drsb</STRONG> (Thumb, 28 bytes, Stack size 16 bytes, daddsub.o(.text), UNUSED)
<BR><BR>[Calls]<UL><LI><a href="#[e5]">&gt;&gt;</a>&nbsp;&nbsp;&nbsp;_dsub1
<LI><a href="#[e6]">&gt;&gt;</a>&nbsp;&nbsp;&nbsp;_dadd1
</UL>

<P><STRONG><a name="[17b]"></a>__aeabi_ddiv</STRONG> (Thumb, 0 bytes, Stack size 64 bytes, ddiv.o(.text))
<BR><BR>[Stack]<UL><LI>Max Depth = 64<LI>Call Chain = __aeabi_ddiv
</UL>
<BR>[Called By]<UL><LI><a href="#[6]">&gt;&gt;</a>&nbsp;&nbsp;&nbsp;UOC_Spi_Read_Para
<LI><a href="#[12]">&gt;&gt;</a>&nbsp;&nbsp;&nbsp;UOC_Spi_Error_E09
<LI><a href="#[d]">&gt;&gt;</a>&nbsp;&nbsp;&nbsp;UOC_Spi_Error_E04
<LI><a href="#[14d]">&gt;&gt;</a>&nbsp;&nbsp;&nbsp;UOC_DI_timemout_deal
</UL>

<P><STRONG><a name="[ea]"></a>_ddiv</STRONG> (Thumb, 1072 bytes, Stack size 64 bytes, ddiv.o(.text), UNUSED)
<BR><BR>[Called By]<UL><LI><a href="#[e9]">&gt;&gt;</a>&nbsp;&nbsp;&nbsp;_drdiv
</UL>

<P><STRONG><a name="[e9]"></a>_drdiv</STRONG> (Thumb, 20 bytes, Stack size 16 bytes, ddiv.o(.text), UNUSED)
<BR><BR>[Calls]<UL><LI><a href="#[ea]">&gt;&gt;</a>&nbsp;&nbsp;&nbsp;_ddiv
</UL>

<P><STRONG><a name="[18f]"></a>__aeabi_d2iz</STRONG> (Thumb, 0 bytes, Stack size 12 bytes, dfixi.o(.text))
<BR><BR>[Stack]<UL><LI>Max Depth = 12<LI>Call Chain = __aeabi_d2iz
</UL>
<BR>[Called By]<UL><LI><a href="#[6]">&gt;&gt;</a>&nbsp;&nbsp;&nbsp;UOC_Spi_Read_Para
</UL>

<P><STRONG><a name="[1cd]"></a>_dfix</STRONG> (Thumb, 98 bytes, Stack size 12 bytes, dfixi.o(.text), UNUSED)

<P><STRONG><a name="[13a]"></a>__aeabi_d2uiz</STRONG> (Thumb, 0 bytes, Stack size 8 bytes, dfixui.o(.text))
<BR><BR>[Stack]<UL><LI>Max Depth = 8<LI>Call Chain = __aeabi_d2uiz
</UL>
<BR>[Called By]<UL><LI><a href="#[135]">&gt;&gt;</a>&nbsp;&nbsp;&nbsp;FL_I2C_MasterMode_Init
</UL>

<P><STRONG><a name="[1ce]"></a>_dfixu</STRONG> (Thumb, 68 bytes, Stack size 8 bytes, dfixui.o(.text), UNUSED)

<P><STRONG><a name="[ec]"></a>__aeabi_i2d_normalise</STRONG> (Thumb, 66 bytes, Stack size 0 bytes, dflti.o(.text))
<BR><BR>[Called By]<UL><LI><a href="#[ed]">&gt;&gt;</a>&nbsp;&nbsp;&nbsp;__aeabi_ui2d
<LI><a href="#[eb]">&gt;&gt;</a>&nbsp;&nbsp;&nbsp;__aeabi_i2d
</UL>

<P><STRONG><a name="[eb]"></a>__aeabi_i2d</STRONG> (Thumb, 16 bytes, Stack size 0 bytes, dflti.o(.text), UNUSED)
<BR><BR>[Calls]<UL><LI><a href="#[ec]">&gt;&gt;</a>&nbsp;&nbsp;&nbsp;__aeabi_i2d_normalise
</UL>

<P><STRONG><a name="[1cf]"></a>_dflt</STRONG> (Thumb, 0 bytes, Stack size 0 bytes, dflti.o(.text), UNUSED)

<P><STRONG><a name="[ed]"></a>__aeabi_ui2d</STRONG> (Thumb, 6 bytes, Stack size 0 bytes, dflti.o(.text))
<BR><BR>[Calls]<UL><LI><a href="#[ec]">&gt;&gt;</a>&nbsp;&nbsp;&nbsp;__aeabi_i2d_normalise
</UL>
<BR>[Called By]<UL><LI><a href="#[6]">&gt;&gt;</a>&nbsp;&nbsp;&nbsp;UOC_Spi_Read_Para
<LI><a href="#[12]">&gt;&gt;</a>&nbsp;&nbsp;&nbsp;UOC_Spi_Error_E09
<LI><a href="#[d]">&gt;&gt;</a>&nbsp;&nbsp;&nbsp;UOC_Spi_Error_E04
<LI><a href="#[135]">&gt;&gt;</a>&nbsp;&nbsp;&nbsp;FL_I2C_MasterMode_Init
<LI><a href="#[14d]">&gt;&gt;</a>&nbsp;&nbsp;&nbsp;UOC_DI_timemout_deal
</UL>

<P><STRONG><a name="[1d0]"></a>_dfltu</STRONG> (Thumb, 0 bytes, Stack size 0 bytes, dflti.o(.text), UNUSED)

<P><STRONG><a name="[18c]"></a>__aeabi_dmul</STRONG> (Thumb, 0 bytes, Stack size 56 bytes, dmul.o(.text))
<BR><BR>[Stack]<UL><LI>Max Depth = 56<LI>Call Chain = __aeabi_dmul
</UL>
<BR>[Called By]<UL><LI><a href="#[6]">&gt;&gt;</a>&nbsp;&nbsp;&nbsp;UOC_Spi_Read_Para
<LI><a href="#[13]">&gt;&gt;</a>&nbsp;&nbsp;&nbsp;UOC_Spi_Error_E10
<LI><a href="#[12]">&gt;&gt;</a>&nbsp;&nbsp;&nbsp;UOC_Spi_Error_E09
</UL>

<P><STRONG><a name="[1d1]"></a>_dmul</STRONG> (Thumb, 558 bytes, Stack size 56 bytes, dmul.o(.text), UNUSED)

<P><STRONG><a name="[138]"></a>__ARM_scalbn</STRONG> (Thumb, 84 bytes, Stack size 16 bytes, dscalbn.o(.text))
<BR><BR>[Stack]<UL><LI>Max Depth = 16<LI>Call Chain = __ARM_scalbn
</UL>
<BR>[Called By]<UL><LI><a href="#[135]">&gt;&gt;</a>&nbsp;&nbsp;&nbsp;FL_I2C_MasterMode_Init
<LI><a href="#[14d]">&gt;&gt;</a>&nbsp;&nbsp;&nbsp;UOC_DI_timemout_deal
</UL>

<P><STRONG><a name="[17d]"></a>__aeabi_f2d</STRONG> (Thumb, 0 bytes, Stack size 0 bytes, f2d.o(.text))
<BR><BR>[Called By]<UL><LI><a href="#[13]">&gt;&gt;</a>&nbsp;&nbsp;&nbsp;UOC_Spi_Error_E10
<LI><a href="#[12]">&gt;&gt;</a>&nbsp;&nbsp;&nbsp;UOC_Spi_Error_E09
<LI><a href="#[14d]">&gt;&gt;</a>&nbsp;&nbsp;&nbsp;UOC_DI_timemout_deal
</UL>

<P><STRONG><a name="[1d2]"></a>_f2d</STRONG> (Thumb, 80 bytes, Stack size 0 bytes, f2d.o(.text), UNUSED)

<P><STRONG><a name="[189]"></a>__aeabi_f2iz</STRONG> (Thumb, 0 bytes, Stack size 8 bytes, ffixi.o(.text))
<BR><BR>[Stack]<UL><LI>Max Depth = 8<LI>Call Chain = __aeabi_f2iz
</UL>
<BR>[Called By]<UL><LI><a href="#[c]">&gt;&gt;</a>&nbsp;&nbsp;&nbsp;UOC_Spi_Error_E03
<LI><a href="#[b]">&gt;&gt;</a>&nbsp;&nbsp;&nbsp;UOC_Spi_Error_E02
<LI><a href="#[7]">&gt;&gt;</a>&nbsp;&nbsp;&nbsp;UOC_Spi_Display_Para
<LI><a href="#[187]">&gt;&gt;</a>&nbsp;&nbsp;&nbsp;UOC_Parameter_func
</UL>

<P><STRONG><a name="[1d3]"></a>_ffix</STRONG> (Thumb, 76 bytes, Stack size 8 bytes, ffixi.o(.text), UNUSED)

<P><STRONG><a name="[ef]"></a>__aeabi_i2f_normalise</STRONG> (Thumb, 72 bytes, Stack size 0 bytes, fflti.o(.text))
<BR><BR>[Called By]<UL><LI><a href="#[f0]">&gt;&gt;</a>&nbsp;&nbsp;&nbsp;__aeabi_ui2f
<LI><a href="#[ee]">&gt;&gt;</a>&nbsp;&nbsp;&nbsp;__aeabi_i2f
</UL>

<P><STRONG><a name="[ee]"></a>__aeabi_i2f</STRONG> (Thumb, 16 bytes, Stack size 0 bytes, fflti.o(.text), UNUSED)
<BR><BR>[Calls]<UL><LI><a href="#[ef]">&gt;&gt;</a>&nbsp;&nbsp;&nbsp;__aeabi_i2f_normalise
</UL>

<P><STRONG><a name="[1d4]"></a>_fflt</STRONG> (Thumb, 0 bytes, Stack size 0 bytes, fflti.o(.text), UNUSED)

<P><STRONG><a name="[f0]"></a>__aeabi_ui2f</STRONG> (Thumb, 6 bytes, Stack size 0 bytes, fflti.o(.text))
<BR><BR>[Calls]<UL><LI><a href="#[ef]">&gt;&gt;</a>&nbsp;&nbsp;&nbsp;__aeabi_i2f_normalise
</UL>
<BR>[Called By]<UL><LI><a href="#[d]">&gt;&gt;</a>&nbsp;&nbsp;&nbsp;UOC_Spi_Error_E04
</UL>

<P><STRONG><a name="[1d5]"></a>_ffltu</STRONG> (Thumb, 0 bytes, Stack size 0 bytes, fflti.o(.text), UNUSED)

<P><STRONG><a name="[f2]"></a>_printf_pre_padding</STRONG> (Thumb, 44 bytes, Stack size 16 bytes, _printf_pad.o(.text))
<BR><BR>[Stack]<UL><LI>Max Depth = 16<LI>Call Chain = _printf_pre_padding
</UL>
<BR>[Called By]<UL><LI><a href="#[f7]">&gt;&gt;</a>&nbsp;&nbsp;&nbsp;_printf_int_common
<LI><a href="#[f9]">&gt;&gt;</a>&nbsp;&nbsp;&nbsp;_printf_wctomb
<LI><a href="#[f1]">&gt;&gt;</a>&nbsp;&nbsp;&nbsp;_printf_str
</UL>

<P><STRONG><a name="[f3]"></a>_printf_post_padding</STRONG> (Thumb, 34 bytes, Stack size 16 bytes, _printf_pad.o(.text))
<BR><BR>[Stack]<UL><LI>Max Depth = 16<LI>Call Chain = _printf_post_padding
</UL>
<BR>[Called By]<UL><LI><a href="#[f7]">&gt;&gt;</a>&nbsp;&nbsp;&nbsp;_printf_int_common
<LI><a href="#[f9]">&gt;&gt;</a>&nbsp;&nbsp;&nbsp;_printf_wctomb
<LI><a href="#[f1]">&gt;&gt;</a>&nbsp;&nbsp;&nbsp;_printf_str
</UL>

<P><STRONG><a name="[f4]"></a>_printf_truncate_signed</STRONG> (Thumb, 18 bytes, Stack size 0 bytes, _printf_truncate.o(.text))
<BR><BR>[Called By]<UL><LI><a href="#[b5]">&gt;&gt;</a>&nbsp;&nbsp;&nbsp;_printf_int_dec
</UL>

<P><STRONG><a name="[f5]"></a>_printf_truncate_unsigned</STRONG> (Thumb, 18 bytes, Stack size 0 bytes, _printf_truncate.o(.text))
<BR><BR>[Called By]<UL><LI><a href="#[bb]">&gt;&gt;</a>&nbsp;&nbsp;&nbsp;_printf_int_hex
<LI><a href="#[b9]">&gt;&gt;</a>&nbsp;&nbsp;&nbsp;_printf_int_oct
<LI><a href="#[b5]">&gt;&gt;</a>&nbsp;&nbsp;&nbsp;_printf_int_dec
</UL>

<P><STRONG><a name="[f1]"></a>_printf_str</STRONG> (Thumb, 82 bytes, Stack size 16 bytes, _printf_str.o(.text))
<BR><BR>[Stack]<UL><LI>Max Depth = 32<LI>Call Chain = _printf_str &rArr; _printf_post_padding
</UL>
<BR>[Calls]<UL><LI><a href="#[f3]">&gt;&gt;</a>&nbsp;&nbsp;&nbsp;_printf_post_padding
<LI><a href="#[f2]">&gt;&gt;</a>&nbsp;&nbsp;&nbsp;_printf_pre_padding
</UL>
<BR>[Called By]<UL><LI><a href="#[105]">&gt;&gt;</a>&nbsp;&nbsp;&nbsp;_printf_cs_common
</UL>

<P><STRONG><a name="[b5]"></a>_printf_int_dec</STRONG> (Thumb, 90 bytes, Stack size 32 bytes, _printf_dec.o(.text))
<BR><BR>[Stack]<UL><LI>Max Depth = 88<LI>Call Chain = _printf_int_dec &rArr; _printf_int_common &rArr; _printf_post_padding
</UL>
<BR>[Calls]<UL><LI><a href="#[f6]">&gt;&gt;</a>&nbsp;&nbsp;&nbsp;__rt_udiv10
<LI><a href="#[f7]">&gt;&gt;</a>&nbsp;&nbsp;&nbsp;_printf_int_common
<LI><a href="#[f5]">&gt;&gt;</a>&nbsp;&nbsp;&nbsp;_printf_truncate_unsigned
<LI><a href="#[f4]">&gt;&gt;</a>&nbsp;&nbsp;&nbsp;_printf_truncate_signed
</UL>
<BR>[Called By]<UL><LI><a href="#[b6]">&gt;&gt;</a>&nbsp;&nbsp;&nbsp;_printf_u
<LI><a href="#[b4]">&gt;&gt;</a>&nbsp;&nbsp;&nbsp;_printf_d
<LI><a href="#[b3]">&gt;&gt;</a>&nbsp;&nbsp;&nbsp;_printf_i
</UL>

<P><STRONG><a name="[aa]"></a>_printf_charcount</STRONG> (Thumb, 38 bytes, Stack size 0 bytes, _printf_charcount.o(.text))
<BR><BR>[Called By]<UL><LI><a href="#[a8]">&gt;&gt;</a>&nbsp;&nbsp;&nbsp;_printf_n
</UL>

<P><STRONG><a name="[dc]"></a>_printf_char_common</STRONG> (Thumb, 32 bytes, Stack size 64 bytes, _printf_char_common.o(.text))
<BR><BR>[Stack]<UL><LI>Max Depth = 96 + Unknown Stack Size
<LI>Call Chain = _printf_char_common &rArr; __printf
</UL>
<BR>[Calls]<UL><LI><a href="#[f8]">&gt;&gt;</a>&nbsp;&nbsp;&nbsp;__printf
</UL>
<BR>[Called By]<UL><LI><a href="#[db]">&gt;&gt;</a>&nbsp;&nbsp;&nbsp;_vsnprintf
</UL>

<P><STRONG><a name="[dd]"></a>_sputc</STRONG> (Thumb, 10 bytes, Stack size 0 bytes, _sputc.o(.text))
<BR><BR>[Called By]<UL><LI><a href="#[db]">&gt;&gt;</a>&nbsp;&nbsp;&nbsp;_vsnprintf
</UL>

<P><STRONG><a name="[9f]"></a>_snputc</STRONG> (Thumb, 16 bytes, Stack size 0 bytes, _snputc.o(.text))
<BR>[Address Reference Count : 1]<UL><LI> _vsnprintf.o(.text)
</UL>
<P><STRONG><a name="[f9]"></a>_printf_wctomb</STRONG> (Thumb, 182 bytes, Stack size 56 bytes, _printf_wctomb.o(.text))
<BR><BR>[Stack]<UL><LI>Max Depth = 80<LI>Call Chain = _printf_wctomb &rArr; _wcrtomb &rArr; __rt_ctype_table
</UL>
<BR>[Calls]<UL><LI><a href="#[fa]">&gt;&gt;</a>&nbsp;&nbsp;&nbsp;_wcrtomb
<LI><a href="#[f3]">&gt;&gt;</a>&nbsp;&nbsp;&nbsp;_printf_post_padding
<LI><a href="#[f2]">&gt;&gt;</a>&nbsp;&nbsp;&nbsp;_printf_pre_padding
</UL>
<BR>[Called By]<UL><LI><a href="#[107]">&gt;&gt;</a>&nbsp;&nbsp;&nbsp;_printf_lcs_common
</UL>

<P><STRONG><a name="[bd]"></a>_printf_longlong_dec</STRONG> (Thumb, 94 bytes, Stack size 32 bytes, _printf_longlong_dec.o(.text))
<BR><BR>[Stack]<UL><LI>Max Depth = 88<LI>Call Chain = _printf_longlong_dec &rArr; _printf_int_common &rArr; _printf_post_padding
</UL>
<BR>[Calls]<UL><LI><a href="#[f7]">&gt;&gt;</a>&nbsp;&nbsp;&nbsp;_printf_int_common
<LI><a href="#[fb]">&gt;&gt;</a>&nbsp;&nbsp;&nbsp;_ll_udiv10
</UL>
<BR>[Called By]<UL><LI><a href="#[be]">&gt;&gt;</a>&nbsp;&nbsp;&nbsp;_printf_llu
<LI><a href="#[bc]">&gt;&gt;</a>&nbsp;&nbsp;&nbsp;_printf_lld
<LI><a href="#[ba]">&gt;&gt;</a>&nbsp;&nbsp;&nbsp;_printf_lli
</UL>

<P><STRONG><a name="[fc]"></a>_printf_longlong_oct</STRONG> (Thumb, 68 bytes, Stack size 16 bytes, _printf_oct_int_ll.o(.text))
<BR><BR>[Stack]<UL><LI>Max Depth = 72<LI>Call Chain = _printf_longlong_oct &rArr; _printf_int_common &rArr; _printf_post_padding
</UL>
<BR>[Calls]<UL><LI><a href="#[f7]">&gt;&gt;</a>&nbsp;&nbsp;&nbsp;_printf_int_common
</UL>
<BR>[Called By]<UL><LI><a href="#[c1]">&gt;&gt;</a>&nbsp;&nbsp;&nbsp;_printf_ll_oct
<LI><a href="#[b9]">&gt;&gt;</a>&nbsp;&nbsp;&nbsp;_printf_int_oct
</UL>

<P><STRONG><a name="[b9]"></a>_printf_int_oct</STRONG> (Thumb, 24 bytes, Stack size 8 bytes, _printf_oct_int_ll.o(.text))
<BR><BR>[Stack]<UL><LI>Max Depth = 80<LI>Call Chain = _printf_int_oct &rArr; _printf_longlong_oct &rArr; _printf_int_common &rArr; _printf_post_padding
</UL>
<BR>[Calls]<UL><LI><a href="#[fc]">&gt;&gt;</a>&nbsp;&nbsp;&nbsp;_printf_longlong_oct
<LI><a href="#[f5]">&gt;&gt;</a>&nbsp;&nbsp;&nbsp;_printf_truncate_unsigned
</UL>
<BR>[Called By]<UL><LI><a href="#[b7]">&gt;&gt;</a>&nbsp;&nbsp;&nbsp;_printf_o
</UL>

<P><STRONG><a name="[c1]"></a>_printf_ll_oct</STRONG> (Thumb, 10 bytes, Stack size 0 bytes, _printf_oct_int_ll.o(.text))
<BR><BR>[Stack]<UL><LI>Max Depth = 72<LI>Call Chain = _printf_ll_oct &rArr; _printf_longlong_oct &rArr; _printf_int_common &rArr; _printf_post_padding
</UL>
<BR>[Calls]<UL><LI><a href="#[fc]">&gt;&gt;</a>&nbsp;&nbsp;&nbsp;_printf_longlong_oct
</UL>
<BR>[Called By]<UL><LI><a href="#[bf]">&gt;&gt;</a>&nbsp;&nbsp;&nbsp;_printf_llo
</UL>

<P><STRONG><a name="[fd]"></a>_printf_longlong_hex</STRONG> (Thumb, 88 bytes, Stack size 24 bytes, _printf_hex_int_ll_ptr.o(.text))
<BR><BR>[Stack]<UL><LI>Max Depth = 80<LI>Call Chain = _printf_longlong_hex &rArr; _printf_int_common &rArr; _printf_post_padding
</UL>
<BR>[Calls]<UL><LI><a href="#[f7]">&gt;&gt;</a>&nbsp;&nbsp;&nbsp;_printf_int_common
</UL>
<BR>[Called By]<UL><LI><a href="#[ac]">&gt;&gt;</a>&nbsp;&nbsp;&nbsp;_printf_hex_ptr
<LI><a href="#[c3]">&gt;&gt;</a>&nbsp;&nbsp;&nbsp;_printf_ll_hex
<LI><a href="#[bb]">&gt;&gt;</a>&nbsp;&nbsp;&nbsp;_printf_int_hex
</UL>

<P><STRONG><a name="[bb]"></a>_printf_int_hex</STRONG> (Thumb, 28 bytes, Stack size 16 bytes, _printf_hex_int_ll_ptr.o(.text))
<BR><BR>[Stack]<UL><LI>Max Depth = 96<LI>Call Chain = _printf_int_hex &rArr; _printf_longlong_hex &rArr; _printf_int_common &rArr; _printf_post_padding
</UL>
<BR>[Calls]<UL><LI><a href="#[fd]">&gt;&gt;</a>&nbsp;&nbsp;&nbsp;_printf_longlong_hex
<LI><a href="#[f5]">&gt;&gt;</a>&nbsp;&nbsp;&nbsp;_printf_truncate_unsigned
</UL>
<BR>[Called By]<UL><LI><a href="#[b8]">&gt;&gt;</a>&nbsp;&nbsp;&nbsp;_printf_x
</UL>

<P><STRONG><a name="[c3]"></a>_printf_ll_hex</STRONG> (Thumb, 10 bytes, Stack size 0 bytes, _printf_hex_int_ll_ptr.o(.text))
<BR><BR>[Stack]<UL><LI>Max Depth = 80<LI>Call Chain = _printf_ll_hex &rArr; _printf_longlong_hex &rArr; _printf_int_common &rArr; _printf_post_padding
</UL>
<BR>[Calls]<UL><LI><a href="#[fd]">&gt;&gt;</a>&nbsp;&nbsp;&nbsp;_printf_longlong_hex
</UL>
<BR>[Called By]<UL><LI><a href="#[c0]">&gt;&gt;</a>&nbsp;&nbsp;&nbsp;_printf_llx
</UL>

<P><STRONG><a name="[ac]"></a>_printf_hex_ptr</STRONG> (Thumb, 22 bytes, Stack size 8 bytes, _printf_hex_int_ll_ptr.o(.text))
<BR><BR>[Stack]<UL><LI>Max Depth = 88<LI>Call Chain = _printf_hex_ptr &rArr; _printf_longlong_hex &rArr; _printf_int_common &rArr; _printf_post_padding
</UL>
<BR>[Calls]<UL><LI><a href="#[fd]">&gt;&gt;</a>&nbsp;&nbsp;&nbsp;_printf_longlong_hex
</UL>
<BR>[Called By]<UL><LI><a href="#[a9]">&gt;&gt;</a>&nbsp;&nbsp;&nbsp;_printf_p
</UL>

<P><STRONG><a name="[f8]"></a>__printf</STRONG> (Thumb, 386 bytes, Stack size 32 bytes, __printf_flags_ss_wp.o(.text))
<BR><BR>[Stack]<UL><LI>Max Depth = 32 + Unknown Stack Size
<LI>Call Chain = __printf
</UL>
<BR>[Calls]<UL><LI><a href="#[ff]">&gt;&gt;</a>&nbsp;&nbsp;&nbsp;_printf_percent
<LI><a href="#[fe]">&gt;&gt;</a>&nbsp;&nbsp;&nbsp;_is_digit
</UL>
<BR>[Called By]<UL><LI><a href="#[dc]">&gt;&gt;</a>&nbsp;&nbsp;&nbsp;_printf_char_common
</UL>

<P><STRONG><a name="[100]"></a>__fpl_dcmp_InfNaN</STRONG> (Thumb, 140 bytes, Stack size 24 bytes, dcmpin.o(.text), UNUSED)
<BR><BR>[Calls]<UL><LI><a href="#[102]">&gt;&gt;</a>&nbsp;&nbsp;&nbsp;__fpl_dcheck_NaN2
<LI><a href="#[101]">&gt;&gt;</a>&nbsp;&nbsp;&nbsp;__fpl_cmpreturn
</UL>
<BR>[Called By]<UL><LI><a href="#[19c]">&gt;&gt;</a>&nbsp;&nbsp;&nbsp;_drcmple
</UL>

<P><STRONG><a name="[103]"></a>__fpl_fcmp_InfNaN</STRONG> (Thumb, 96 bytes, Stack size 8 bytes, fcmpin.o(.text), UNUSED)
<BR><BR>[Calls]<UL><LI><a href="#[104]">&gt;&gt;</a>&nbsp;&nbsp;&nbsp;__fpl_fcheck_NaN2
[...]
</UL>
<BR>[Calls]<UL><LI><a href="#[198]">&gt;&gt;</a>&nbsp;&nbsp;&nbsp;production_test_main
<LI><a href="#[115]">&gt;&gt;</a>&nbsp;&nbsp;&nbsp;dbg_printf
<LI><a href="#[199]">&gt;&gt;</a>&nbsp;&nbsp;&nbsp;UOC_spi_read_data_cycle
<LI><a href="#[179]">&gt;&gt;</a>&nbsp;&nbsp;&nbsp;UART_RxGet
<LI><a href="#[178]">&gt;&gt;</a>&nbsp;&nbsp;&nbsp;UART_RxFlag
<LI><a href="#[174]">&gt;&gt;</a>&nbsp;&nbsp;&nbsp;System_Funtion
<LI><a href="#[14b]">&gt;&gt;</a>&nbsp;&nbsp;&nbsp;Input_Detection
<LI><a href="#[13e]">&gt;&gt;</a>&nbsp;&nbsp;&nbsp;FL_Init
<LI><a href="#[117]">&gt;&gt;</a>&nbsp;&nbsp;&nbsp;Debug_Display
<LI><a href="#[194]">&gt;&gt;</a>&nbsp;&nbsp;&nbsp;sys_control_init
<LI><a href="#[193]">&gt;&gt;</a>&nbsp;&nbsp;&nbsp;UOC_sys_data_init
<LI><a href="#[164]">&gt;&gt;</a>&nbsp;&nbsp;&nbsp;MF_SystemClock_Config
<LI><a href="#[156]">&gt;&gt;</a>&nbsp;&nbsp;&nbsp;MF_Config_Init
<LI><a href="#[197]">&gt;&gt;</a>&nbsp;&nbsp;&nbsp;MF_Clock_Init
</UL>
<BR>[Called By]<UL><LI><a href="#[d4]">&gt;&gt;</a>&nbsp;&nbsp;&nbsp;__rt_entry_main
</UL>

<P><STRONG><a name="[19a]"></a>production_test_flag_close</STRONG> (Thumb, 196 bytes, Stack size 8 bytes, production_test.o(i.production_test_flag_close))
<BR><BR>[Stack]<UL><LI>Max Depth = 80<LI>Call Chain = production_test_flag_close &rArr; I2C_Display &rArr; I2C_Write_Display &rArr; Wait_for_end &rArr; I2C_Send_Bit
</UL>
<BR>[Calls]<UL><LI><a href="#[180]">&gt;&gt;</a>&nbsp;&nbsp;&nbsp;led_display
<LI><a href="#[113]">&gt;&gt;</a>&nbsp;&nbsp;&nbsp;Output_Control
<LI><a href="#[121]">&gt;&gt;</a>&nbsp;&nbsp;&nbsp;I2C_Display
</UL>
<BR>[Called By]<UL><LI><a href="#[67]">&gt;&gt;</a>&nbsp;&nbsp;&nbsp;production_test_model4
<LI><a href="#[66]">&gt;&gt;</a>&nbsp;&nbsp;&nbsp;production_test_model3
<LI><a href="#[65]">&gt;&gt;</a>&nbsp;&nbsp;&nbsp;production_test_model2
<LI><a href="#[64]">&gt;&gt;</a>&nbsp;&nbsp;&nbsp;production_test_model1
</UL>

<P><STRONG><a name="[198]"></a>production_test_main</STRONG> (Thumb, 38 bytes, Stack size 16 bytes, production_test.o(i.production_test_main))
<BR><BR>[Stack]<UL><LI>Max Depth = 160 + Unknown Stack Size
<LI>Call Chain = production_test_main &rArr; dbg_printf &rArr; _vsnprintf &rArr; _printf_char_common &rArr; __printf
</UL>
<BR>[Calls]<UL><LI><a href="#[115]">&gt;&gt;</a>&nbsp;&nbsp;&nbsp;dbg_printf
<LI><a href="#[195]">&gt;&gt;</a>&nbsp;&nbsp;&nbsp;key_func_cyc
<LI><a href="#[150]">&gt;&gt;</a>&nbsp;&nbsp;&nbsp;Join_Production_Test
</UL>
<BR>[Called By]<UL><LI><a href="#[d5]">&gt;&gt;</a>&nbsp;&nbsp;&nbsp;main
</UL>

<P><STRONG><a name="[63]"></a>production_test_model</STRONG> (Thumb, 164 bytes, Stack size 8 bytes, production_test.o(i.production_test_model))
<BR><BR>[Stack]<UL><LI>Max Depth = 80<LI>Call Chain = production_test_model &rArr; I2C_Display &rArr; I2C_Write_Display &rArr; Wait_for_end &rArr; I2C_Send_Bit
</UL>
<BR>[Calls]<UL><LI><a href="#[180]">&gt;&gt;</a>&nbsp;&nbsp;&nbsp;led_display
<LI><a href="#[121]">&gt;&gt;</a>&nbsp;&nbsp;&nbsp;I2C_Display
</UL>
<BR>[Address Reference Count : 1]<UL><LI> production_test.o(.data)
</UL>
<P><STRONG><a name="[64]"></a>production_test_model1</STRONG> (Thumb, 58 bytes, Stack size 16 bytes, production_test.o(i.production_test_model1))
<BR><BR>[Stack]<UL><LI>Max Depth = 96<LI>Call Chain = production_test_model1 &rArr; production_test_flag_close &rArr; I2C_Display &rArr; I2C_Write_Display &rArr; Wait_for_end &rArr; I2C_Send_Bit
</UL>
<BR>[Calls]<UL><LI><a href="#[19a]">&gt;&gt;</a>&nbsp;&nbsp;&nbsp;production_test_flag_close
</UL>
<BR>[Address Reference Count : 1]<UL><LI> production_test.o(.data)
</UL>
<P><STRONG><a name="[65]"></a>production_test_model2</STRONG> (Thumb, 232 bytes, Stack size 24 bytes, production_test.o(i.production_test_model2))
<BR><BR>[Stack]<UL><LI>Max Depth = 104<LI>Call Chain = production_test_model2 &rArr; production_test_flag_close &rArr; I2C_Display &rArr; I2C_Write_Display &rArr; Wait_for_end &rArr; I2C_Send_Bit
</UL>
<BR>[Calls]<UL><LI><a href="#[121]">&gt;&gt;</a>&nbsp;&nbsp;&nbsp;I2C_Display
<LI><a href="#[137]">&gt;&gt;</a>&nbsp;&nbsp;&nbsp;__aeabi_uidivmod
<LI><a href="#[19a]">&gt;&gt;</a>&nbsp;&nbsp;&nbsp;production_test_flag_close
</UL>
<BR>[Address Reference Count : 1]<UL><LI> production_test.o(.data)
</UL>
<P><STRONG><a name="[66]"></a>production_test_model3</STRONG> (Thumb, 334 bytes, Stack size 16 bytes, production_test.o(i.production_test_model3))
<BR><BR>[Stack]<UL><LI>Max Depth = 96<LI>Call Chain = production_test_model3 &rArr; production_test_flag_close &rArr; I2C_Display &rArr; I2C_Write_Display &rArr; Wait_for_end &rArr; I2C_Send_Bit
</UL>
<BR>[Calls]<UL><LI><a href="#[113]">&gt;&gt;</a>&nbsp;&nbsp;&nbsp;Output_Control
<LI><a href="#[192]">&gt;&gt;</a>&nbsp;&nbsp;&nbsp;MF_SysTemRest
<LI><a href="#[19a]">&gt;&gt;</a>&nbsp;&nbsp;&nbsp;production_test_flag_close
<LI><a href="#[151]">&gt;&gt;</a>&nbsp;&nbsp;&nbsp;FL_GPIO_GetInputPin
</UL>
<BR>[Address Reference Count : 1]<UL><LI> production_test.o(.data)
</UL>
<P><STRONG><a name="[67]"></a>production_test_model4</STRONG> (Thumb, 112 bytes, Stack size 16 bytes, production_test.o(i.production_test_model4))
<BR><BR>[Stack]<UL><LI>Max Depth = 96<LI>Call Chain = production_test_model4 &rArr; production_test_flag_close &rArr; I2C_Display &rArr; I2C_Write_Display &rArr; Wait_for_end &rArr; I2C_Send_Bit
</UL>
<BR>[Calls]<UL><LI><a href="#[113]">&gt;&gt;</a>&nbsp;&nbsp;&nbsp;Output_Control
<LI><a href="#[19a]">&gt;&gt;</a>&nbsp;&nbsp;&nbsp;production_test_flag_close
</UL>
<BR>[Address Reference Count : 1]<UL><LI> production_test.o(.data)
</UL>
<P><STRONG><a name="[194]"></a>sys_control_init</STRONG> (Thumb, 116 bytes, Stack size 8 bytes, main.o(i.sys_control_init))
<BR><BR>[Stack]<UL><LI>Max Depth = 40<LI>Call Chain = sys_control_init &rArr; Control_Ordinary_Fan &rArr; Control_R03R04R05R06_Function
</UL>
<BR>[Calls]<UL><LI><a href="#[113]">&gt;&gt;</a>&nbsp;&nbsp;&nbsp;Output_Control
<LI><a href="#[114]">&gt;&gt;</a>&nbsp;&nbsp;&nbsp;Control_R03R04R05R06_Function
<LI><a href="#[112]">&gt;&gt;</a>&nbsp;&nbsp;&nbsp;Control_Ordinary_Fan
<LI><a href="#[111]">&gt;&gt;</a>&nbsp;&nbsp;&nbsp;Control_High_Speed_Fan
</UL>
<BR>[Called By]<UL><LI><a href="#[d5]">&gt;&gt;</a>&nbsp;&nbsp;&nbsp;main
<LI><a href="#[193]">&gt;&gt;</a>&nbsp;&nbsp;&nbsp;UOC_sys_data_init
</UL>

<P><STRONG><a name="[116]"></a>uoc_ERR_Flag_clean</STRONG> (Thumb, 26 bytes, Stack size 0 bytes, button_function.o(i.uoc_ERR_Flag_clean))
<BR><BR>[Called By]<UL><LI><a href="#[13]">&gt;&gt;</a>&nbsp;&nbsp;&nbsp;UOC_Spi_Error_E10
<LI><a href="#[12]">&gt;&gt;</a>&nbsp;&nbsp;&nbsp;UOC_Spi_Error_E09
<LI><a href="#[f]">&gt;&gt;</a>&nbsp;&nbsp;&nbsp;UOC_Spi_Error_E06
<LI><a href="#[e]">&gt;&gt;</a>&nbsp;&nbsp;&nbsp;UOC_Spi_Error_E05
<LI><a href="#[d]">&gt;&gt;</a>&nbsp;&nbsp;&nbsp;UOC_Spi_Error_E04
<LI><a href="#[c]">&gt;&gt;</a>&nbsp;&nbsp;&nbsp;UOC_Spi_Error_E03
<LI><a href="#[b]">&gt;&gt;</a>&nbsp;&nbsp;&nbsp;UOC_Spi_Error_E02
<LI><a href="#[a]">&gt;&gt;</a>&nbsp;&nbsp;&nbsp;UOC_Spi_Error_E01
<LI><a href="#[9]">&gt;&gt;</a>&nbsp;&nbsp;&nbsp;UOC_Spi_Error_E00
<LI><a href="#[112]">&gt;&gt;</a>&nbsp;&nbsp;&nbsp;Control_Ordinary_Fan
<LI><a href="#[111]">&gt;&gt;</a>&nbsp;&nbsp;&nbsp;Control_High_Speed_Fan
<LI><a href="#[5a]">&gt;&gt;</a>&nbsp;&nbsp;&nbsp;UOC_DI6_FUNC
<LI><a href="#[59]">&gt;&gt;</a>&nbsp;&nbsp;&nbsp;UOC_DI5_FUNC
<LI><a href="#[14e]">&gt;&gt;</a>&nbsp;&nbsp;&nbsp;Smoke_Check_Function_Cycle
<LI><a href="#[10f]">&gt;&gt;</a>&nbsp;&nbsp;&nbsp;Control_DI7_DI14_Function
</UL>

<P><STRONG><a name="[a1]"></a>_get_lc_ctype</STRONG> (Thumb, 44 bytes, Stack size 8 bytes, lc_ctype_c.o(locale$$code))
<BR><BR>[Stack]<UL><LI>Max Depth = 24<LI>Call Chain = _get_lc_ctype &rArr; strcmp
</UL>
<BR>[Calls]<UL><LI><a href="#[19b]">&gt;&gt;</a>&nbsp;&nbsp;&nbsp;strcmp
</UL>
<BR>[Called By]<UL><LI><a href="#[cf]">&gt;&gt;</a>&nbsp;&nbsp;&nbsp;__rt_lib_init_lc_ctype_2
</UL>
<BR>[Address Reference Count : 1]<UL><LI> rt_ctype_table.o(.text)
</UL>
<P><STRONG><a name="[17e]"></a>__aeabi_cdrcmple</STRONG> (Thumb, 0 bytes, Stack size 32 bytes, drlef.o(x$fpl$drleqf))
<BR><BR>[Stack]<UL><LI>Max Depth = 32<LI>Call Chain = __aeabi_cdrcmple
</UL>
<BR>[Called By]<UL><LI><a href="#[13]">&gt;&gt;</a>&nbsp;&nbsp;&nbsp;UOC_Spi_Error_E10
<LI><a href="#[14d]">&gt;&gt;</a>&nbsp;&nbsp;&nbsp;UOC_DI_timemout_deal
</UL>

<P><STRONG><a name="[19c]"></a>_drcmple</STRONG> (Thumb, 100 bytes, Stack size 32 bytes, drlef.o(x$fpl$drleqf), UNUSED)
<BR><BR>[Calls]<UL><LI><a href="#[100]">&gt;&gt;</a>&nbsp;&nbsp;&nbsp;__fpl_dcmp_InfNaN
</UL>

<P><STRONG><a name="[18b]"></a>__aeabi_cfcmple</STRONG> (Thumb, 0 bytes, Stack size 8 bytes, flef.o(x$fpl$fleqf))
<BR><BR>[Stack]<UL><LI>Max Depth = 8<LI>Call Chain = __aeabi_cfcmple
</UL>
<BR>[Called By]<UL><LI><a href="#[d]">&gt;&gt;</a>&nbsp;&nbsp;&nbsp;UOC_Spi_Error_E04
</UL>

<P><STRONG><a name="[19d]"></a>_fcmple</STRONG> (Thumb, 78 bytes, Stack size 8 bytes, flef.o(x$fpl$fleqf), UNUSED)
<BR><BR>[Calls]<UL><LI><a href="#[103]">&gt;&gt;</a>&nbsp;&nbsp;&nbsp;__fpl_fcmp_InfNaN
</UL>

<P><STRONG><a name="[188]"></a>__aeabi_fmul</STRONG> (Thumb, 0 bytes, Stack size 16 bytes, fmul.o(x$fpl$fmul))
<BR><BR>[Stack]<UL><LI>Max Depth = 16<LI>Call Chain = __aeabi_fmul
</UL>
<BR>[Called By]<UL><LI><a href="#[d]">&gt;&gt;</a>&nbsp;&nbsp;&nbsp;UOC_Spi_Error_E04
<LI><a href="#[c]">&gt;&gt;</a>&nbsp;&nbsp;&nbsp;UOC_Spi_Error_E03
<LI><a href="#[b]">&gt;&gt;</a>&nbsp;&nbsp;&nbsp;UOC_Spi_Error_E02
<LI><a href="#[7]">&gt;&gt;</a>&nbsp;&nbsp;&nbsp;UOC_Spi_Display_Para
<LI><a href="#[187]">&gt;&gt;</a>&nbsp;&nbsp;&nbsp;UOC_Parameter_func
</UL>

<P><STRONG><a name="[1dd]"></a>_fmul</STRONG> (Thumb, 172 bytes, Stack size 16 bytes, fmul.o(x$fpl$fmul), UNUSED)

<P><STRONG><a name="[18d]"></a>__aeabi_cfrcmple</STRONG> (Thumb, 0 bytes, Stack size 8 bytes, frlef.o(x$fpl$frleqf))
<BR><BR>[Stack]<UL><LI>Max Depth = 8<LI>Call Chain = __aeabi_cfrcmple
</UL>
<BR>[Called By]<UL><LI><a href="#[13]">&gt;&gt;</a>&nbsp;&nbsp;&nbsp;UOC_Spi_Error_E10
<LI><a href="#[12]">&gt;&gt;</a>&nbsp;&nbsp;&nbsp;UOC_Spi_Error_E09
</UL>

<P><STRONG><a name="[19e]"></a>_frcmple</STRONG> (Thumb, 84 bytes, Stack size 8 bytes, frlef.o(x$fpl$frleqf), UNUSED)
<BR><BR>[Calls]<UL><LI><a href="#[103]">&gt;&gt;</a>&nbsp;&nbsp;&nbsp;__fpl_fcmp_InfNaN
</UL>
<P>
<H3>
Local Symbols
</H3>
<P><STRONG><a name="[16c]"></a>FL_SPI_SetSSNPin</STRONG> (Thumb, 12 bytes, Stack size 0 bytes, spi.o(i.FL_SPI_SetSSNPin))
<BR><BR>[Called By]<UL><LI><a href="#[16a]">&gt;&gt;</a>&nbsp;&nbsp;&nbsp;SPI_Read_Cmd
<LI><a href="#[169]">&gt;&gt;</a>&nbsp;&nbsp;&nbsp;SPI_ReadWrite
</UL>

<P><STRONG><a name="[173]"></a>SystemPLLClockUpdate</STRONG> (Thumb, 130 bytes, Stack size 8 bytes, system_fm33le0xx.o(i.SystemPLLClockUpdate))
<BR><BR>[Stack]<UL><LI>Max Depth = 16<LI>Call Chain = SystemPLLClockUpdate &rArr; __ARM_common_switch8
</UL>
<BR>[Calls]<UL><LI><a href="#[110]">&gt;&gt;</a>&nbsp;&nbsp;&nbsp;__ARM_common_switch8
<LI><a href="#[137]">&gt;&gt;</a>&nbsp;&nbsp;&nbsp;__aeabi_uidivmod
</UL>
<BR>[Called By]<UL><LI><a href="#[16f]">&gt;&gt;</a>&nbsp;&nbsp;&nbsp;SystemCoreClockUpdate
</UL>

<P><STRONG><a name="[12d]"></a>FL_DMA_EnableChannel</STRONG> (Thumb, 26 bytes, Stack size 0 bytes, fm33le0xx_fl_flash.o(i.FL_DMA_EnableChannel))
<BR><BR>[Called By]<UL><LI><a href="#[12f]">&gt;&gt;</a>&nbsp;&nbsp;&nbsp;FL_FLASH_Write_Dma
<LI><a href="#[128]">&gt;&gt;</a>&nbsp;&nbsp;&nbsp;FL_FLASH_Read_Dma
</UL>

<P><STRONG><a name="[12e]"></a>FL_DMA_IsActiveFlag_TransferComplete</STRONG> (Thumb, 20 bytes, Stack size 0 bytes, fm33le0xx_fl_flash.o(i.FL_DMA_IsActiveFlag_TransferComplete))
<BR><BR>[Called By]<UL><LI><a href="#[12f]">&gt;&gt;</a>&nbsp;&nbsp;&nbsp;FL_FLASH_Write_Dma
<LI><a href="#[128]">&gt;&gt;</a>&nbsp;&nbsp;&nbsp;FL_FLASH_Read_Dma
</UL>

<P><STRONG><a name="[12b]"></a>FL_DMA_WriteMemoryAddress</STRONG> (Thumb, 20 bytes, Stack size 0 bytes, fm33le0xx_fl_flash.o(i.FL_DMA_WriteMemoryAddress))
<BR><BR>[Called By]<UL><LI><a href="#[12f]">&gt;&gt;</a>&nbsp;&nbsp;&nbsp;FL_FLASH_Write_Dma
<LI><a href="#[128]">&gt;&gt;</a>&nbsp;&nbsp;&nbsp;FL_FLASH_Read_Dma
</UL>

<P><STRONG><a name="[12c]"></a>FL_DMA_WriteTransmissionSize</STRONG> (Thumb, 30 bytes, Stack size 0 bytes, fm33le0xx_fl_flash.o(i.FL_DMA_WriteTransmissionSize))
<BR><BR>[Called By]<UL><LI><a href="#[12f]">&gt;&gt;</a>&nbsp;&nbsp;&nbsp;FL_FLASH_Write_Dma
<LI><a href="#[128]">&gt;&gt;</a>&nbsp;&nbsp;&nbsp;FL_FLASH_Read_Dma
</UL>

<P><STRONG><a name="[125]"></a>FL_FLASH_EnableErase</STRONG> (Thumb, 18 bytes, Stack size 0 bytes, fm33le0xx_fl_flash.o(i.FL_FLASH_EnableErase))
<BR><BR>[Called By]<UL><LI><a href="#[122]">&gt;&gt;</a>&nbsp;&nbsp;&nbsp;FL_FLASH_PageErase
</UL>

<P><STRONG><a name="[130]"></a>FL_FLASH_EnableProgram</STRONG> (Thumb, 18 bytes, Stack size 0 bytes, fm33le0xx_fl_flash.o(i.FL_FLASH_EnableProgram))
<BR><BR>[Called By]<UL><LI><a href="#[12f]">&gt;&gt;</a>&nbsp;&nbsp;&nbsp;FL_FLASH_Write_Dma
</UL>

<P><STRONG><a name="[127]"></a>FL_RCC_DisableGroup2BusClock</STRONG> (Thumb, 10 bytes, Stack size 0 bytes, fm33le0xx_fl_flash.o(i.FL_RCC_DisableGroup2BusClock))
<BR><BR>[Called By]<UL><LI><a href="#[12f]">&gt;&gt;</a>&nbsp;&nbsp;&nbsp;FL_FLASH_Write_Dma
<LI><a href="#[122]">&gt;&gt;</a>&nbsp;&nbsp;&nbsp;FL_FLASH_PageErase
</UL>

<P><STRONG><a name="[126]"></a>FL_RCC_DisableGroup2OperationClock</STRONG> (Thumb, 10 bytes, Stack size 0 bytes, fm33le0xx_fl_flash.o(i.FL_RCC_DisableGroup2OperationClock))
<BR><BR>[Called By]<UL><LI><a href="#[12f]">&gt;&gt;</a>&nbsp;&nbsp;&nbsp;FL_FLASH_Write_Dma
<LI><a href="#[122]">&gt;&gt;</a>&nbsp;&nbsp;&nbsp;FL_FLASH_PageErase
</UL>

<P><STRONG><a name="[123]"></a>FL_RCC_EnableGroup2BusClock</STRONG> (Thumb, 10 bytes, Stack size 0 bytes, fm33le0xx_fl_flash.o(i.FL_RCC_EnableGroup2BusClock))
<BR><BR>[Called By]<UL><LI><a href="#[12f]">&gt;&gt;</a>&nbsp;&nbsp;&nbsp;FL_FLASH_Write_Dma
<LI><a href="#[122]">&gt;&gt;</a>&nbsp;&nbsp;&nbsp;FL_FLASH_PageErase
</UL>

<P><STRONG><a name="[124]"></a>FL_RCC_EnableGroup2OperationClock</STRONG> (Thumb, 10 bytes, Stack size 0 bytes, fm33le0xx_fl_flash.o(i.FL_RCC_EnableGroup2OperationClock))
<BR><BR>[Called By]<UL><LI><a href="#[12f]">&gt;&gt;</a>&nbsp;&nbsp;&nbsp;FL_FLASH_Write_Dma
<LI><a href="#[122]">&gt;&gt;</a>&nbsp;&nbsp;&nbsp;FL_FLASH_PageErase
</UL>

<P><STRONG><a name="[132]"></a>FL_GPIO_SetPinMode</STRONG> (Thumb, 20 bytes, Stack size 8 bytes, fm33le0xx_fl_gpio.o(i.FL_GPIO_SetPinMode))
<BR><BR>[Stack]<UL><LI>Max Depth = 8<LI>Call Chain = FL_GPIO_SetPinMode
</UL>
<BR>[Called By]<UL><LI><a href="#[131]">&gt;&gt;</a>&nbsp;&nbsp;&nbsp;FL_GPIO_Init
</UL>

<P><STRONG><a name="[134]"></a>FL_RCC_EnableGroup4BusClock</STRONG> (Thumb, 10 bytes, Stack size 0 bytes, fm33le0xx_fl_gptim.o(i.FL_RCC_EnableGroup4BusClock))
<BR><BR>[Called By]<UL><LI><a href="#[133]">&gt;&gt;</a>&nbsp;&nbsp;&nbsp;FL_GPTIM_Init
</UL>

<P><STRONG><a name="[144]"></a>FL_RCC_EnableGroup3BusClock</STRONG> (Thumb, 10 bytes, Stack size 0 bytes, fm33le0xx_fl_uart.o(i.FL_RCC_EnableGroup3BusClock))
<BR><BR>[Called By]<UL><LI><a href="#[143]">&gt;&gt;</a>&nbsp;&nbsp;&nbsp;FL_UART_Init
</UL>

<P><STRONG><a name="[153]"></a>FL_GPIO_GetInputPin</STRONG> (Thumb, 18 bytes, Stack size 0 bytes, button_function.o(i.FL_GPIO_GetInputPin))
<BR><BR>[Called By]<UL><LI><a href="#[154]">&gt;&gt;</a>&nbsp;&nbsp;&nbsp;Key_release
<LI><a href="#[152]">&gt;&gt;</a>&nbsp;&nbsp;&nbsp;Key_press
</UL>

<P><STRONG><a name="[17a]"></a>FL_GPIO_GetInputPin</STRONG> (Thumb, 18 bytes, Stack size 0 bytes, system_control.o(i.FL_GPIO_GetInputPin))
<BR><BR>[Called By]<UL><LI><a href="#[5d]">&gt;&gt;</a>&nbsp;&nbsp;&nbsp;UOC_DI9_FUNC
<LI><a href="#[5c]">&gt;&gt;</a>&nbsp;&nbsp;&nbsp;UOC_DI8_FUNC
<LI><a href="#[5b]">&gt;&gt;</a>&nbsp;&nbsp;&nbsp;UOC_DI7_FUNC
<LI><a href="#[5a]">&gt;&gt;</a>&nbsp;&nbsp;&nbsp;UOC_DI6_FUNC
<LI><a href="#[59]">&gt;&gt;</a>&nbsp;&nbsp;&nbsp;UOC_DI5_FUNC
<LI><a href="#[58]">&gt;&gt;</a>&nbsp;&nbsp;&nbsp;UOC_DI4_FUNC
<LI><a href="#[57]">&gt;&gt;</a>&nbsp;&nbsp;&nbsp;UOC_DI3_FUNC
<LI><a href="#[56]">&gt;&gt;</a>&nbsp;&nbsp;&nbsp;UOC_DI2_FUNC
<LI><a href="#[55]">&gt;&gt;</a>&nbsp;&nbsp;&nbsp;UOC_DI1_FUNC
<LI><a href="#[62]">&gt;&gt;</a>&nbsp;&nbsp;&nbsp;UOC_DI14_FUNC
<LI><a href="#[61]">&gt;&gt;</a>&nbsp;&nbsp;&nbsp;UOC_DI13_FUNC
<LI><a href="#[60]">&gt;&gt;</a>&nbsp;&nbsp;&nbsp;UOC_DI12_FUNC
<LI><a href="#[5f]">&gt;&gt;</a>&nbsp;&nbsp;&nbsp;UOC_DI11_FUNC
<LI><a href="#[5e]">&gt;&gt;</a>&nbsp;&nbsp;&nbsp;UOC_DI10_FUNC
<LI><a href="#[54]">&gt;&gt;</a>&nbsp;&nbsp;&nbsp;UOC_DI0_FUNC
</UL>

<P><STRONG><a name="[151]"></a>FL_GPIO_GetInputPin</STRONG> (Thumb, 18 bytes, Stack size 0 bytes, production_test.o(i.FL_GPIO_GetInputPin))
<BR><BR>[Called By]<UL><LI><a href="#[66]">&gt;&gt;</a>&nbsp;&nbsp;&nbsp;production_test_model3
<LI><a href="#[71]">&gt;&gt;</a>&nbsp;&nbsp;&nbsp;TEST_UOC_DI9_FUNC
<LI><a href="#[70]">&gt;&gt;</a>&nbsp;&nbsp;&nbsp;TEST_UOC_DI8_FUNC
<LI><a href="#[6f]">&gt;&gt;</a>&nbsp;&nbsp;&nbsp;TEST_UOC_DI7_FUNC
<LI><a href="#[6e]">&gt;&gt;</a>&nbsp;&nbsp;&nbsp;TEST_UOC_DI6_FUNC
<LI><a href="#[6d]">&gt;&gt;</a>&nbsp;&nbsp;&nbsp;TEST_UOC_DI5_FUNC
<LI><a href="#[6c]">&gt;&gt;</a>&nbsp;&nbsp;&nbsp;TEST_UOC_DI4_FUNC
<LI><a href="#[6b]">&gt;&gt;</a>&nbsp;&nbsp;&nbsp;TEST_UOC_DI3_FUNC
<LI><a href="#[6a]">&gt;&gt;</a>&nbsp;&nbsp;&nbsp;TEST_UOC_DI2_FUNC
<LI><a href="#[69]">&gt;&gt;</a>&nbsp;&nbsp;&nbsp;TEST_UOC_DI1_FUNC
<LI><a href="#[76]">&gt;&gt;</a>&nbsp;&nbsp;&nbsp;TEST_UOC_DI14_FUNC
<LI><a href="#[75]">&gt;&gt;</a>&nbsp;&nbsp;&nbsp;TEST_UOC_DI13_FUNC
<LI><a href="#[74]">&gt;&gt;</a>&nbsp;&nbsp;&nbsp;TEST_UOC_DI12_FUNC
<LI><a href="#[73]">&gt;&gt;</a>&nbsp;&nbsp;&nbsp;TEST_UOC_DI11_FUNC
<LI><a href="#[72]">&gt;&gt;</a>&nbsp;&nbsp;&nbsp;TEST_UOC_DI10_FUNC
<LI><a href="#[68]">&gt;&gt;</a>&nbsp;&nbsp;&nbsp;TEST_UOC_DI0_FUNC
<LI><a href="#[167]">&gt;&gt;</a>&nbsp;&nbsp;&nbsp;Production_Test_Key_release
<LI><a href="#[166]">&gt;&gt;</a>&nbsp;&nbsp;&nbsp;Production_Test_Key_press
<LI><a href="#[150]">&gt;&gt;</a>&nbsp;&nbsp;&nbsp;Join_Production_Test
</UL>

<P><STRONG><a name="[e6]"></a>_dadd1</STRONG> (Thumb, 290 bytes, Stack size 20 bytes, daddsub.o(.text), UNUSED)
<BR><BR>[Called By]<UL><LI><a href="#[e8]">&gt;&gt;</a>&nbsp;&nbsp;&nbsp;_drsb
<LI><a href="#[e7]">&gt;&gt;</a>&nbsp;&nbsp;&nbsp;_dsub
<LI><a href="#[e4]">&gt;&gt;</a>&nbsp;&nbsp;&nbsp;_dadd
</UL>

<P><STRONG><a name="[e5]"></a>_dsub1</STRONG> (Thumb, 470 bytes, Stack size 40 bytes, daddsub.o(.text), UNUSED)
<BR><BR>[Called By]<UL><LI><a href="#[e8]">&gt;&gt;</a>&nbsp;&nbsp;&nbsp;_drsb
<LI><a href="#[e7]">&gt;&gt;</a>&nbsp;&nbsp;&nbsp;_dsub
<LI><a href="#[e4]">&gt;&gt;</a>&nbsp;&nbsp;&nbsp;_dadd
</UL>

<P><STRONG><a name="[a0]"></a>_printf_input_char</STRONG> (Thumb, 10 bytes, Stack size 0 bytes, _printf_char_common.o(.text))
<BR>[Address Reference Count : 1]<UL><LI> _printf_char_common.o(.text)
</UL><P>
<H3>
Undefined Global Symbols
</H3>
<P><STRONG><a name="[10d]"></a>_call_atexit_fns</STRONG> (ARM, 0 bytes, Stack size 0 bytes, UNDEFINED)
<BR><BR>[Called By]<UL><LI><a href="#[d6]">&gt;&gt;</a>&nbsp;&nbsp;&nbsp;exit
</UL>

<P><STRONG><a name="[ae]"></a>_printf_fp_dec</STRONG> (Unknown, 0 bytes, Stack size 0 bytes, UNDEFINED)
<BR><BR>[Called By]<UL><LI><a href="#[af]">&gt;&gt;</a>&nbsp;&nbsp;&nbsp;_printf_g
<LI><a href="#[ad]">&gt;&gt;</a>&nbsp;&nbsp;&nbsp;_printf_e
<LI><a href="#[ab]">&gt;&gt;</a>&nbsp;&nbsp;&nbsp;_printf_f
</UL>

<P><STRONG><a name="[b2]"></a>_printf_fp_hex</STRONG> (Unknown, 0 bytes, Stack size 0 bytes, UNDEFINED)
<BR><BR>[Called By]<UL><LI><a href="#[b0]">&gt;&gt;</a>&nbsp;&nbsp;&nbsp;_printf_a
</UL>

<P><STRONG><a name="[106]"></a>_printf_mbtowc</STRONG> (ARM, 0 bytes, Stack size 0 bytes, UNDEFINED)
<BR><BR>[Called By]<UL><LI><a href="#[105]">&gt;&gt;</a>&nbsp;&nbsp;&nbsp;_printf_cs_common
</UL>

<P><STRONG><a name="[108]"></a>_printf_wc</STRONG> (ARM, 0 bytes, Stack size 0 bytes, UNDEFINED)
<BR><BR>[Called By]<UL><LI><a href="#[107]">&gt;&gt;</a>&nbsp;&nbsp;&nbsp;_printf_lcs_common
</UL>
<HR></body></html>
