<html>
<body>
<pre>
<h1>µVision Build Log</h1>
<h2>Tool Versions:</h2>
IDE-Version: ¦ÌVision V5.14.0.0
Copyright (C) 2015 ARM Ltd and ARM Germany GmbH. All rights reserved.
License Information: gcs gcs, gcswork, LIC=D0DUH-WV0UE-9GA70-B26UA-FC8LR-U8JX7
 
Tool Versions:
Toolchain:       MDK-ARM Standard  Version: 5.14.0.0
Toolchain Path:  C:\Keil_v5\ARM\ARMCC\Bin
C Compiler:      Armcc.exe V5.05 update 1 (build 106)
Assembler:       Armasm.exe V5.05 update 1 (build 106)
Linker/Locator:  ArmLink.exe V5.05 update 1 (build 106)
Library Manager: ArmAr.exe V5.05 update 1 (build 106)
Hex Converter:   FromElf.exe V5.05 update 1 (build 106)
CPU DLL:         SARMCM3.DLL V5.14.0.0
Dialog DLL:      DARMCM1.DLL V1.12.0.0
Target DLL:      Segger\JL2CM3.dll V2.99.13.0
Dialog DLL:      TARMCM1.DLL V1.9.0.0
 
<h2>Project:</h2>
G:\xiaofang\fm33le0_xf\MDK-ARM\FM33LE0XX_xf.uvprojx
Project File Date:  11/08/2022

<h2>Output:</h2>
Build target 'FireContorl'
assembling startup_fm33le0xx.s...
compiling mf_config.c...
compiling main.c...
compiling spi.c...
compiling system_fm33le0xx.c...
compiling fm33le0xx_fl.c...
compiling fm33le0xx_fl_aes.c...
compiling fm33le0xx_fl_atim.c...
compiling fm33le0xx_fl_bstim32.c...
compiling fm33le0xx_fl_comp.c...
compiling fm33le0xx_fl_crc.c...
compiling fm33le0xx_fl_divas.c...
compiling fm33le0xx_fl_dma.c...
compiling fm33le0xx_fl_exti.c...
compiling fm33le0xx_fl_flash.c...
compiling fm33le0xx_fl_gpio.c...
compiling fm33le0xx_fl_gptim.c...
compiling fm33le0xx_fl_i2c.c...
compiling fm33le0xx_fl_iwdt.c...
compiling fm33le0xx_fl_lcd.c...
compiling fm33le0xx_fl_lptim32.c...
compiling fm33le0xx_fl_lpuart.c...
compiling fm33le0xx_fl_pmu.c...
compiling fm33le0xx_fl_rcc.c...
compiling fm33le0xx_fl_rng.c...
compiling fm33le0xx_fl_rtc.c...
compiling fm33le0xx_fl_spi.c...
compiling fm33le0xx_fl_svd.c...
compiling fm33le0xx_fl_u7816.c...
compiling fm33le0xx_fl_uart.c...
compiling fm33le0xx_fl_wwdt.c...
compiling fm33le0xx_fl_i2csmb.c...
compiling fm33le0xx_fl_adc.c...
compiling led.c...
compiling timer.c...
compiling parameter.c...
compiling button_function.c...
compiling debug.c...
compiling I2C.c...
compiling system_control.c...
linking...
Program Size: Code=25776 RO-data=804 RW-data=1188 ZI-data=5732  
FromELF: creating hex file...
".\Objects\FireControl.axf" - 0 Error(s), 0 Warning(s).

<h2>Collection of Component include folders:</h2>
  G:\xiaofang\fm33le0_xf\MDK-ARM\RTE
  C:\Keil_v5\ARM\PACK\FMSH\FM33LE0XX_DFP\0.0.4

<h2>Collection of Component Files used:</h2>
</pre>
</body>
</html>
